src/App.tsx(15,26): error TS2459: Module '"./components/SpaceSync"' declares 'Space' locally, but it is not exported.
src/App.tsx(19,1): error TS6133: 'HomePage' is declared but its value is never read.
src/App.tsx(43,32): error TS2307: Cannot find module '@/spaces/investisseur/pages/VeilleSettingsPage' or its corresponding type declarations.
src/App.tsx(44,24): error TS2307: Cannot find module '@/spaces/investisseur/pages/VeillePage' or its corresponding type declarations.
src/App.tsx(45,30): error TS2307: Cannot find module '@/spaces/investisseur/pages/VeilleMarchePage' or its corresponding type declarations.
src/App.tsx(248,8): error TS2741: Property 'currentSpace' is missing in type '{ setCurrentSpace: Dispatch<any>; }' but required in type 'SpaceSyncProps'.
src/app/_unused/router.tsx(3,22): error TS2307: Cannot find module '../pages/HomePage' or its corresponding type declarations.
src/app/_unused/router.tsx(6,31): error TS2307: Cannot find module '../spaces/particulier/ParticulierLayout' or its corresponding type declarations.
src/app/_unused/router.tsx(7,28): error TS2307: Cannot find module '../spaces/marchand/MarchandLayout' or its corresponding type declarations.
src/app/_unused/router.tsx(8,29): error TS2307: Cannot find module '../spaces/promoteur/PromoteurLayout' or its corresponding type declarations.
src/app/_unused/router.tsx(9,26): error TS2307: Cannot find module '../spaces/banque/BanqueLayout' or its corresponding type declarations.
src/app/_unused/router.tsx(10,29): error TS2307: Cannot find module '../spaces/assurance/AssuranceLayout' or its corresponding type declarations.
src/app/_unused/router.tsx(13,33): error TS2307: Cannot find module '../spaces/particulier/pages/ParticulierHomePage' or its corresponding type declarations.
src/app/_unused/router.tsx(14,30): error TS2307: Cannot find module '../spaces/marchand/pages/MarchandHomePage' or its corresponding type declarations.
src/app/_unused/router.tsx(15,31): error TS2307: Cannot find module '../spaces/promoteur/pages/PromoteurHomePage' or its corresponding type declarations.
src/app/_unused/router.tsx(16,28): error TS2307: Cannot find module '../spaces/banque/pages/BanqueHomePage' or its corresponding type declarations.
src/app/_unused/router.tsx(17,31): error TS2307: Cannot find module '../spaces/assurance/pages/AssuranceHomePage' or its corresponding type declarations.
src/app/_unused/router.tsx(20,28): error TS2307: Cannot find module '../spaces/particulier/pages/Estimation' or its corresponding type declarations.
src/app/_unused/router.tsx(23,32): error TS2307: Cannot find module '../spaces/promoteur/Implantation2DPage' or its corresponding type declarations.
src/components/CadastreMap.tsx(5,3): error TS1484: 'PathOptions' is a type and must be imported using a type-only import when 'verbatimModuleSyntax' is enabled.
src/components/CadastreMap.tsx(169,18): error TS2345: Argument of type 'Map | null' is not assignable to parameter of type 'LayerGroup<any> | Map'.
  Type 'null' is not assignable to type 'LayerGroup<any> | Map'.
src/components/CadastreMap.tsx(199,19): error TS2345: Argument of type 'Map | null' is not assignable to parameter of type 'LayerGroup<any> | Map'.
  Type 'null' is not assignable to type 'LayerGroup<any> | Map'.
src/components/layouts/MainLayout.tsx(67,20): error TS2686: 'React' refers to a UMD global, but the current file is a module. Consider adding an import instead.
src/components/layouts/MainLayout.tsx(83,21): error TS2686: 'React' refers to a UMD global, but the current file is a module. Consider adding an import instead.
src/components/Sidebar.tsx(2,27): error TS7031: Binding element 'title' implicitly has an 'any' type.
src/components/Sidebar.tsx(2,34): error TS7031: Binding element 'items' implicitly has an 'any' type.
src/components/Sidebar.tsx(2,41): error TS7031: Binding element 'current' implicitly has an 'any' type.
src/components/Sidebar.tsx(2,50): error TS7031: Binding element 'onChange' implicitly has an 'any' type.
src/components/Sidebar.tsx(10,21): error TS7006: Parameter 'item' implicitly has an 'any' type.
src/components/smartscore/SmartScoreComparison.tsx(16,8): error TS2307: Cannot find module 'recharts' or its corresponding type declarations.
src/components/smartscore/SmartScoreSliders.tsx(10,6): error TS6196: 'Pillar' is declared but never used.
src/components/sourcing/index.ts(3,10): error TS2614: Module '"./SmartScorePanel"' has no exported member 'SmartScorePanel'. Did you mean to use 'import SmartScorePanel from "./SmartScorePanel"' instead?
src/components/sourcing/SmartScoreCard.tsx(16,8): error TS2307: Cannot find module '@/types/sourcing.types' or its corresponding type declarations.
src/components/sourcing/SmartScorePanel.tsx(17,33): error TS6196: 'SubscoreDetail' is declared but never used.
src/components/sourcing/SmartScorePanel.tsx(17,55): error TS2307: Cannot find module '../shared/services/banqueSmartscore' or its corresponding type declarations.
src/components/sourcing/SmartScorePanel.tsx(313,3): error TS6133: 'hints' is declared but its value is never read.
src/components/Topbar.tsx(75,48): error TS2345: Argument of type 'string' is not assignable to parameter of type 'Space'.
src/components/TopNav.tsx(3,10): error TS6133: 'Home' is declared but its value is never read.
src/features/admin/billing/services/invoices.service.ts(83,37): error TS2353: Object literal may only specify known properties, and 'recipient_user_id' does not exist in type 'Partial<Invoice>'.
src/features/admin/billing/services/quotes.service.ts(114,35): error TS2353: Object literal may only specify known properties, and 'recipient_user_id' does not exist in type 'Partial<Quote>'.
src/features/api/components/ApiStatusBadge.tsx(3,15): error TS2459: Module '"../member/apiMemberMock"' declares 'PlanEnvironment' locally, but it is not exported.
src/hooks/useSmartScore.ts(8,26): error TS2307: Cannot find module '@/lib/supabaseClient' or its corresponding type declarations.
src/hooks/useSmartScoreHooks.ts(7,26): error TS2307: Cannot find module '@/lib/supabaseClient' or its corresponding type declarations.
src/hooks/useSmartScoreHooks.ts(150,16): error TS7031: Binding element 'data' implicitly has an 'any' type.
src/hooks/useSmartScoreHooks.ts(155,15): error TS7006: Parameter 'e' implicitly has an 'any' type.
src/lib/access/accessContext.ts(2,26): error TS2307: Cannot find module '@/lib/supabase' or its corresponding type declarations.
src/lib/access/accessContext.ts(3,39): error TS2307: Cannot find module '@/lib/admin' or its corresponding type declarations.
src/lib/access/audit.ts(1,26): error TS2307: Cannot find module '@/lib/supabase' or its corresponding type declarations.
src/lib/access/consumption.ts(1,26): error TS2307: Cannot find module '@/lib/supabase' or its corresponding type declarations.
src/lib/billing/adminAnalytics.ts(1,26): error TS2307: Cannot find module '@/lib/supabase' or its corresponding type declarations.
src/lib/billing/adminAnalytics.ts(109,9): error TS6133: 'startOfLastMonth' is declared but its value is never read.
src/lib/billing/adminBilling.ts(1,36): error TS2307: Cannot find module '@/lib/access' or its corresponding type declarations.
src/lib/billing/adminBilling.ts(82,26): error TS2307: Cannot find module '@/lib/supabase' or its corresponding type declarations.
src/lib/billing/index.ts(48,3): error TS2305: Module '"./catalog"' has no exported member 'getPlanCatalogItem'.
src/lib/billing/index.ts(49,3): error TS2305: Module '"./catalog"' has no exported member 'getTokenPackCatalogItem'.
src/lib/billing/index.ts(50,3): error TS2305: Module '"./catalog"' has no exported member 'getStripePriceIdForPlan'.
src/lib/billing/index.ts(51,3): error TS2305: Module '"./catalog"' has no exported member 'getStripePriceIdForTokenPack'.
src/lib/billing/index.ts(56,3): error TS2724: '"./catalog"' has no exported member named 'PlanCatalogItem'. Did you mean 'PLAN_CATALOG'?
src/lib/billing/index.ts(57,3): error TS2724: '"./catalog"' has no exported member named 'TokenPackCatalogItem'. Did you mean 'TokenPackCatalogEntry'?
src/lib/billing/index.ts(63,3): error TS2305: Module '"./tokenLedger"' has no exported member 'applyTokenLedgerEntry'.
src/lib/billing/index.ts(65,3): error TS2724: '"./tokenLedger"' has no exported member named 'creditTokensForSubscriptionGrant'. Did you mean 'creditTokensForSubscription'?
src/lib/billing/index.ts(66,3): error TS2305: Module '"./tokenLedger"' has no exported member 'creditTokensForRefund'.
src/lib/billing/index.ts(69,3): error TS2305: Module '"./tokenLedger"' has no exported member 'getTokenLedgerTotals'.
src/lib/billing/index.ts(73,3): error TS2305: Module '"./tokenLedger"' has no exported member 'ApplyTokenLedgerEntryInput'.
src/lib/billing/index.ts(74,3): error TS2724: '"./tokenLedger"' has no exported member named 'TokenLedgerHistoryParams'. Did you mean 'getTokenLedgerHistory'?
src/lib/billing/index.ts(75,3): error TS2305: Module '"./tokenLedger"' has no exported member 'TokenLedgerTotals'.
src/lib/billing/index.ts(82,3): error TS2724: '"./subscriptions"' has no exported member named 'upsertBillingProfile'. Did you mean 'getBillingProfile'?
src/lib/billing/index.ts(83,3): error TS2305: Module '"./subscriptions"' has no exported member 'updateStripeCustomerForUser'.
src/lib/billing/index.ts(84,3): error TS2305: Module '"./subscriptions"' has no exported member 'updateSubscriptionStateForUser'.
src/lib/billing/index.ts(85,3): error TS2305: Module '"./subscriptions"' has no exported member 'clearSubscriptionForUser'.
src/lib/billing/index.ts(87,3): error TS2305: Module '"./subscriptions"' has no exported member 'getProfileMrrCents'.
src/lib/billing/index.ts(88,3): error TS2724: '"./subscriptions"' has no exported member named 'createStripeCheckoutSession'. Did you mean 'createCheckoutSession'?
src/lib/billing/index.ts(94,3): error TS2305: Module '"./invoices"' has no exported member 'upsertInvoiceRow'.
src/lib/billing/index.ts(95,3): error TS2305: Module '"./invoices"' has no exported member 'getInvoicesByUser'.
src/lib/billing/index.ts(96,3): error TS2305: Module '"./invoices"' has no exported member 'listAllInvoices'.
src/lib/billing/index.ts(97,3): error TS2305: Module '"./invoices"' has no exported member 'getInvoiceTotalsByUser'.
src/lib/billing/index.ts(101,3): error TS2305: Module '"./invoices"' has no exported member 'ListInvoicesParams'.
src/lib/billing/index.ts(102,3): error TS2305: Module '"./invoices"' has no exported member 'InvoiceTotalsByUser'.
src/lib/billing/index.ts(111,3): error TS2305: Module '"./adminAnalytics"' has no exported member 'getTopClients'.
src/lib/billing/index.ts(115,3): error TS2724: '"./adminAnalytics"' has no exported member named 'ListAdminUserBillingParams'. Did you mean 'listAdminUserBilling'?
src/lib/billing/invoices.ts(1,26): error TS2307: Cannot find module '@/lib/supabase' or its corresponding type declarations.
src/lib/billing/subscriptions.ts(1,26): error TS2307: Cannot find module '@/lib/supabase' or its corresponding type declarations.
src/lib/billing/tokenLedger.ts(1,26): error TS2307: Cannot find module '@/lib/supabase' or its corresponding type declarations.
src/pages/admin/FacturesPage.tsx(4,37): error TS6133: 'AlertCircle' is declared but its value is never read.
src/pages/admin/FacturesPage.tsx(11,3): error TS6133: 'updateInvoiceStatus' is declared but its value is never read.
src/pages/ApiBillingPage.tsx(5,10): error TS1484: 'BillingMode' is a type and must be imported using a type-only import when 'verbatimModuleSyntax' is enabled.
src/pages/ApiBillingPage.tsx(5,58): error TS1484: 'PlanTier' is a type and must be imported using a type-only import when 'verbatimModuleSyntax' is enabled.
src/pages/ApiBillingPage.tsx(150,24): error TS2739: Type 'ApiSubscriptionData' is missing the following properties from type 'ApiSubscription': nextRenewal, startedAt, cancelAtPeriodEnd
src/pages/ApiBillingPage.tsx(150,59): error TS2739: Type 'ApiUsageData' is missing the following properties from type 'ApiUsageStats': quotaRequests, resetDate, avgLatencyMs, successRate
src/pages/ApiDeveloperDashboardPage.tsx(139,24): error TS2739: Type 'ApiSubscriptionData' is missing the following properties from type 'ApiSubscription': nextRenewal, startedAt, cancelAtPeriodEnd
src/pages/ApiDeveloperDashboardPage.tsx(139,59): error TS2739: Type 'ApiUsageData' is missing the following properties from type 'ApiUsageStats': quotaRequests, resetDate, avgLatencyMs, successRate
src/pages/ApiKeysPage.tsx(487,26): error TS2739: Type 'ApiSubscriptionData' is missing the following properties from type 'ApiSubscription': nextRenewal, startedAt, cancelAtPeriodEnd
src/pages/ApiKeysPage.tsx(487,61): error TS2739: Type 'ApiUsageData' is missing the following properties from type 'ApiUsageStats': quotaRequests, resetDate, avgLatencyMs, successRate
src/pages/ApiPage.tsx(13,3): error TS6133: 'Database' is declared but its value is never read.
src/pages/ApiPage.tsx(341,26): error TS2739: Type 'ApiSubscriptionData' is missing the following properties from type 'ApiSubscription': nextRenewal, startedAt, cancelAtPeriodEnd
src/pages/ApiPage.tsx(341,61): error TS2739: Type 'ApiUsageData' is missing the following properties from type 'ApiUsageStats': quotaRequests, resetDate, avgLatencyMs, successRate
src/pages/investisseur/PipelinePageV4.tsx(14,33): error TS2307: Cannot find module '@/components/smartscore/SmartScoreExplainer' or its corresponding type declarations.
src/pages/investisseur/PipelinePageV4.tsx(15,29): error TS2307: Cannot find module '@/components/smartscore/SmartScoreGauge' or its corresponding type declarations.
src/pages/investisseur/PipelinePageV4.tsx(16,31): error TS2307: Cannot find module '@/components/smartscore/SmartScoreSliders' or its corresponding type declarations.
src/pages/investisseur/PipelinePageV4.tsx(17,34): error TS2307: Cannot find module '@/components/smartscore/SmartScoreComparison' or its corresponding type declarations.
src/pages/investisseur/PipelinePageV4.tsx(18,28): error TS2307: Cannot find module '@/components/smartscore/PipelineAlerts' or its corresponding type declarations.
src/pages/investisseur/PipelinePageV4.tsx(21,31): error TS2307: Cannot find module '@/hooks/useSmartScore' or its corresponding type declarations.
src/pages/investisseur/PipelinePageV4.tsx(26,8): error TS2307: Cannot find module '@/hooks/useSmartScoreHooks' or its corresponding type declarations.
src/pages/investisseur/PipelinePageV4.tsx(44,10): error TS6133: 'selectedDealId' is declared but its value is never read.
src/pages/investisseur/PipelinePageV4.tsx(44,26): error TS6133: 'setSelectedDealId' is declared but its value is never read.
src/pages/investisseur/PipelinePageV4.tsx(45,24): error TS6133: 'setSelectedDeal' is declared but its value is never read.
src/pages/investisseur/PipelinePageV4.tsx(66,5): error TS6133: 'recalculateWithWeights' is declared but its value is never read.
src/pages/investisseur/PipelinePageV4.tsx(86,13): error TS6133: 'alertCounts' is declared but its value is never read.
src/pages/investisseur/PipelinePageV4.tsx(96,5): error TS6133: 'removeSite' is declared but its value is never read.
src/pages/investisseur/PipelinePageV4.tsx(128,24): error TS7006: Parameter 'route' implicitly has an 'any' type.
src/pages/investisseur/PipelinePageV4.tsx(274,51): error TS7006: Parameter 's' implicitly has an 'any' type.
src/pages/investisseur/PipelinePageV4.tsx(281,50): error TS7006: Parameter 's' implicitly has an 'any' type.
src/pages/investisseur/PipelinePageV4.tsx(284,55): error TS7006: Parameter 's' implicitly has an 'any' type.
src/pages/investisseur/PipelinePageV4.tsx(289,51): error TS7006: Parameter 's' implicitly has an 'any' type.
src/pages/investisseur/PipelinePageV4.tsx(294,42): error TS7006: Parameter 's' implicitly has an 'any' type.
src/pages/investisseur/PipelinePageV4.tsx(305,35): error TS7006: Parameter '_weights' implicitly has an 'any' type.
src/pages/investisseur/PipelinePageV4.tsx(305,45): error TS7006: Parameter '_newScore' implicitly has an 'any' type.
src/pages/investisseur/PipelinePageV4.tsx(308,26): error TS7006: Parameter 'weights' implicitly has an 'any' type.
src/pages/investisseur/PipelinePageV4.tsx(308,35): error TS7006: Parameter 'label' implicitly has an 'any' type.
src/pages/investisseur/PipelinePageV4.tsx(341,45): error TS7006: Parameter 's' implicitly has an 'any' type.
src/pages/JetonsPage.tsx(3,8): error TS6133: 'React' is declared but its value is never read.
src/pages/JetonsPage.tsx(39,10): error TS6133: 'email' is declared but its value is never read.
src/pages/legal/CGUPage.tsx(51,7): error TS6133: 'OL' is declared but its value is never read.
src/pages/legal/CGVPage.tsx(5,11): error TS6196: 'Section' is declared but never used.
src/pages/LoginPage_integration_example.tsx(5,36): error TS2307: Cannot find module '@/components/AnimatedWaveBackground' or its corresponding type declarations.
src/services/knowledgeGraph/knowledgeGraph.providers.ts(16,26): error TS2307: Cannot find module '@/lib/supabaseClient' or its corresponding type declarations.
src/services/knowledgeGraph/knowledgeGraph.providers.ts(35,8): error TS2307: Cannot find module '@/services/knowledgeGraph' or its corresponding type declarations.
src/services/knowledgeGraph/resolvers/parcelResolver.ts(8,26): error TS2307: Cannot find module '@/lib/supabaseClient' or its corresponding type declarations.
src/services/knowledgeGraph/resolvers/pluResolver.ts(9,26): error TS2307: Cannot find module '@/lib/supabaseClient' or its corresponding type declarations.
src/services/mobility/mobilityClient.ts(12,26): error TS2307: Cannot find module '@/lib/supabaseClient' or its corresponding type declarations.
src/services/mobility/mobilityClient.ts(14,44): error TS2307: Cannot find module '@/spaces/copilot/types/copilot.types' or its corresponding type declarations.
src/services/mobility/mobilityScore.service.ts(12,3): error TS6196: 'TransportScoreRequest' is declared but never used.
src/services/mobility/mobilityScore.service.ts(13,3): error TS6196: 'TransportScoreResponse' is declared but never used.
src/services/mobility/mobilityScore.service.ts(124,26): error TS6133: 'groups' is declared but its value is never read.
src/services/opportunity/opportunityLocation.service.ts(13,40): error TS2307: Cannot find module '@/services/mobility/mobilityClient' or its corresponding type declarations.
src/services/opportunity/opportunityMarket.service.ts(11,26): error TS2307: Cannot find module '@/lib/supabase' or its corresponding type declarations.
src/services/opportunity/opportunityMarket.service.ts(12,38): error TS2307: Cannot find module '@/lib/dvfEstimateApi' or its corresponding type declarations.
src/services/opportunity/opportunityScanner.service.ts(14,35): error TS2307: Cannot find module '@/spaces/investisseur/services/marketRefresh' or its corresponding type declarations.
src/services/opportunity/opportunityScanner.service.ts(15,26): error TS2307: Cannot find module '@/lib/supabase' or its corresponding type declarations.
src/services/opportunity/opportunityWatch.service.ts(6,26): error TS2307: Cannot find module '@/lib/supabase' or its corresponding type declarations.
src/services/plu/pluFreshness.service.ts(12,26): error TS2307: Cannot find module '@/lib/supabase' or its corresponding type declarations.
src/services/plu/pluRegistry.service.ts(14,26): error TS2307: Cannot find module '@/lib/supabase' or its corresponding type declarations.
src/spaces/admin/components/AdminLayout.tsx(14,3): error TS6133: 'Ticket' is declared but its value is never read.
src/spaces/admin/pages/AdminCopilotPage.tsx(7,34): error TS6133: 'useRef' is declared but its value is never read.
src/spaces/admin/pages/AdminDashboardPage.tsx(101,15): error TS2339: Property 'lowStockAlerts' does not exist on type 'AdminDashboardMetrics'.
src/spaces/admin/pages/AdminDashboardPage.tsx(105,15): error TS2339: Property 'activeUsers' does not exist on type 'AdminDashboardMetrics'.
src/spaces/admin/pages/AdminDashboardPage.tsx(210,30): error TS2339: Property 'activeUsers' does not exist on type 'AdminDashboardMetrics'.
src/spaces/admin/pages/AdminDashboardPage.tsx(211,36): error TS2339: Property 'trialUsers' does not exist on type 'AdminDashboardMetrics'.
src/spaces/admin/pages/AdminDashboardPage.tsx(211,69): error TS2339: Property 'suspendedUsers' does not exist on type 'AdminDashboardMetrics'.
src/spaces/admin/pages/AdminDashboardPage.tsx(216,30): error TS2339: Property 'activeSubscriptions' does not exist on type 'AdminDashboardMetrics'.
src/spaces/admin/pages/AdminDashboardPage.tsx(222,40): error TS2339: Property 'estimatedMrrEur' does not exist on type 'AdminDashboardMetrics'.
src/spaces/admin/pages/AdminDashboardPage.tsx(228,30): error TS2339: Property 'openQuotes' does not exist on type 'AdminDashboardMetrics'.
src/spaces/admin/pages/AdminDashboardPage.tsx(229,36): error TS2339: Property 'wonQuotes' does not exist on type 'AdminDashboardMetrics'.
src/spaces/admin/pages/AdminDashboardPage.tsx(229,66): error TS2339: Property 'lostQuotes' does not exist on type 'AdminDashboardMetrics'.
src/spaces/admin/pages/AdminDashboardPage.tsx(234,30): error TS2339: Property 'tokensConsumed' does not exist on type 'AdminDashboardMetrics'.
src/spaces/admin/pages/AdminDashboardPage.tsx(240,30): error TS2339: Property 'lowStockAlerts' does not exist on type 'AdminDashboardMetrics'.
src/spaces/admin/pages/AdminDashboardPage.tsx(246,30): error TS2339: Property 'companies' does not exist on type 'AdminDashboardMetrics'.
src/spaces/admin/pages/AdminDashboardPage.tsx(252,40): error TS2339: Property 'estimatedAiCostEur' does not exist on type 'AdminDashboardMetrics'.
src/spaces/admin/pages/AdminDashboardPage.tsx(282,27): error TS2339: Property 'activeUsers' does not exist on type 'AdminDashboardMetrics'.
src/spaces/admin/pages/AdminDashboardPage.tsx(294,27): error TS2339: Property 'lowStockAlerts' does not exist on type 'AdminDashboardMetrics'.
src/spaces/admin/pages/AdminDashboardPage.tsx(306,46): error TS2339: Property 'estimatedMrrEur' does not exist on type 'AdminDashboardMetrics'.
src/spaces/admin/pages/Dashboard.tsx(32,3): error TS2353: Object literal may only specify known properties, and 'activeUsers' does not exist in type 'AdminDashboardMetrics'.
src/spaces/admin/pages/Dashboard.tsx(136,15): error TS2339: Property 'lowStockAlerts' does not exist on type 'AdminDashboardMetrics'.
src/spaces/admin/pages/Dashboard.tsx(137,15): error TS2339: Property 'activeUsers' does not exist on type 'AdminDashboardMetrics'.
src/spaces/admin/pages/Dashboard.tsx(258,37): error TS2339: Property 'activeUsers' does not exist on type 'AdminDashboardMetrics'.
src/spaces/admin/pages/Dashboard.tsx(259,43): error TS2339: Property 'trialUsers' does not exist on type 'AdminDashboardMetrics'.
src/spaces/admin/pages/Dashboard.tsx(259,83): error TS2339: Property 'suspendedUsers' does not exist on type 'AdminDashboardMetrics'.
src/spaces/admin/pages/Dashboard.tsx(265,37): error TS2339: Property 'activeSubscriptions' does not exist on type 'AdminDashboardMetrics'.
src/spaces/admin/pages/Dashboard.tsx(272,47): error TS2339: Property 'estimatedMrrEur' does not exist on type 'AdminDashboardMetrics'.
src/spaces/admin/pages/Dashboard.tsx(279,37): error TS2339: Property 'openQuotes' does not exist on type 'AdminDashboardMetrics'.
src/spaces/admin/pages/Dashboard.tsx(280,43): error TS2339: Property 'wonQuotes' does not exist on type 'AdminDashboardMetrics'.
src/spaces/admin/pages/Dashboard.tsx(280,80): error TS2339: Property 'lostQuotes' does not exist on type 'AdminDashboardMetrics'.
src/spaces/admin/pages/Dashboard.tsx(286,37): error TS2339: Property 'tokensConsumed' does not exist on type 'AdminDashboardMetrics'.
src/spaces/admin/pages/Dashboard.tsx(293,37): error TS2339: Property 'lowStockAlerts' does not exist on type 'AdminDashboardMetrics'.
src/spaces/admin/pages/Dashboard.tsx(300,37): error TS2339: Property 'companies' does not exist on type 'AdminDashboardMetrics'.
src/spaces/admin/pages/Dashboard.tsx(307,47): error TS2339: Property 'estimatedAiCostEur' does not exist on type 'AdminDashboardMetrics'.
src/spaces/admin/pages/Dashboard.tsx(337,47): error TS2339: Property 'activeUsers' does not exist on type 'AdminDashboardMetrics'.
src/spaces/admin/pages/Dashboard.tsx(347,47): error TS2339: Property 'lowStockAlerts' does not exist on type 'AdminDashboardMetrics'.
src/spaces/admin/pages/Dashboard.tsx(357,57): error TS2339: Property 'estimatedMrrEur' does not exist on type 'AdminDashboardMetrics'.
src/spaces/admin/pages/Parametres.tsx(15,17): error TS2345: Argument of type 'Promise<AdminSettings>' is not assignable to parameter of type 'SetStateAction<AdminSettings | null>'.
src/spaces/admin/services/adminStorage.ts(334,9): error TS2322: Type '{ id: string; full_name: string; email: string; role: AdminUserRole; status: AdminUserStatus; plan: AdminPlanType; tokens_remaining: number; monthly_quota: number | ... 1 more ... | undefined; created_at: string; company_name: string | null; }[]' is not assignable to type 'AdminUserRow[]'.
  Type '{ id: string; full_name: string; email: string; role: AdminUserRole; status: AdminUserStatus; plan: AdminPlanType; tokens_remaining: number; monthly_quota: number | ... 1 more ... | undefined; created_at: string; company_name: string | null; }' is not assignable to type 'AdminUserRow'.
    Types of property 'monthly_quota' are incompatible.
      Type 'number | null | undefined' is not assignable to type 'number | null'.
        Type 'undefined' is not assignable to type 'number | null'.
src/spaces/admin/services/adminStorage.ts(366,9): error TS2322: Type '{ id: string; user_id: string; plan: AdminPlanType; amount_ht_eur: number; interval: "month" | "custom" | "one-shot"; status: "active" | "canceled" | "pending"; quota_included: number | ... 1 more ... | undefined; renewal_date: string | ... 1 more ... | undefined; created_at: string; }[]' is not assignable to type 'AdminSubscriptionRow[]'.
  Type '{ id: string; user_id: string; plan: AdminPlanType; amount_ht_eur: number; interval: "month" | "custom" | "one-shot"; status: "active" | "canceled" | "pending"; quota_included: number | ... 1 more ... | undefined; renewal_date: string | ... 1 more ... | undefined; created_at: string; }' is not assignable to type 'AdminSubscriptionRow'.
    Types of property 'quota_included' are incompatible.
      Type 'number | null | undefined' is not assignable to type 'number | null'.
        Type 'undefined' is not assignable to type 'number | null'.
src/spaces/apporteur/pages/Dashboard.tsx(5,3): error TS6133: 'Handshake' is declared but its value is never read.
src/spaces/banque/__tests__/committee-engine.test.ts(3,50): error TS2307: Cannot find module 'vitest' or its corresponding type declarations.
src/spaces/banque/__tests__/committee-engine.test.ts(10,8): error TS2307: Cannot find module '../types' or its corresponding type declarations.
src/spaces/banque/adapters/manualOperationAdapter.ts(125,9): error TS6133: 'emp' is declared but its value is never read.
src/spaces/banque/adapters/normalizeEnrichedOperation.ts(81,7): error TS2353: Object literal may only specify known properties, and 'score' does not exist in type 'RiskItem[]'.
src/spaces/banque/adapters/normalizeEnrichedOperation.ts(99,55): error TS2339: Property 'dvf' does not exist on type 'OperationSummary'.
src/spaces/banque/adapters/normalizeEnrichedOperation.ts(193,61): error TS2339: Property 'dvf' does not exist on type 'OperationSummary'.
src/spaces/banque/adapters/normalizeEnrichedOperation.ts(193,100): error TS2339: Property 'dvf' does not exist on type 'OperationSummary'.
src/spaces/banque/adapters/normalizeEnrichedOperation.ts(194,71): error TS2339: Property 'dvf' does not exist on type 'OperationSummary'.
src/spaces/banque/adapters/normalizeEnrichedOperation.ts(404,20): error TS2339: Property 'score' does not exist on type 'RiskItem[]'.
src/spaces/banque/adapters/normalizeEnrichedOperation.ts(405,8): error TS2339: Property 'dvf' does not exist on type 'OperationSummary'.
src/spaces/banque/adapters/normalizeEnrichedOperation.ts(406,16): error TS2339: Property 'commune' does not exist on type 'OperationMarket'.
src/spaces/banque/alerts/Alertesdashboardwidget.tsx(13,33): error TS2307: Cannot find module '../shared/hooks/useBanqueAlerts' or its corresponding type declarations.
src/spaces/banque/alerts/Alertesdashboardwidget.tsx(14,15): error TS2459: Module '"../shared/services/banqueAlerts"' declares 'BanqueAlert' locally, but it is not exported.
src/spaces/banque/alerts/Alertesdashboardwidget.tsx(14,28): error TS2305: Module '"../shared/services/banqueAlerts"' has no exported member 'AlertSeverity'.
src/spaces/banque/alerts/Monitoringalerts.tsx(13,33): error TS2307: Cannot find module '../shared/hooks/useBanqueAlerts' or its corresponding type declarations.
src/spaces/banque/alerts/Monitoringalerts.tsx(14,15): error TS2459: Module '"../shared/services/banqueAlerts"' declares 'BanqueAlert' locally, but it is not exported.
src/spaces/banque/alerts/Monitoringalerts.tsx(14,28): error TS2305: Module '"../shared/services/banqueAlerts"' has no exported member 'AlertSeverity'.
src/spaces/banque/alerts/Monitoringalerts.tsx(15,10): error TS2305: Module '"../shared/services/banqueAlerts"' has no exported member 'getAvailableRuleKeys'.
src/spaces/banque/alerts/Monitoringalerts.tsx(129,40): error TS18046: 'd' is of type 'unknown'.
src/spaces/banque/alerts/Monitoringalerts.tsx(129,56): error TS18046: 'd' is of type 'unknown'.
src/spaces/banque/alerts/Monitoringalerts.tsx(129,66): error TS18046: 'd' is of type 'unknown'.
src/spaces/banque/alerts/Monitoringalerts.tsx(137,21): error TS7006: Parameter 'r' implicitly has an 'any' type.
src/spaces/banque/alerts/Monitoringalerts.tsx(365,31): error TS7006: Parameter 'alert' implicitly has an 'any' type.
src/spaces/banque/alerts/Usebanquealerts.ts(20,8): error TS2307: Cannot find module '../services/banqueAlerts' or its corresponding type declarations.
src/spaces/banque/alerts/Usebanquealerts.ts(85,31): error TS7006: Parameter 'a' implicitly has an 'any' type.
src/spaces/banque/alerts/Usebanquealerts.ts(88,31): error TS7006: Parameter 'a' implicitly has an 'any' type.
src/spaces/banque/alerts/Usebanquealerts.ts(91,31): error TS7006: Parameter 'a' implicitly has an 'any' type.
src/spaces/banque/alerts/Usebanquealerts.ts(94,31): error TS7006: Parameter 'a' implicitly has an 'any' type.
src/spaces/banque/alerts/Usebanquealerts.ts(96,31): error TS7006: Parameter 'a' implicitly has an 'any' type.
src/spaces/banque/alerts/Usebanquealerts.ts(101,10): error TS7006: Parameter 'a' implicitly has an 'any' type.
src/spaces/banque/alerts/Usetriggeralerts.ts(16,37): error TS2307: Cannot find module '../services/banqueAlerts' or its corresponding type declarations.
src/spaces/banque/committee/committeeEngine.ts(283,9): error TS6133: 'marketScore' is declared but its value is never read.
src/spaces/banque/committee/committeeEngine.ts(696,38): error TS6133: 'marketStudy' is declared but its value is never read.
src/spaces/banque/committee/committeeEngine.ts(963,38): error TS6133: 'marketStudy' is declared but its value is never read.
src/spaces/banque/components/committee/CommitteeDevRaw.tsx(2,1): error TS6133: 'React' is declared but its value is never read.
src/spaces/banque/components/committee/CommitteeOverview.tsx(2,8): error TS6133: 'React' is declared but its value is never read.
src/spaces/banque/components/committee/CommitteePanel.tsx(1,8): error TS6133: 'React' is declared but its value is never read.
src/spaces/banque/components/committee/CommitteePanel.tsx(27,3): error TS6133: 'enrichedAt' is declared but its value is never read.
src/spaces/banque/components/committee/CommitteePanel.tsx(63,12): error TS2741: Property 'operation' is missing in type '{ committee: CommitteeData; }' but required in type '{ committee: CommitteeData; operation: any; }'.
src/spaces/banque/components/committee/CommitteePanel.tsx(95,48): error TS2322: Type '{ operation: any; committee: CommitteeData; }' is not assignable to type 'IntrinsicAttributes & { operation: any; }'.
  Property 'committee' does not exist on type 'IntrinsicAttributes & { operation: any; }'.
src/spaces/banque/components/committee/CommitteeSectionLocalization.tsx(2,1): error TS6133: 'React' is declared but its value is never read.
src/spaces/banque/components/committee/CommitteeSectionMarket.tsx(2,8): error TS6133: 'React' is declared but its value is never read.
src/spaces/banque/components/committee/CommitteeSectionMarket.tsx(3,26): error TS2307: Cannot find module '@/lib/supabaseClient' or its corresponding type declarations.
src/spaces/banque/components/committee/CommitteeSectionReport.tsx(2,8): error TS6133: 'React' is declared but its value is never read.
src/spaces/banque/components/committee/CommitteeSectionRisks.tsx(2,1): error TS6133: 'React' is declared but its value is never read.
src/spaces/banque/components/committee/CommitteeSettingsModal.tsx(1,8): error TS6133: 'React' is declared but its value is never read.
src/spaces/banque/config/required-documents.ts(3,34): error TS2307: Cannot find module '../types' or its corresponding type declarations.
src/spaces/banque/context/DossierCommitteeContext.tsx(12,38): error TS6196: 'CommitteeCondition' is declared but never used.
src/spaces/banque/context/DossierCommitteeContext.tsx(89,41): error TS2554: Expected 0 arguments, but got 2.
src/spaces/banque/context/DossierCommitteeContext.tsx(92,5): error TS2783: 'dossier' is specified more than once, so this usage will be overwritten.
src/spaces/banque/hooks/useBanqueSnapshot.ts(13,37): error TS2307: Cannot find module '../types/banque.types' or its corresponding type declarations.
src/spaces/banque/hooks/useBanqueSnapshot.ts(47,44): error TS7006: Parameter 'a' implicitly has an 'any' type.
src/spaces/banque/hooks/useCommitteeWorkflow.ts(12,8): error TS2307: Cannot find module '../types' or its corresponding type declarations.
src/spaces/banque/hooks/useCommitteeWorkflow.ts(184,66): error TS7006: Parameter 'c' implicitly has an 'any' type.
src/spaces/banque/hooks/useDueDiligence.ts(43,9): error TS6133: 'persist' is declared but its value is never read.
src/spaces/banque/hooks/useSmartScore.ts(63,63): error TS2345: Argument of type 'SmartScoreInput' is not assignable to parameter of type 'Record<string, unknown>'.
  Index signature for type 'string' is missing in type 'SmartScoreInput'.
src/spaces/banque/hooks/useSmartScore.ts(201,9): error TS6133: 'equity' is declared but its value is never read.
src/spaces/banque/index.ts(42,8): error TS2307: Cannot find module './types/banque.types' or its corresponding type declarations.
src/spaces/banque/index.ts(84,8): error TS2307: Cannot find module './selectors/banqueSelectors' or its corresponding type declarations.
src/spaces/banque/index.ts(92,8): error TS2307: Cannot find module './selectors/banqueSelectors' or its corresponding type declarations.
src/spaces/banque/pages/Alertes.tsx(4,7): error TS6133: 'ACCENT_FIN' is declared but its value is never read.
src/spaces/banque/pages/AnalysePage.tsx(505,26): error TS2339: Property 'score' does not exist on type 'RiskItem[]'.
src/spaces/banque/pages/AnalysePage.tsx(507,24): error TS2339: Property 'score' does not exist on type 'RiskItem[]'.
src/spaces/banque/pages/AnalysePage.tsx(515,11): error TS2339: Property 'hasInondation' does not exist on type 'RiskItem[]'.
src/spaces/banque/pages/AnalysePage.tsx(518,11): error TS2339: Property 'hasSismique' does not exist on type 'RiskItem[]'.
src/spaces/banque/pages/AnalysePage.tsx(521,18): error TS2339: Property 'nbRisques' does not exist on type 'RiskItem[]'.
src/spaces/banque/pages/AnalysePage.tsx(521,48): error TS2339: Property 'nbRisques' does not exist on type 'RiskItem[]'.
src/spaces/banque/pages/AnalysePage.tsx(522,28): error TS2339: Property 'nbRisques' does not exist on type 'RiskItem[]'.
src/spaces/banque/pages/AnalysePage.tsx(522,45): error TS2339: Property 'hasInondation' does not exist on type 'RiskItem[]'.
src/spaces/banque/pages/AnalysePage.tsx(522,75): error TS2339: Property 'hasSismique' does not exist on type 'RiskItem[]'.
src/spaces/banque/pages/AnalysePage.tsx(854,31): error TS6133: 'refresh' is declared but its value is never read.
src/spaces/banque/pages/AnalysePage.tsx(915,61): error TS2339: Property 'urbanism' does not exist on type 'OperationSummary'.
src/spaces/banque/pages/AnalysePage.tsx(952,9): error TS6133: 'topRisks' is declared but its value is never read.
src/spaces/banque/pages/AnalysePage.tsx(1510,23): error TS2339: Property 'dvf' does not exist on type 'OperationSummary'.
src/spaces/banque/pages/AnalysePage.tsx(1510,55): error TS2339: Property 'commune' does not exist on type 'OperationMarket'.
src/spaces/banque/pages/AnalysePage.tsx(1517,26): error TS2339: Property 'dvf' does not exist on type 'OperationSummary'.
src/spaces/banque/pages/AnalysePage.tsx(1523,81): error TS2339: Property 'dvf' does not exist on type 'OperationSummary'.
src/spaces/banque/pages/AnalysePage.tsx(1527,88): error TS2339: Property 'dvf' does not exist on type 'OperationSummary'.
src/spaces/banque/pages/AnalysePage.tsx(1531,92): error TS2339: Property 'dvf' does not exist on type 'OperationSummary'.
src/spaces/banque/pages/AnalysePage.tsx(1535,90): error TS2339: Property 'dvf' does not exist on type 'OperationSummary'.
src/spaces/banque/pages/AnalysePage.tsx(1535,138): error TS2339: Property 'dvf' does not exist on type 'OperationSummary'.
src/spaces/banque/pages/AnalysePage.tsx(1539,30): error TS2339: Property 'dvf' does not exist on type 'OperationSummary'.
src/spaces/banque/pages/AnalysePage.tsx(1539,59): error TS2339: Property 'dvf' does not exist on type 'OperationSummary'.
src/spaces/banque/pages/AnalysePage.tsx(1553,40): error TS2339: Property 'dvf' does not exist on type 'OperationSummary'.
src/spaces/banque/pages/AnalysePage.tsx(1569,34): error TS2339: Property 'commune' does not exist on type 'OperationMarket'.
src/spaces/banque/pages/AnalysePage.tsx(1575,88): error TS2339: Property 'commune' does not exist on type 'OperationMarket'.
src/spaces/banque/pages/AnalysePage.tsx(1577,50): error TS2339: Property 'commune' does not exist on type 'OperationMarket'.
src/spaces/banque/pages/AnalysePage.tsx(1578,43): error TS2339: Property 'commune' does not exist on type 'OperationMarket'.
src/spaces/banque/pages/AnalysePage.tsx(1578,98): error TS2339: Property 'commune' does not exist on type 'OperationMarket'.
src/spaces/banque/pages/AnalysePage.tsx(1580,41): error TS2339: Property 'commune' does not exist on type 'OperationMarket'.
src/spaces/banque/pages/AnalysePage.tsx(1581,85): error TS2339: Property 'commune' does not exist on type 'OperationMarket'.
src/spaces/banque/pages/AnalysePage.tsx(1581,125): error TS2339: Property 'commune' does not exist on type 'OperationMarket'.
src/spaces/banque/pages/AnalysePage.tsx(1616,39): error TS2339: Property 'osmServices' does not exist on type 'OperationMarket'.
src/spaces/banque/pages/AnalysePage.tsx(1619,90): error TS2339: Property 'osmServices' does not exist on type 'OperationMarket'.
src/spaces/banque/pages/AnalysePage.tsx(1624,39): error TS2339: Property 'finess' does not exist on type 'OperationMarket'.
src/spaces/banque/pages/AnalysePage.tsx(1627,90): error TS2339: Property 'finess' does not exist on type 'OperationMarket'.
src/spaces/banque/pages/AnalysePage.tsx(1652,75): error TS2339: Property 'score' does not exist on type 'RiskItem[]'.
src/spaces/banque/pages/AnalysePage.tsx(1652,128): error TS2339: Property 'score' does not exist on type 'RiskItem[]'.
src/spaces/banque/pages/AnalysePage.tsx(1653,42): error TS2339: Property 'score' does not exist on type 'RiskItem[]'.
src/spaces/banque/pages/AnalysePage.tsx(1655,77): error TS2339: Property 'label' does not exist on type 'RiskItem[]'.
src/spaces/banque/pages/AnalysePage.tsx(1659,87): error TS2339: Property 'nbRisques' does not exist on type 'RiskItem[]'.
src/spaces/banque/pages/AnalysePage.tsx(1664,42): error TS2339: Property 'hasInondation' does not exist on type 'RiskItem[]'.
src/spaces/banque/pages/AnalysePage.tsx(1670,42): error TS2339: Property 'hasSismique' does not exist on type 'RiskItem[]'.
src/spaces/banque/pages/AnalysePage.tsx(1752,57): error TS2339: Property 'score' does not exist on type 'RiskItem[]'.
src/spaces/banque/pages/BanqueAnalyse.tsx(22,3): error TS6133: 'buildRiskSummary' is declared but its value is never read.
src/spaces/banque/pages/BanqueAnalyse.tsx(72,32): error TS2339: Property 'score' does not exist on type '{ available: boolean; global: number; subscores: { key: string; label: string; value: number; weight: number; }[]; computedAt: string | null; }'.
src/spaces/banque/pages/BanqueAnalyse.tsx(75,22): error TS2339: Property 'category' does not exist on type '{ key: string; label: string; value: number; weight: number; }'.
src/spaces/banque/pages/BanqueAnalyse.tsx(77,34): error TS2339: Property 'explanations' does not exist on type '{ available: boolean; global: number; subscores: { key: string; label: string; value: number; weight: number; }[]; computedAt: string | null; }'.
src/spaces/banque/pages/BanqueAnalyse.tsx(78,31): error TS2339: Property 'penalties' does not exist on type '{ available: boolean; global: number; subscores: { key: string; label: string; value: number; weight: number; }[]; computedAt: string | null; }'.
src/spaces/banque/pages/BanqueAnalyse.tsx(78,46): error TS7006: Parameter 'p' implicitly has an 'any' type.
src/spaces/banque/pages/BanqueAnalyse.tsx(120,51): error TS2339: Property 'text' does not exist on type 'RiskSummary'.
src/spaces/banque/pages/BanqueDashboard.tsx(56,93): error TS2538: Type 'DossierHealth' cannot be used as an index type.
src/spaces/banque/pages/BanqueDashboard.tsx(57,12): error TS2367: This comparison appears to be unintentional because the types 'DossierHealth' and 'string' have no overlap.
src/spaces/banque/pages/BanqueDashboard.tsx(57,42): error TS2367: This comparison appears to be unintentional because the types 'DossierHealth' and 'string' have no overlap.
src/spaces/banque/pages/BanqueDashboard.tsx(57,78): error TS2367: This comparison appears to be unintentional because the types 'DossierHealth' and 'string' have no overlap.
src/spaces/banque/pages/BanqueDashboard.tsx(63,93): error TS2339: Property 'filledCount' does not exist on type 'CompletenessResult'.
src/spaces/banque/pages/BanqueDashboard.tsx(63,121): error TS2339: Property 'totalCount' does not exist on type 'CompletenessResult'.
src/spaces/banque/pages/BanqueDashboard.tsx(64,67): error TS2339: Property 'score' does not exist on type '{ available: boolean; global: number; subscores: { key: string; label: string; value: number; weight: number; }[]; computedAt: string | null; }'.
src/spaces/banque/pages/BanqueDashboard.tsx(64,107): error TS2339: Property 'penalties' does not exist on type '{ available: boolean; global: number; subscores: { key: string; label: string; value: number; weight: number; }[]; computedAt: string | null; }'.
src/spaces/banque/pages/BanqueDashboard.tsx(65,54): error TS2339: Property 'verdict' does not exist on type 'RiskSummary'.
src/spaces/banque/pages/BanqueDashboard.tsx(65,104): error TS2339: Property 'presentCount' does not exist on type 'RiskSummary'.
src/spaces/banque/pages/BanqueDashboard.tsx(66,84): error TS2339: Property 'obtainedCount' does not exist on type 'GuaranteesSummary'.
src/spaces/banque/pages/BanqueDashboard.tsx(66,119): error TS2339: Property 'requestedCount' does not exist on type 'GuaranteesSummary'.
src/spaces/banque/pages/BanqueDashboard.tsx(66,167): error TS2339: Property 'ltv' does not exist on type 'GuaranteesSummary'.
src/spaces/banque/pages/BanqueDashboard.tsx(66,198): error TS2339: Property 'ltv' does not exist on type 'GuaranteesSummary'.
src/spaces/banque/pages/BanqueDashboard.tsx(73,63): error TS2339: Property 'text' does not exist on type 'MarketSummary'.
src/spaces/banque/pages/BanqueDashboard.tsx(97,30): error TS7006: Parameter 'alert' implicitly has an 'any' type.
src/spaces/banque/pages/BanqueDashboard.tsx(124,27): error TS2339: Property 'explanations' does not exist on type '{ available: boolean; global: number; subscores: { key: string; label: string; value: number; weight: number; }[]; computedAt: string | null; }'.
src/spaces/banque/pages/BanqueDashboard.tsx(127,31): error TS2339: Property 'explanations' does not exist on type '{ available: boolean; global: number; subscores: { key: string; label: string; value: number; weight: number; }[]; computedAt: string | null; }'.
src/spaces/banque/pages/BanqueDashboard.tsx(127,49): error TS7006: Parameter 'ex' implicitly has an 'any' type.
src/spaces/banque/pages/BanqueDashboard.tsx(127,53): error TS7006: Parameter 'i' implicitly has an 'any' type.
src/spaces/banque/pages/BanqueDecision.tsx(44,5): error TS6133: 'marketSummary' is declared but its value is never read.
src/spaces/banque/pages/BanqueDecision.tsx(117,27): error TS2339: Property 'verdict' does not exist on type 'RiskSummary'.
src/spaces/banque/pages/BanqueDecision.tsx(121,28): error TS2339: Property 'presentCount' does not exist on type 'RiskSummary'.
src/spaces/banque/pages/BanqueDecision.tsx(121,67): error TS2339: Property 'unknownCount' does not exist on type 'RiskSummary'.
src/spaces/banque/pages/BanqueDecision.tsx(129,38): error TS2339: Property 'obtainedCount' does not exist on type 'GuaranteesSummary'.
src/spaces/banque/pages/BanqueDecision.tsx(129,73): error TS2339: Property 'requestedCount' does not exist on type 'GuaranteesSummary'.
src/spaces/banque/pages/BanqueDecision.tsx(133,75): error TS2339: Property 'ltv' does not exist on type 'GuaranteesSummary'.
src/spaces/banque/pages/ComitePage.tsx(185,7): error TS6133: 'fmt' is declared but its value is never read.
src/spaces/banque/pages/ComitePage.tsx(529,16): error TS6133: 'computeReportSourceHash' is declared but its value is never read.
src/spaces/banque/pages/ComitePage.tsx(692,3): error TS6133: 'contentBottom' is declared but its value is never read.
src/spaces/banque/pages/ComitePage.tsx(692,26): error TS6133: 'newContentPage' is declared but its value is never read.
src/spaces/banque/pages/ComitePage.tsx(843,11): error TS18048: 'marketScore' is possibly 'undefined'.
src/spaces/banque/pages/ComitePage.tsx(844,16): error TS18048: 'marketScore' is possibly 'undefined'.
src/spaces/banque/pages/ComitePage.tsx(845,16): error TS18048: 'marketScore' is possibly 'undefined'.
src/spaces/banque/pages/ComitePage.tsx(1025,25): error TS2367: This comparison appears to be unintentional because the types '"B" | "C" | "D" | "E"' and '"A+"' have no overlap.
src/spaces/banque/pages/ComitePage.tsx(1027,25): error TS2367: This comparison appears to be unintentional because the types '"E"' and '"D+"' have no overlap.
src/spaces/banque/pages/ComitePage.tsx(1507,11): error TS2322: Type 'string[][]' is not assignable to type '[string, string][]'.
  Type 'string[]' is not assignable to type '[string, string]'.
    Target requires 2 element(s) but source may have fewer.
src/spaces/banque/pages/ComitePage.tsx(1510,11): error TS2322: Type 'string[][]' is not assignable to type '[string, string][]'.
  Type 'string[]' is not assignable to type '[string, string]'.
    Target requires 2 element(s) but source may have fewer.
src/spaces/banque/pages/ComitePage.tsx(1558,31): error TS6133: 'refresh' is declared but its value is never read.
src/spaces/banque/pages/ComitePage.tsx(1598,45): error TS6133: 'forceNarrative' is declared but its value is never read.
src/spaces/banque/pages/DocumentsPage.tsx(3,8): error TS6133: 'React' is declared but its value is never read.
src/spaces/banque/pages/DocumentsPage.tsx(75,48): error TS2339: Property 'patchDoc' does not exist on type 'DossierCommitteeContextValue'.
src/spaces/banque/pages/Monitoring.tsx(17,3): error TS6133: 'upsertAlert' is declared but its value is never read.
src/spaces/banque/pages/Monitoring.tsx(23,8): error TS6133: 'AlertSeverity' is declared but its value is never read.
src/spaces/banque/pages/Monitoring.tsx(27,11): error TS6133: 'dossier' is declared but its value is never read.
src/spaces/banque/pages/Monitoring.tsx(50,51): error TS7006: Parameter 'r' implicitly has an 'any' type.
src/spaces/banque/pages/Monitoring.tsx(74,48): error TS7006: Parameter 'a' implicitly has an 'any' type.
src/spaces/banque/pages/Monitoring.tsx(89,32): error TS7006: Parameter 'a' implicitly has an 'any' type.
src/spaces/banque/pages/Monitoring.tsx(108,38): error TS7006: Parameter 'a' implicitly has an 'any' type.
src/spaces/banque/pages/Monitoring.tsx(123,49): error TS7006: Parameter 'rule' implicitly has an 'any' type.
src/spaces/banque/pages/Monitoring.tsx(180,46): error TS7053: Element implicitly has an 'any' type because expression of type 'any' can't be used to index type '{ critical: string; warning: string; info: string; }'.
src/spaces/banque/scoring/banqueSmartScoreUniversal.ts(20,8): error TS6133: 'ScoreProfile' is declared but its value is never read.
src/spaces/banque/scoring/banqueSmartScoreUniversal.ts(22,8): error TS6133: 'PillarConfig' is declared but its value is never read.
src/spaces/banque/scoring/banqueSmartScoreUniversal.ts(106,25): error TS6133: 'op' is declared but its value is never read.
src/spaces/banque/scoring/banqueSmartScoreUniversal.ts(329,87): error TS2339: Property 'score' does not exist on type 'never'.
src/spaces/banque/scoring/banqueSmartScoreUniversal.ts(633,21): error TS2339: Property 'field' does not exist on type 'MissingDataItem'.
src/spaces/banque/services/banqueCommitteeNarrative.service.ts(11,26): error TS2307: Cannot find module '@/lib/supabaseClient' or its corresponding type declarations.
src/spaces/banque/services/banqueEnrichOperation.service.ts(25,26): error TS2307: Cannot find module '@/lib/supabaseClient' or its corresponding type declarations.
src/spaces/banque/services/committee-engine.ts(10,8): error TS2307: Cannot find module '../types' or its corresponding type declarations.
src/spaces/banque/services/committee-engine.ts(30,16): error TS7006: Parameter 'd' implicitly has an 'any' type.
src/spaces/banque/services/committee-engine.ts(31,13): error TS7006: Parameter 'd' implicitly has an 'any' type.
src/spaces/banque/services/committee-engine.ts(36,16): error TS7006: Parameter 'd' implicitly has an 'any' type.
src/spaces/banque/services/committee-engine.ts(37,13): error TS7006: Parameter 'd' implicitly has an 'any' type.
src/spaces/banque/services/committee-engine.ts(79,6): error TS7006: Parameter 'sum' implicitly has an 'any' type.
src/spaces/banque/services/committee-engine.ts(79,11): error TS7006: Parameter 'g' implicitly has an 'any' type.
src/spaces/banque/services/committee-engine.ts(160,31): error TS7006: Parameter 'd' implicitly has an 'any' type.
src/spaces/banque/services/committee-engine.ts(160,65): error TS7006: Parameter 'd' implicitly has an 'any' type.
src/spaces/banque/services/committee-engine.ts(163,31): error TS7006: Parameter 'd' implicitly has an 'any' type.
src/spaces/banque/services/committee-engine.ts(163,73): error TS7006: Parameter 'd' implicitly has an 'any' type.
src/spaces/banque/services/committee-engine.ts(221,8): error TS7006: Parameter 'd' implicitly has an 'any' type.
src/spaces/banque/services/committee-engine.ts(236,8): error TS7006: Parameter 'd' implicitly has an 'any' type.
src/spaces/banque/services/dossier-committee-service.ts(4,3): error TS2300: Duplicate identifier 'BanqueDossier'.
src/spaces/banque/services/dossier-committee-service.ts(5,3): error TS2300: Duplicate identifier 'BanqueSnapshot'.
src/spaces/banque/services/dossier-committee-service.ts(11,8): error TS2307: Cannot find module '../types' or its corresponding type declarations.
src/spaces/banque/services/dossier-committee-service.ts(112,44): error TS7006: Parameter 'd' implicitly has an 'any' type.
src/spaces/banque/services/dossier-committee-service.ts(149,37): error TS7006: Parameter 'd' implicitly has an 'any' type.
src/spaces/banque/services/dossier-committee-service.ts(164,46): error TS7006: Parameter 'd' implicitly has an 'any' type.
src/spaces/banque/services/dossier-committee-service.ts(167,34): error TS7006: Parameter 'd' implicitly has an 'any' type.
src/spaces/banque/services/dossier-committee-service.ts(167,37): error TS7006: Parameter 'i' implicitly has an 'any' type.
src/spaces/banque/services/dossier-committee-service.ts(180,42): error TS7006: Parameter 'd' implicitly has an 'any' type.
src/spaces/banque/services/dossier-committee-service.ts(192,47): error TS7006: Parameter 'g' implicitly has an 'any' type.
src/spaces/banque/services/dossier-committee-service.ts(195,35): error TS7006: Parameter 'g' implicitly has an 'any' type.
src/spaces/banque/services/dossier-committee-service.ts(195,38): error TS7006: Parameter 'i' implicitly has an 'any' type.
src/spaces/banque/services/dossier-committee-service.ts(208,44): error TS7006: Parameter 'g' implicitly has an 'any' type.
src/spaces/banque/services/dossier-committee-service.ts(232,41): error TS7006: Parameter 'c' implicitly has an 'any' type.
src/spaces/banque/services/dossier-committee-service.ts(276,34): error TS7006: Parameter 'd' implicitly has an 'any' type.
src/spaces/banque/services/dossier-committee-service.ts(285,46): error TS7006: Parameter 'd' implicitly has an 'any' type.
src/spaces/banque/services/dossier-committee-service.ts(299,15): error TS2300: Duplicate identifier 'BanqueDossier'.
src/spaces/banque/services/dossier-committee-service.ts(299,30): error TS2300: Duplicate identifier 'BanqueSnapshot'.
src/spaces/banque/shared/banqueSnapshot.store.ts(2,3): error TS2305: Module '"./types/banque.types"' has no exported member 'BanqueProject'.
src/spaces/banque/shared/banqueSnapshot.store.ts(3,3): error TS2305: Module '"./types/banque.types"' has no exported member 'BanqueStoreState'.
src/spaces/banque/shared/banqueSnapshot.store.ts(4,3): error TS2305: Module '"./types/banque.types"' has no exported member 'BanqueAlert'.
src/spaces/banque/shared/banqueSnapshot.store.ts(5,3): error TS2305: Module '"./types/banque.types"' has no exported member 'BanqueStatut'.
src/spaces/banque/shared/banqueSnapshot.store.ts(6,3): error TS2305: Module '"./types/banque.types"' has no exported member 'BanqueHistoryEntry'.
src/spaces/banque/shared/banqueSnapshot.store.ts(40,37): error TS7006: Parameter 'p' implicitly has an 'any' type.
src/spaces/banque/shared/banqueSnapshot.store.ts(81,41): error TS7006: Parameter 'p' implicitly has an 'any' type.
src/spaces/banque/shared/banqueSnapshot.store.ts(91,43): error TS7006: Parameter 'p' implicitly has an 'any' type.
src/spaces/banque/shared/banqueSnapshot.store.ts(152,36): error TS7006: Parameter 'a' implicitly has an 'any' type.
src/spaces/banque/shared/index.ts(17,3): error TS2305: Module '"./types/banque.types"' has no exported member 'BanqueDossier'.
src/spaces/banque/shared/index.ts(18,3): error TS2305: Module '"./types/banque.types"' has no exported member 'BanqueDossierStatut'.
src/spaces/banque/shared/index.ts(19,3): error TS2305: Module '"./types/banque.types"' has no exported member 'BanqueTag'.
src/spaces/banque/shared/index.ts(20,3): error TS2305: Module '"./types/banque.types"' has no exported member 'RiskLevel'.
src/spaces/banque/shared/index.ts(21,3): error TS2305: Module '"./types/banque.types"' has no exported member 'BanqueRiskAnalysis'.
src/spaces/banque/shared/index.ts(22,3): error TS2305: Module '"./types/banque.types"' has no exported member 'RiskSubscore'.
src/spaces/banque/shared/index.ts(23,3): error TS2305: Module '"./types/banque.types"' has no exported member 'RiskItem'.
src/spaces/banque/shared/index.ts(24,3): error TS2305: Module '"./types/banque.types"' has no exported member 'BanqueGuarantees'.
src/spaces/banque/shared/index.ts(25,3): error TS2305: Module '"./types/banque.types"' has no exported member 'GuaranteeItem'.
src/spaces/banque/shared/index.ts(26,3): error TS2305: Module '"./types/banque.types"' has no exported member 'BanqueDocuments'.
src/spaces/banque/shared/index.ts(27,3): error TS2305: Module '"./types/banque.types"' has no exported member 'DocumentItem'.
src/spaces/banque/shared/index.ts(28,3): error TS2305: Module '"./types/banque.types"' has no exported member 'BanqueCommittee'.
src/spaces/banque/shared/index.ts(29,3): error TS2305: Module '"./types/banque.types"' has no exported member 'CommitteeDecision'.
src/spaces/banque/shared/index.ts(30,3): error TS2305: Module '"./types/banque.types"' has no exported member 'CommitteeTone'.
src/spaces/banque/shared/index.ts(31,3): error TS2305: Module '"./types/banque.types"' has no exported member 'CommitteeCondition'.
src/spaces/banque/shared/index.ts(32,3): error TS2305: Module '"./types/banque.types"' has no exported member 'BanqueMonitoring'.
src/spaces/banque/shared/index.ts(33,3): error TS2305: Module '"./types/banque.types"' has no exported member 'MonitoringAlert'.
src/spaces/banque/shared/index.ts(34,3): error TS2305: Module '"./types/banque.types"' has no exported member 'MonitoringRule'.
src/spaces/banque/shared/index.ts(35,3): error TS2305: Module '"./types/banque.types"' has no exported member 'AlertSeverity'.
src/spaces/banque/shared/index.ts(36,3): error TS2305: Module '"./types/banque.types"' has no exported member 'BanqueSmartScore'.
src/spaces/banque/shared/index.ts(37,3): error TS2305: Module '"./types/banque.types"' has no exported member 'SmartScoreSubscore'.
src/spaces/banque/shared/index.ts(38,3): error TS2305: Module '"./types/banque.types"' has no exported member 'ScorePenalty'.
src/spaces/banque/shared/index.ts(39,3): error TS2305: Module '"./types/banque.types"' has no exported member 'BanqueMarketData'.
src/spaces/banque/shared/index.ts(40,3): error TS2305: Module '"./types/banque.types"' has no exported member 'BanqueSnapshot'.
src/spaces/banque/shared/index.ts(41,3): error TS2305: Module '"./types/banque.types"' has no exported member 'BanqueModuleKey'.
src/spaces/banque/shared/selectors/banqueSelectors.ts(11,37): error TS2307: Cannot find module '../shared/types/banque.types' or its corresponding type declarations.
src/spaces/banque/shared/selectors/banqueSelectors.ts(163,35): error TS7006: Parameter 'i' implicitly has an 'any' type.
src/spaces/banque/shared/selectors/banqueSelectors.ts(164,37): error TS7006: Parameter 'i' implicitly has an 'any' type.
src/spaces/banque/shared/selectors/banqueSelectors.ts(165,34): error TS7006: Parameter 'i' implicitly has an 'any' type.
src/spaces/banque/shared/selectors/banqueSelectors.ts(187,32): error TS7006: Parameter 'acc' implicitly has an 'any' type.
src/spaces/banque/shared/selectors/banqueSelectors.ts(187,37): error TS7006: Parameter 's' implicitly has an 'any' type.
src/spaces/banque/shared/selectors/banqueSelectors.ts(290,42): error TS7006: Parameter 's' implicitly has an 'any' type.
src/spaces/banque/shared/selectors/banqueSelectors.ts(329,57): error TS7006: Parameter 'a' implicitly has an 'any' type.
src/spaces/banque/shared/selectors/banqueSelectors.ts(370,57): error TS7006: Parameter 'a' implicitly has an 'any' type.
src/spaces/banque/shared/services/banqueAlerts.ts(1,15): error TS2305: Module '"../types/banque.types"' has no exported member 'BanqueAlert'.
src/spaces/banque/shared/services/banqueAlerts.ts(1,28): error TS2305: Module '"../types/banque.types"' has no exported member 'BanqueProject'.
src/spaces/banque/shared/services/banqueAlerts.ts(3,10): error TS2724: '"./banqueSmartscore"' has no exported member named 'computeSmartScore'. Did you mean 'computeBankSmartScore'?
src/spaces/banque/shared/services/banqueAlerts.ts(30,46): error TS7006: Parameter 's' implicitly has an 'any' type.
src/spaces/banque/shared/services/banqueDossier.service.ts(1,15): error TS2305: Module '"../types/banque.types"' has no exported member 'BanqueProject'.
src/spaces/banque/shared/services/banqueDossier.service.ts(1,30): error TS2305: Module '"../types/banque.types"' has no exported member 'BanqueDossierGenerated'.
src/spaces/banque/shared/services/banqueDossier.service.ts(1,54): error TS2305: Module '"../types/banque.types"' has no exported member 'DossierTone'.
src/spaces/banque/shared/services/banqueDossier.service.ts(20,50): error TS7006: Parameter 's' implicitly has an 'any' type.
src/spaces/banque/shared/services/banqueDossier.service.ts(21,52): error TS7006: Parameter 's' implicitly has an 'any' type.
src/spaces/banque/shared/services/banqueDossier.service.ts(60,45): error TS7006: Parameter 's' implicitly has an 'any' type.
src/spaces/banque/shared/services/banqueDossier.service.ts(65,75): error TS7006: Parameter 's' implicitly has an 'any' type.
src/spaces/banque/shared/services/banqueDossier.service.ts(68,49): error TS7006: Parameter 's' implicitly has an 'any' type.
src/spaces/banque/shared/services/banqueDossier.service.ts(69,49): error TS7006: Parameter 's' implicitly has an 'any' type.
src/spaces/banque/shared/ui/components/DossierCard.tsx(2,15): error TS2305: Module '"../../types/banque.types"' has no exported member 'BanqueProject'.
src/spaces/banque/shared/ui/components/DossierCard.tsx(3,10): error TS2305: Module '"../../types/banque.types"' has no exported member 'BANQUE_STATUT_LABELS'.
src/spaces/banque/shared/ui/components/DossierCard.tsx(3,32): error TS2305: Module '"../../types/banque.types"' has no exported member 'BANQUE_STATUT_COLORS'.
src/spaces/banque/shared/ui/components/DossierCard.tsx(4,10): error TS2305: Module '"../../services/banqueSmartscore"' has no exported member 'scoreColor'.
src/spaces/banque/shared/ui/components/ScoreBars.tsx(1,15): error TS2305: Module '"../../types/banque.types"' has no exported member 'BanqueSmartScore'.
src/spaces/banque/shared/ui/components/ScoreBars.tsx(2,10): error TS2305: Module '"../../services/banqueSmartscore"' has no exported member 'scoreColor'.
src/spaces/banque/shared/ui/components/ScoreBars.tsx(2,22): error TS2305: Module '"../../services/banqueSmartscore"' has no exported member 'scoreLabel'.
src/spaces/banque/shared/ui/components/ScoreBars.tsx(19,36): error TS7006: Parameter 'sub' implicitly has an 'any' type.
src/spaces/banque/store/banqueSnapshot.store.ts(31,8): error TS2307: Cannot find module '../types/banque.types' or its corresponding type declarations.
src/spaces/banque/store/banqueSnapshot.store.ts(151,3): error TS2578: Unused '@ts-expect-error' directive.
src/spaces/banque/store/banqueSnapshot.store.ts(283,60): error TS7006: Parameter 'd' implicitly has an 'any' type.
src/spaces/banque/store/banqueSnapshot.store.ts(285,8): error TS7006: Parameter 'r' implicitly has an 'any' type.
src/spaces/banque/store/banqueSnapshot.store.ts(308,63): error TS7006: Parameter 'g' implicitly has an 'any' type.
src/spaces/banque/store/banqueSnapshot.store.ts(310,16): error TS7006: Parameter 'g' implicitly has an 'any' type.
src/spaces/banque/store/banqueSnapshot.store.ts(311,13): error TS7006: Parameter 'g' implicitly has an 'any' type.
src/spaces/banque/store/banqueSnapshot.store.ts(396,49): error TS7006: Parameter 'a' implicitly has an 'any' type.
src/spaces/banque/store/banqueSnapshot.store.ts(412,46): error TS7006: Parameter 'a' implicitly has an 'any' type.
src/spaces/banque/store/banqueSnapshot.store.ts(426,59): error TS7006: Parameter 'a' implicitly has an 'any' type.
src/spaces/banque/utils/banqueCalcUtils.ts(415,3): error TS6133: 'snap' is declared but its value is never read.
src/spaces/banque/utils/generateReportPdf.ts(15,3): error TS6196: 'PillarResult' is declared but never used.
src/spaces/banque/utils/generateReportPdf.ts(73,10): error TS6133: 'fmtDate' is declared but its value is never read.
src/spaces/copilot/components/CopilotEmptyState.tsx(128,5): error TS2322: Type 'CopilotMode' is not assignable to type '"quick" | "advanced" | undefined'.
  Type '"report"' is not assignable to type '"quick" | "advanced" | undefined'.
src/spaces/copilot/lib/copilotClient.ts(7,26): error TS2307: Cannot find module '@/lib/supabase' or its corresponding type declarations.
src/spaces/copilot/lib/copilotClient.ts(20,5): error TS1294: This syntax is not allowed when 'erasableSyntaxOnly' is enabled.
src/spaces/copilot/lib/copilotClient.ts(22,5): error TS1294: This syntax is not allowed when 'erasableSyntaxOnly' is enabled.
src/spaces/copilot/lib/copilotClient.ts(129,5): error TS2783: 'vertical' is specified more than once, so this usage will be overwritten.
src/spaces/copilot/lib/copilotClient.ts(130,5): error TS2783: 'route' is specified more than once, so this usage will be overwritten.
src/spaces/copilot/lib/streamParser.ts(12,15): error TS1294: This syntax is not allowed when 'erasableSyntaxOnly' is enabled.
src/spaces/investisseur/components/analyse/AnalysePredictivePanel.tsx(1,8): error TS6133: 'React' is declared but its value is never read.
src/spaces/investisseur/components/analyse/DueDiligencePanel.tsx(15,8): error TS6133: 'React' is declared but its value is never read.
src/spaces/investisseur/components/analyse/MarcheRisquesPanel.tsx(343,114): error TS18047: 'dvf' is possibly 'null'.
src/spaces/investisseur/components/analyse/MarcheRisquesPanel.tsx(344,109): error TS18047: 'bpe' is possibly 'null'.
src/spaces/investisseur/components/analyse/MarcheRisquesPanel.tsx(355,272): error TS2322: Type 'unknown' is not assignable to type 'ReactNode'.
src/spaces/investisseur/components/analyse/MarcheRisquesPanel.tsx(370,119): error TS2339: Property 'score_v2' does not exist on type 'BpeData'.
src/spaces/investisseur/components/analyse/MarcheRisquesPanel.tsx(403,17): error TS2339: Property 'is_urban' does not exist on type 'TransportData'.
src/spaces/investisseur/components/analyse/MarcheRisquesPanel.tsx(408,15): error TS2339: Property 'is_urban' does not exist on type 'TransportData'.
src/spaces/investisseur/components/analyse/MarcheRisquesPanel.tsx(446,70): error TS2339: Property 'score_v2' does not exist on type 'BpeData'.
src/spaces/investisseur/components/analyse/MarcheRisquesPanel.tsx(446,199): error TS2339: Property 'score_v2' does not exist on type 'BpeData'.
src/spaces/investisseur/components/analyse/MarcheRisquesPanel.tsx(469,989): error TS2322: Type 'unknown' is not assignable to type 'ReactNode'.
src/spaces/investisseur/components/analyse/MarcheRisquesPanel.tsx(472,7): error TS2322: Type 'unknown' is not assignable to type 'ReactNode'.
src/spaces/investisseur/components/analyse/MarcheRisquesPanel.tsx(473,7): error TS2322: Type 'unknown' is not assignable to type 'ReactNode'.
src/spaces/investisseur/components/analyse/PredictiveDriversCard.tsx(1,1): error TS6133: 'React' is declared but its value is never read.
src/spaces/investisseur/components/analyse/PredictiveExecutiveCard.tsx(1,1): error TS6133: 'React' is declared but its value is never read.
src/spaces/investisseur/components/analyse/PredictiveOperationImpactCard.tsx(1,1): error TS6133: 'React' is declared but its value is never read.
src/spaces/investisseur/components/analyse/PredictiveProjectionChart.tsx(1,8): error TS6133: 'React' is declared but its value is never read.
src/spaces/investisseur/components/analyse/PredictiveScenariosTable.tsx(1,1): error TS6133: 'React' is declared but its value is never read.
src/spaces/investisseur/components/analyse/PredictiveSummaryCard.tsx(1,1): error TS6133: 'React' is declared but its value is never read.
src/spaces/investisseur/components/analyse/RentabilitePanel.tsx(46,8): error TS6133: 'React' is declared but its value is never read.
src/spaces/investisseur/components/analyse/RentabilitePanel.tsx(229,12): error TS2352: Conversion of type 'ScenarioResults' to type 'Record<string, unknown>' may be a mistake because neither type sufficiently overlaps with the other. If this was intentional, convert the expression to 'unknown' first.
  Index signature for type 'string' is missing in type 'ScenarioResults'.
src/spaces/investisseur/components/analyse/RentabilitePanel.tsx(232,12): error TS2352: Conversion of type 'ScenarioResults' to type 'Record<string, unknown>' may be a mistake because neither type sufficiently overlaps with the other. If this was intentional, convert the expression to 'unknown' first.
  Index signature for type 'string' is missing in type 'ScenarioResults'.
src/spaces/investisseur/components/analyse/RentabilitePanel.tsx(235,12): error TS2352: Conversion of type 'ScenarioResults' to type 'Record<string, unknown>' may be a mistake because neither type sufficiently overlaps with the other. If this was intentional, convert the expression to 'unknown' first.
  Index signature for type 'string' is missing in type 'ScenarioResults'.
src/spaces/investisseur/components/analyse/RentabilitePanel.tsx(237,12): error TS2352: Conversion of type 'ScenarioResults' to type 'Record<string, unknown>' may be a mistake because neither type sufficiently overlaps with the other. If this was intentional, convert the expression to 'unknown' first.
  Index signature for type 'string' is missing in type 'ScenarioResults'.
src/spaces/investisseur/components/analyse/RentabilitePanel.tsx(239,12): error TS2352: Conversion of type 'ScenarioResults' to type 'Record<string, unknown>' may be a mistake because neither type sufficiently overlaps with the other. If this was intentional, convert the expression to 'unknown' first.
  Index signature for type 'string' is missing in type 'ScenarioResults'.
src/spaces/investisseur/components/analyse/RentabilitePanel.tsx(241,12): error TS2352: Conversion of type 'ScenarioResults' to type 'Record<string, unknown>' may be a mistake because neither type sufficiently overlaps with the other. If this was intentional, convert the expression to 'unknown' first.
  Index signature for type 'string' is missing in type 'ScenarioResults'.
src/spaces/investisseur/components/analyse/RentabilitePanel.tsx(253,7): error TS2322: Type 'string' is not assignable to type 'TaxRegime | undefined'.
src/spaces/investisseur/components/analyse/RentabilitePanel.tsx(254,7): error TS2740: Type 'Record<string, unknown>' is missing the following properties from type 'TaxConfig': vatMode, vatRatePct, vatRecoverablePct, dmtoEnabled, and 5 more.
src/spaces/investisseur/components/analyse/RentabilitePanel.tsx(575,30): error TS2339: Property 'execution' does not exist on type 'MarchandSnapshotV1'.
src/spaces/investisseur/components/analyse/SyntheseIAPanel.tsx(11,8): error TS6133: 'React' is declared but its value is never read.
src/spaces/investisseur/engine/strategyEngine.ts(197,30): error TS2345: Argument of type 'null' is not assignable to parameter of type 'number | undefined'.
src/spaces/investisseur/engine/strategyEngine.ts(210,26): error TS2345: Argument of type 'null' is not assignable to parameter of type 'number | undefined'.
src/spaces/investisseur/engine/strategyEngine.ts(298,7): error TS6133: 'monthCursor' is declared but its value is never read.
src/spaces/investisseur/hooks/useMarketVeille.ts(16,8): error TS2307: Cannot find module '@/lib/access' or its corresponding type declarations.
src/spaces/investisseur/pages/analyse/InvestisseurRisquesPanel.tsx(14,70): error TS1484: 'ErrorInfo' is a type and must be imported using a type-only import when 'verbatimModuleSyntax' is enabled.
src/spaces/investisseur/pages/analyse/InvestisseurRisquesPanel.tsx(14,81): error TS1484: 'ReactNode' is a type and must be imported using a type-only import when 'verbatimModuleSyntax' is enabled.
src/spaces/investisseur/pages/analyse/InvestisseurRisquesPanel.tsx(17,3): error TS6133: 'Search' is declared but its value is never read.
src/spaces/investisseur/pages/analyse/InvestisseurRisquesPanel.tsx(1019,9): error TS6133: 'GRAD' is declared but its value is never read.
src/spaces/investisseur/pages/analyse/InvestisseurRisquesPanel.tsx(1034,10): error TS6133: 'isSearchingParcel' is declared but its value is never read.
src/spaces/investisseur/pages/AnalysePage.tsx(15,8): error TS6133: 'React' is declared but its value is never read.
src/spaces/investisseur/pages/AnalysePage.tsx(26,3): error TS6196: 'MarcheRisquesSaved' is declared but never used.
src/spaces/investisseur/pages/AnalysePage.tsx(58,34): error TS2307: Cannot find module '@/spaces/shared/loadImageDataUrl' or its corresponding type declarations.
src/spaces/investisseur/pages/AnalysePage.tsx(63,7): error TS6133: 'GRAD_INV' is declared but its value is never read.
src/spaces/investisseur/pages/AnalysePage.tsx(64,7): error TS6133: 'ACCENT_INV' is declared but its value is never read.
src/spaces/investisseur/pages/AnalysePage.tsx(192,10): error TS6133: 'isObj' is declared but its value is never read.
src/spaces/investisseur/pages/AnalysePage.tsx(217,10): error TS6133: 'normalizeDecisionFromReport' is declared but its value is never read.
src/spaces/investisseur/pages/AnalysePage.tsx(256,10): error TS2678: Type '"nu_micro"' is not comparable to type 'FiscalRegime'.
src/spaces/investisseur/pages/AnalysePage.tsx(257,10): error TS2678: Type '"nu_reel"' is not comparable to type 'FiscalRegime'.
src/spaces/investisseur/pages/AnalysePage.tsx(258,10): error TS2678: Type '"none"' is not comparable to type 'FiscalRegime'.
src/spaces/investisseur/pages/AnalysePage.tsx(353,16): error TS6133: 'prefetchMarcheRisquesIfNeeded' is declared but its value is never read.
src/spaces/investisseur/pages/AnalysePage.tsx(545,10): error TS6133: 'injectSyntheseExpress' is declared but its value is never read.
src/spaces/investisseur/pages/AnalysePage.tsx(951,14): error TS7006: Parameter 'logo' implicitly has an 'any' type.
src/spaces/investisseur/pages/AnalysePage.tsx(952,15): error TS7006: Parameter 'err' implicitly has an 'any' type.
src/spaces/investisseur/pages/AnalysePage.tsx(954,14): error TS7006: Parameter 'cover' implicitly has an 'any' type.
src/spaces/investisseur/pages/AnalysePage.tsx(955,15): error TS7006: Parameter 'err' implicitly has an 'any' type.
src/spaces/investisseur/pages/AnalysePage.tsx(1143,5): error TS2353: Object literal may only specify known properties, and 'analyse_predictive' does not exist in type 'Record<AnalyseTab, string>'.
src/spaces/investisseur/pages/AnalysePage.tsx(1181,29): error TS2740: Type 'DealInputs' is missing the following properties from type 'DealInputs': fraisNotaire, fraisAgence, montantTravaux, loyerMensuelBrut, and 3 more.
src/spaces/investisseur/pages/AnalysePage.tsx(1209,10): error TS2367: This comparison appears to be unintentional because the types 'AnalyseTab' and '"analyse_predictive"' have no overlap.
src/spaces/investisseur/pages/AnalysePage.tsx(1218,13): error TS2322: Type '{ dealLabel: string; isAvailable: true; onGenerate: () => Promise<{ markdown: string; context: { wikimedia: null; }; }>; onExportPdf: (markdown: string) => void; pdfUrl: string | null; ... 4 more ...; exportContext: { ...; }; }' is not assignable to type 'IntrinsicAttributes & SyntheseIAPanelProps'.
  Property 'pdfUrl' does not exist on type 'IntrinsicAttributes & SyntheseIAPanelProps'.
src/spaces/investisseur/pages/deal-center/DealCenterPage.tsx(43,42): error TS2307: Cannot find module '../../../marchand/types/rentabilite.types' or its corresponding type declarations.
src/spaces/investisseur/pages/deal-center/exports/exportCommitteeReview.ts(9,6): error TS6133: 'PW' is declared but its value is never read.
src/spaces/investisseur/pages/deal-center/exports/exportCommitteeReview.ts(9,10): error TS6133: 'PH' is declared but its value is never read.
src/spaces/investisseur/pages/deal-center/exports/exportCommitteeReview.ts(9,18): error TS6133: 'MR' is declared but its value is never read.
src/spaces/investisseur/pages/deal-center/exports/exportCommitteeReview.ts(9,26): error TS6133: 'HDR_H' is declared but its value is never read.
src/spaces/investisseur/pages/deal-center/exports/exportCommitteeReview.ts(11,34): error TS6133: 'pill' is declared but its value is never read.
src/spaces/investisseur/pages/deal-center/exports/exportCommitteeReview.ts(11,72): error TS6133: 'alertBox' is declared but its value is never read.
src/spaces/investisseur/pages/deal-center/exports/exportCommitteeReview.ts(19,42): error TS2307: Cannot find module '../../../../marchand/types/rentabilite.types' or its corresponding type declarations.
src/spaces/investisseur/pages/deal-center/exports/exportCommitteeReview.ts(126,26): error TS2339: Property 'nom' does not exist on type 'MarchandDeal'.
src/spaces/investisseur/pages/deal-center/exports/exportCommitteeReview.ts(133,9): error TS6133: 'naCount' is declared but its value is never read.
src/spaces/investisseur/pages/deal-center/exports/exportDataConfidence.ts(13,34): error TS2307: Cannot find module '@/spaces/shared/loadImageDataUrl' or its corresponding type declarations.
src/spaces/investisseur/pages/deal-center/exports/exportDataConfidence.ts(85,27): error TS2339: Property 'dealsById' does not exist on type 'MarchandSnapshotV1'.
src/spaces/investisseur/pages/deal-center/exports/exportDataConfidence.ts(378,26): error TS2339: Property 'nom' does not exist on type 'MarchandDeal'.
src/spaces/investisseur/pages/deal-center/exports/exportDataConfidence.ts(611,11): error TS6133: 'cfg' is declared but its value is never read.
src/spaces/investisseur/pages/deal-center/exports/exportDataConfidence.ts(662,61): error TS2554: Expected 5-8 arguments, but got 9.
src/spaces/investisseur/pages/deal-center/exports/exportFinancialEngine.ts(12,6): error TS6133: 'PW' is declared but its value is never read.
src/spaces/investisseur/pages/deal-center/exports/exportFinancialEngine.ts(12,10): error TS6133: 'PH' is declared but its value is never read.
src/spaces/investisseur/pages/deal-center/exports/exportFinancialEngine.ts(12,18): error TS6133: 'MR' is declared but its value is never read.
src/spaces/investisseur/pages/deal-center/exports/exportFinancialEngine.ts(12,26): error TS6133: 'HDR_H' is declared but its value is never read.
src/spaces/investisseur/pages/deal-center/exports/exportFinancialEngine.ts(13,3): error TS6133: 'today' is declared but its value is never read.
src/spaces/investisseur/pages/deal-center/exports/exportFinancialEngine.ts(22,42): error TS2307: Cannot find module '../../../../marchand/types/rentabilite.types' or its corresponding type declarations.
src/spaces/investisseur/pages/deal-center/exports/exportFinancialEngine.ts(31,26): error TS2339: Property 'nom' does not exist on type 'MarchandDeal'.
src/spaces/investisseur/pages/deal-center/exports/exportFinancialEngine.ts(240,26): error TS2339: Property 'nom' does not exist on type 'MarchandDeal'.
src/spaces/investisseur/pages/deal-center/exports/exportInvestmentPack.ts(9,6): error TS6133: 'PW' is declared but its value is never read.
src/spaces/investisseur/pages/deal-center/exports/exportInvestmentPack.ts(9,10): error TS6133: 'PH' is declared but its value is never read.
src/spaces/investisseur/pages/deal-center/exports/exportInvestmentPack.ts(9,18): error TS6133: 'MR' is declared but its value is never read.
src/spaces/investisseur/pages/deal-center/exports/exportInvestmentPack.ts(9,26): error TS6133: 'HDR_H' is declared but its value is never read.
src/spaces/investisseur/pages/deal-center/exports/exportInvestmentPack.ts(10,3): error TS6133: 'today' is declared but its value is never read.
src/spaces/investisseur/pages/deal-center/exports/exportInvestmentPack.ts(11,34): error TS6133: 'pill' is declared but its value is never read.
src/spaces/investisseur/pages/deal-center/exports/exportInvestmentPack.ts(21,42): error TS2307: Cannot find module '../../../../marchand/types/rentabilite.types' or its corresponding type declarations.
src/spaces/investisseur/pages/deal-center/exports/exportInvestmentPack.ts(37,28): error TS2339: Property 'nom' does not exist on type 'MarchandDeal'.
src/spaces/investisseur/pages/deal-center/exports/exportPremiumPdf.utils.ts(9,34): error TS2307: Cannot find module '@/spaces/shared/loadImageDataUrl' or its corresponding type declarations.
src/spaces/investisseur/pages/deal-center/exports/exportQualification.ts(9,6): error TS6133: 'PW' is declared but its value is never read.
src/spaces/investisseur/pages/deal-center/exports/exportQualification.ts(9,10): error TS6133: 'PH' is declared but its value is never read.
src/spaces/investisseur/pages/deal-center/exports/exportQualification.ts(9,18): error TS6133: 'MR' is declared but its value is never read.
src/spaces/investisseur/pages/deal-center/exports/exportQualification.ts(9,26): error TS6133: 'HDR_H' is declared but its value is never read.
src/spaces/investisseur/pages/deal-center/exports/exportQualification.ts(9,45): error TS6133: 'FOOTER_Y' is declared but its value is never read.
src/spaces/investisseur/pages/deal-center/exports/exportQualification.ts(10,3): error TS6133: 'today' is declared but its value is never read.
src/spaces/investisseur/pages/deal-center/exports/exportQualification.ts(76,22): error TS2339: Property 'nom' does not exist on type 'MarchandDeal'.
src/spaces/investisseur/pages/deal-center/exports/exportZip.ts(7,24): error TS7016: Could not find a declaration file for module 'file-saver'. 'C:/Users/maigr/OneDrive/Bureau/mimmoza-front-v2/node_modules/file-saver/dist/FileSaver.min.js' implicitly has an 'any' type.
  Try `npm i --save-dev @types/file-saver` if it exists or add a new declaration (.d.ts) file containing `declare module 'file-saver';`
src/spaces/investisseur/pages/deal-center/exports/exportZip.ts(20,1): error TS6192: All imports in import declaration are unused.
src/spaces/investisseur/pages/deal-center/exports/exportZip.ts(27,42): error TS2307: Cannot find module '../../../../marchand/types/rentabilite.types' or its corresponding type declarations.
src/spaces/investisseur/pages/deal-center/exports/exportZip.ts(47,38): error TS6133: 'filename' is declared but its value is never read.
src/spaces/investisseur/pages/deal-center/exports/exportZip.ts(48,21): error TS2683: 'this' implicitly has type 'any' because it does not have a type annotation.
src/spaces/investisseur/pages/deal-center/exports/exportZip.ts(64,60): error TS6133: 'filename' is declared but its value is never read.
src/spaces/investisseur/pages/deal-center/exports/exportZip.ts(93,26): error TS2339: Property 'nom' does not exist on type 'MarchandDeal'.
src/spaces/investisseur/pages/deal-center/tabs/CommitteeReviewTab.tsx(30,42): error TS2307: Cannot find module '../../../../marchand/types/rentabilite.types' or its corresponding type declarations.
src/spaces/investisseur/pages/deal-center/tabs/CommitteeReviewTab.tsx(39,10): error TS6133: 'fmtPct' is declared but its value is never read.
src/spaces/investisseur/pages/deal-center/tabs/CommitteeReviewTab.tsx(448,9): error TS6133: 'base' is declared but its value is never read.
src/spaces/investisseur/pages/deal-center/tabs/DataConfidenceTab.tsx(55,9): error TS6133: 'hasRenta' is declared but its value is never read.
src/spaces/investisseur/pages/deal-center/tabs/DataConfidenceTab.tsx(229,3): error TS6133: 'rentaSaved' is declared but its value is never read.
src/spaces/investisseur/pages/deal-center/tabs/DataConfidenceTab.tsx(238,57): error TS2339: Property 'dvf' does not exist on type '{}'.
src/spaces/investisseur/pages/deal-center/tabs/DataConfidenceTab.tsx(241,5): error TS2739: Type '{ date: string; fraicheur: string; completude: string; fiabilite: string; }' is missing the following properties from type 'SourceMeta': name, origin, status
src/spaces/investisseur/pages/deal-center/tabs/DataConfidenceTab.tsx(250,5): error TS2739: Type '{ date: string; fraicheur: string; completude: string; fiabilite: string; }' is missing the following properties from type 'SourceMeta': name, origin, status
src/spaces/investisseur/pages/deal-center/tabs/DataConfidenceTab.tsx(261,5): error TS2739: Type '{ date: string; fraicheur: string; completude: string; fiabilite: string; }' is missing the following properties from type 'SourceMeta': name, origin, status
src/spaces/investisseur/pages/deal-center/tabs/ExportsTab.tsx(8,3): error TS6133: 'FileDown' is declared but its value is never read.
src/spaces/investisseur/pages/deal-center/tabs/ExportsTab.tsx(30,42): error TS2307: Cannot find module '../../../../marchand/types/rentabilite.types' or its corresponding type declarations.
src/spaces/investisseur/pages/deal-center/tabs/ExportsTab.tsx(220,10): error TS6133: 'useExportFn' is declared but its value is never read.
src/spaces/investisseur/pages/deal-center/tabs/ExportsTab.tsx(253,71): error TS6133: 'fmt' is declared but its value is never read.
src/spaces/investisseur/pages/deal-center/tabs/FinancialEngineTab.tsx(37,8): error TS2307: Cannot find module '../../../../marchand/types/rentabilite.types' or its corresponding type declarations.
src/spaces/investisseur/pages/deal-center/tabs/InvestmentPackTab.tsx(54,79): error TS2307: Cannot find module '../../../../marchand/types/rentabilite.types' or its corresponding type declarations.
src/spaces/investisseur/pages/execution/components/LotsBreakdown.tsx(3,34): error TS2307: Cannot find module '../../shared/travauxSimulation.types' or its corresponding type declarations.
src/spaces/investisseur/pages/execution/components/LotsBreakdown.tsx(142,39): error TS7006: Parameter 'line' implicitly has an 'any' type.
src/spaces/investisseur/pages/execution/components/LotsBreakdown.tsx(142,45): error TS7006: Parameter 'idx' implicitly has an 'any' type.
src/spaces/investisseur/pages/execution/components/PieceEditor.tsx(9,8): error TS2307: Cannot find module '../../shared/travauxSimulation.types' or its corresponding type declarations.
src/spaces/investisseur/pages/execution/components/PieceEditor.tsx(10,36): error TS2307: Cannot find module '../../services/travauxPricing.config' or its corresponding type declarations.
src/spaces/investisseur/pages/execution/components/PieceEditor.tsx(219,10): error TS7053: Element implicitly has an 'any' type because expression of type 'TravauxRange' can't be used to index type '{ eco: number; standard: number; premium: number; }'.
src/spaces/investisseur/pages/execution/components/PieceEditor.tsx(320,6): error TS7006: Parameter 'sum' implicitly has an 'any' type.
src/spaces/investisseur/pages/execution/components/PieceEditor.tsx(320,11): error TS7006: Parameter 'li' implicitly has an 'any' type.
src/spaces/investisseur/pages/execution/components/PieceResultList.tsx(8,8): error TS2307: Cannot find module '../../shared/travauxSimulation.types' or its corresponding type declarations.
src/spaces/investisseur/pages/execution/components/PieceResultList.tsx(9,36): error TS2307: Cannot find module '../../services/travauxPricing.config' or its corresponding type declarations.
src/spaces/investisseur/pages/execution/components/PieceResultList.tsx(68,23): error TS7053: Element implicitly has an 'any' type because expression of type 'TravauxRange' can't be used to index type '{ eco: number; standard: number; premium: number; }'.
src/spaces/investisseur/pages/execution/SimulationTravauxPage.tsx(34,8): error TS2307: Cannot find module '@/spaces/copilot/store/activeCopilotContext.store' or its corresponding type declarations.
src/spaces/investisseur/pages/execution/SimulationTravauxPage.tsx(86,10): error TS7053: Element implicitly has an 'any' type because expression of type 'TravauxRange' can't be used to index type 'PricingMeta'.
  Property 'standard' does not exist on type 'PricingMeta'.
src/spaces/investisseur/pages/execution/SimulationTravauxPage.tsx(125,46): error TS2551: Property 'deal' does not exist on type 'MarchandSnapshotV1'. Did you mean 'deals'?
src/spaces/investisseur/pages/execution/SimulationTravauxPage.tsx(127,48): error TS2339: Property 'rentabilite' does not exist on type 'MarchandDeal'.
src/spaces/investisseur/pages/execution/SimulationTravauxPage.tsx(127,69): error TS2339: Property 'rentabilite' does not exist on type 'MarchandSnapshotV1'.
src/spaces/investisseur/pages/execution/SimulationTravauxPage.tsx(243,7): error TS6133: 'SectionTitle' is declared but its value is never read.
src/spaces/investisseur/pages/execution/SimulationTravauxPage.tsx(310,68): error TS6133: 'accentLight' is declared but its value is never read.
src/spaces/investisseur/pages/execution/SimulationTravauxPage.tsx(310,81): error TS6133: 'accentDark' is declared but its value is never read.
src/spaces/investisseur/pages/execution/SimulationTravauxPage.tsx(569,33): error TS6133: 'totalWithBuffer' is declared but its value is never read.
src/spaces/investisseur/pages/execution/SimulationTravauxPage.tsx(813,11): error TS1117: An object literal cannot have multiple properties with the same name.
src/spaces/investisseur/pages/execution/SimulationTravauxPage.tsx(814,1): error TS1117: An object literal cannot have multiple properties with the same name.
src/spaces/investisseur/pages/VeilleMarchePage.tsx(499,69): error TS2339: Property 'price_m2' does not exist on type 'ListingExtended'.
src/spaces/investisseur/pages/VeilleMarchePage.tsx(613,11): error TS2352: Conversion of type 'MarketOpportunity[]' to type 'OpportunityItem[]' may be a mistake because neither type sufficiently overlaps with the other. If this was intentional, convert the expression to 'unknown' first.
  Type 'MarketOpportunity' is missing the following properties from type 'OpportunityItem': intro, price_position, price_drop_info, diffusion_info
src/spaces/investisseur/pages/VeilleMarchePage.tsx(678,3): error TS2353: Object literal may only specify known properties, and 'propertyTypeFilter' does not exist in type 'FetchMarketActiveListingsParams'.
src/spaces/investisseur/services/macroRates.service.ts(14,26): error TS2307: Cannot find module '@/lib/supabaseClient' or its corresponding type declarations.
src/spaces/investisseur/services/marketListings.ts(1,26): error TS2307: Cannot find module '@/lib/supabase' or its corresponding type declarations.
src/spaces/investisseur/services/marketRefresh.ts(1,26): error TS2307: Cannot find module '@/lib/supabase' or its corresponding type declarations.
src/spaces/investisseur/services/marketRefresh.ts(2,36): error TS2307: Cannot find module '@/lib/access' or its corresponding type declarations.
src/spaces/investisseur/services/marketRisk.service.ts(12,26): error TS2307: Cannot find module '@/lib/supabaseClient' or its corresponding type declarations.
src/spaces/investisseur/services/marketVeille.service.ts(1,26): error TS2307: Cannot find module '@/lib/supabase' or its corresponding type declarations.
src/spaces/investisseur/services/opportunities.service.ts(1,26): error TS2307: Cannot find module '@/lib/supabase' or its corresponding type declarations.
src/spaces/investisseur/services/predictive/predictive.engine.ts(130,3): error TS6133: 'rendementBrut' is declared but its value is never read.
src/spaces/investisseur/services/predictive/predictive.engine.ts(581,11): error TS6133: 'trendLabel' is declared but its value is never read.
src/spaces/investisseur/services/predictive/predictive.engine.ts(783,20): error TS6133: 'rawSpotPsm' is declared but its value is never read.
src/spaces/investisseur/services/veille.service.ts(1,26): error TS2307: Cannot find module '@/lib/supabase' or its corresponding type declarations.
src/spaces/investisseur/services/watchlists.service.ts(1,26): error TS2307: Cannot find module '@/lib/supabase' or its corresponding type declarations.
src/spaces/marchand/hooks/useTravauxImageRender.ts(346,15): error TS6133: 'imageBase64' is declared but its value is never read.
src/spaces/marchand/hooks/useTravauxImageRender.ts(364,32): error TS2769: No overload matches this call.
  Overload 1 of 2, '(iterable?: Iterable<TravauxZone> | null | undefined): Set<TravauxZone>', gave the following error.
    Argument of type 'string[]' is not assignable to parameter of type 'Iterable<TravauxZone>'.
      The types returned by '[Symbol.iterator]().next(...)' are incompatible between these types.
        Type 'IteratorResult<string, undefined>' is not assignable to type 'IteratorResult<TravauxZone, any>'.
          Type 'IteratorYieldResult<string>' is not assignable to type 'IteratorResult<TravauxZone, any>'.
            Type 'IteratorYieldResult<string>' is not assignable to type 'IteratorYieldResult<TravauxZone>'.
              Type 'string' is not assignable to type 'TravauxZone'.
  Overload 2 of 2, '(values?: readonly TravauxZone[] | null | undefined): Set<TravauxZone>', gave the following error.
    Argument of type 'string[]' is not assignable to parameter of type 'readonly TravauxZone[]'.
      Type 'string' is not assignable to type 'TravauxZone'.
src/spaces/marchand/MarchandLayout.tsx(3,1): error TS6133: 'React' is declared but its value is never read.
src/spaces/marchand/pages/AnalyseBien.tsx(3,8): error TS6133: 'React' is declared but its value is never read.
src/spaces/marchand/pages/AnalyseBien.tsx(10,8): error TS2305: Module '"../store/investisseurSnapshot.store"' has no exported member 'InvestisseurSnapshot'.
src/spaces/marchand/pages/AnalyseBien.tsx(94,18): error TS7006: Parameter 'prev' implicitly has an 'any' type.
src/spaces/marchand/pages/AnalyseBien.tsx(250,14): error TS7053: Element implicitly has an 'any' type because expression of type 'any' can't be used to index type '{ readonly GO: { readonly bg: "bg-emerald-50"; readonly border: "border-emerald-200"; readonly text: "text-emerald-700"; readonly label: "GO"; readonly icon: "Ô£à"; }; readonly GO_AVEC_RESERVES: { ...; }; readonly NO_GO: { ...; }; }'.
src/spaces/marchand/pages/AnalyseBien.tsx(279,26): error TS7006: Parameter 'pillar' implicitly has an 'any' type.
src/spaces/marchand/pages/AnalyseBien.tsx(300,40): error TS7006: Parameter 'd' implicitly has an 'any' type.
src/spaces/marchand/pages/AnalyseBien.tsx(300,43): error TS7006: Parameter 'i' implicitly has an 'any' type.
src/spaces/marchand/pages/AnalyseBien.tsx(335,21): error TS7006: Parameter 'item' implicitly has an 'any' type.
src/spaces/marchand/pages/AnalyseBien.tsx(336,25): error TS7053: Element implicitly has an 'any' type because expression of type 'any' can't be used to index type '{ readonly blocker: { readonly dot: "bg-red-500"; readonly text: "text-red-700"; readonly bg: "bg-red-50"; }; readonly warn: { readonly dot: "bg-amber-500"; readonly text: "text-amber-700"; readonly bg: "bg-amber-50"; }; readonly info: { ...; }; }'.
src/spaces/marchand/pages/Dashboard.tsx(1,8): error TS6133: 'React' is declared but its value is never read.
src/spaces/marchand/pages/DueDiligence.tsx(14,3): error TS6133: 'readMarchandSnapshot' is declared but its value is never read.
src/spaces/marchand/pages/DueDiligence.tsx(21,3): error TS6133: 'upsertItemsForDossier' is declared but its value is never read.
src/spaces/marchand/pages/Execution.tsx(280,16): error TS2345: Argument of type 'unknown[]' is not assignable to parameter of type 'SetStateAction<WorkTask[]>'.
  Type 'unknown[]' is not assignable to type 'WorkTask[]'.
    Type 'unknown' is not assignable to type 'WorkTask'.
src/spaces/marchand/pages/Execution.tsx(281,23): error TS2345: Argument of type 'unknown[]' is not assignable to parameter of type 'SetStateAction<TimelinePhase[]>'.
  Type 'unknown[]' is not assignable to type 'TimelinePhase[]'.
    Type 'unknown' is not assignable to type 'TimelinePhase'.
src/spaces/marchand/pages/Execution.tsx(558,62): error TS2339: Property 'label' does not exist on type 'MarchandDeal'.
src/spaces/marchand/pages/Exports.tsx(3,8): error TS6133: 'React' is declared but its value is never read.
src/spaces/marchand/pages/Financement.tsx(1,1): error TS6133: 'React' is declared but its value is never read.
src/spaces/marchand/pages/MarchandRentabilite.tsx(1,8): error TS6133: 'React' is declared but its value is never read.
src/spaces/marchand/pages/MarchandRentabilite.tsx(2,47): error TS6133: 'ShieldAlert' is declared but its value is never read.
src/spaces/marchand/pages/MarchandRentabilite.tsx(12,8): error TS6133: 'VatMode' is declared but its value is never read.
src/spaces/marchand/pages/MarchandRentabilite.tsx(118,10): error TS6133: 'Field' is declared but its value is never read.
src/spaces/marchand/pages/MarchandRentabilite.tsx(164,10): error TS6133: 'Select' is declared but its value is never read.
src/spaces/marchand/pages/MarchandRentabilite.tsx(248,9): error TS6133: 'handleRegime' is declared but its value is never read.
src/spaces/marchand/pages/MarchandRentabilite.tsx(297,9): error TS6133: 'computedPess' is declared but its value is never read.
src/spaces/marchand/pages/MarchandSortie.tsx(1,8): error TS6133: 'React' is declared but its value is never read.
src/spaces/marchand/pages/Qualification.tsx(3,8): error TS6133: 'React' is declared but its value is never read.
src/spaces/marchand/pages/Revente.tsx(1,1): error TS6133: 'React' is declared but its value is never read.
src/spaces/marchand/pages/ScoringHomePage.tsx(23,30): error TS2307: Cannot find module '../forms/SourcingForm' or its corresponding type declarations.
src/spaces/marchand/pages/ScoringHomePage.tsx(26,31): error TS2307: Cannot find module '../shared/hooks/useSmartScore' or its corresponding type declarations.
src/spaces/marchand/pages/ScoringHomePage.tsx(32,8): error TS2307: Cannot find module '../types/sourcing.types' or its corresponding type declarations.
src/spaces/marchand/pages/ScoringHomePage.tsx(40,8): error TS2307: Cannot find module '../utils/validators' or its corresponding type declarations.
src/spaces/marchand/pages/ScoringHomePage.tsx(42,38): error TS2307: Cannot find module '../selectors/propertySelectors' or its corresponding type declarations.
src/spaces/marchand/pages/Sortie.tsx(1,8): error TS6133: 'React' is declared but its value is never read.
src/spaces/marchand/pages/Sourcing.tsx(3,8): error TS6133: 'React' is declared but its value is never read.
src/spaces/marchand/pages/Synthese.tsx(1,1): error TS6133: 'React' is declared but its value is never read.
src/spaces/marchand/pages/Travaux.tsx(1,1): error TS6133: 'React' is declared but its value is never read.
src/spaces/marchand/questionnaire/QuestionnaireEngine.tsx(4,15): error TS2305: Module '"../store/investisseurSnapshot.store"' has no exported member 'InvestisseurSnapshot'.
src/spaces/marchand/questionnaire/questionnaireSchema.ts(3,1): error TS6192: All imports in import declaration are unused.
src/spaces/marchand/questionnaire/questionnaireSchema.ts(4,3): error TS2305: Module '"../store/investisseurSnapshot.store"' has no exported member 'PropertyType'.
src/spaces/marchand/questionnaire/questionnaireSchema.ts(5,3): error TS2305: Module '"../store/investisseurSnapshot.store"' has no exported member 'Financement'.
src/spaces/marchand/questionnaire/questionnaireSchema.ts(6,3): error TS2305: Module '"../store/investisseurSnapshot.store"' has no exported member 'Strategie'.
src/spaces/marchand/questionnaire/questionnaireSchema.ts(7,3): error TS2305: Module '"../store/investisseurSnapshot.store"' has no exported member 'InvestisseurSnapshot'.
src/spaces/marchand/scoring/smartScoreInvestisseur.ts(4,3): error TS2305: Module '"../store/investisseurSnapshot.store"' has no exported member 'InvestisseurSnapshot'.
src/spaces/marchand/scoring/smartScoreInvestisseur.ts(5,3): error TS2305: Module '"../store/investisseurSnapshot.store"' has no exported member 'SmartScoreResult'.
src/spaces/marchand/scoring/smartScoreInvestisseur.ts(6,3): error TS2305: Module '"../store/investisseurSnapshot.store"' has no exported member 'SmartScorePillar'.
src/spaces/marchand/scoring/smartScoreInvestisseur.ts(7,3): error TS2305: Module '"../store/investisseurSnapshot.store"' has no exported member 'MissingDataItem'.
src/spaces/marchand/scoring/smartScoreInvestisseur.ts(8,3): error TS2305: Module '"../store/investisseurSnapshot.store"' has no exported member 'Grade'.
src/spaces/marchand/scoring/smartScoreInvestisseur.ts(9,3): error TS2305: Module '"../store/investisseurSnapshot.store"' has no exported member 'Verdict'.
src/spaces/marchand/scoring/smartScoreInvestisseur.ts(424,3): error TS6133: 'snap' is declared but its value is never read.
src/spaces/marchand/scoring/sourcingSmartScore.engine.test.ts(15,44): error TS6133: 'vi' is declared but its value is never read.
src/spaces/marchand/scoring/sourcingSmartScore.engine.test.ts(15,54): error TS2307: Cannot find module 'vitest' or its corresponding type declarations.
src/spaces/marchand/services/enrichMarketToDueDiligence.service.ts(9,26): error TS2307: Cannot find module '@/lib/supabaseClient' or its corresponding type declarations.
src/spaces/marchand/services/enrichRisksToDueDiligence.service.ts(10,26): error TS2307: Cannot find module '@/lib/supabaseClient' or its corresponding type declarations.
src/spaces/marchand/services/enrichRisksToDueDiligence.service.ts(175,11): error TS6133: 'itCatnat' is declared but its value is never read.
src/spaces/marchand/services/enrichRisksToDueDiligence.service.ts(176,11): error TS6133: 'itRadon' is declared but its value is never read.
src/spaces/marchand/services/enrichRisksToDueDiligence.service.ts(207,11): error TS2322: Type '({ status: DDStatus; id: string; category: string; label: string; value: string | null; comment: string; updatedAt: string; } | { status: DDStatus; id: string; category: string; label: string; value: null; comment: string; updatedAt: string; })[]' is not assignable to type 'DueDiligenceItem[]'.
  Type '{ status: DDStatus; id: string; category: string; label: string; value: string | null; comment: string; updatedAt: string; } | { status: DDStatus; id: string; category: string; label: string; value: null; comment: string; updatedAt: string; }' is not assignable to type 'DueDiligenceItem'.
    Type '{ status: DDStatus; id: string; category: string; label: string; value: string | null; comment: string; updatedAt: string; }' is not assignable to type 'DueDiligenceItem'.
      Types of property 'category' are incompatible.
        Type 'string' is not assignable to type 'DDCategory'.
src/spaces/marchand/services/export.service.ts(126,41): error TS2322: Type 'ExportContextV1' is not assignable to type 'Record<string, unknown>'.
  Index signature for type 'string' is missing in type 'ExportContextV1'.
src/spaces/marchand/services/exportPdf.ts(422,29): error TS2339: Property 'getNumberOfPages' does not exist on type '{ events: PubSub; scaleFactor: number; pageSize: { width: number; getWidth: () => number; height: number; getHeight: () => number; }; pages: number[]; getEncryptor(objectId: number): (data: string) => string; }'.
src/spaces/marchand/services/exportPdf.ts(1627,10): error TS6133: 'buildCommunePage' is declared but its value is never read.
src/spaces/marchand/services/exportPdf.ts(2145,57): error TS1355: A 'const' assertions can only be applied to references to enum members, or string, number, boolean, array, or object literals.
src/spaces/marchand/services/exportPdf.ts(2146,57): error TS1355: A 'const' assertions can only be applied to references to enum members, or string, number, boolean, array, or object literals.
src/spaces/marchand/services/exportPdf.ts(2147,74): error TS1355: A 'const' assertions can only be applied to references to enum members, or string, number, boolean, array, or object literals.
src/spaces/marchand/services/exportPdf.ts(2171,33): error TS6133: 'm' is declared but its value is never read.
src/spaces/marchand/services/exportPdf.ts(2401,58): error TS1355: A 'const' assertions can only be applied to references to enum members, or string, number, boolean, array, or object literals.
src/spaces/marchand/services/exportPdf.ts(2402,58): error TS1355: A 'const' assertions can only be applied to references to enum members, or string, number, boolean, array, or object literals.
src/spaces/marchand/services/exportPdf.ts(2637,5): error TS2322: Type '{ content: string; styles: { fontStyle: string; textColor: (65 | 85 | 51)[] | (99 | 37 | 235)[]; fillColor: (255 | 239 | 246)[] | undefined; cellPadding: { top: number; bottom: number; left: number; right: number; }; }; }[][]' is not assignable to type 'RowInput[]'.
  Type '{ content: string; styles: { fontStyle: string; textColor: (65 | 85 | 51)[] | (99 | 37 | 235)[]; fillColor: (255 | 239 | 246)[] | undefined; cellPadding: { top: number; bottom: number; left: number; right: number; }; }; }[]' is not assignable to type 'RowInput'.
    Type '{ content: string; styles: { fontStyle: string; textColor: (65 | 85 | 51)[] | (99 | 37 | 235)[]; fillColor: (255 | 239 | 246)[] | undefined; cellPadding: { top: number; bottom: number; left: number; right: number; }; }; }[]' is not assignable to type 'CellInput[]'.
      Type '{ content: string; styles: { fontStyle: string; textColor: (65 | 85 | 51)[] | (99 | 37 | 235)[]; fillColor: (255 | 239 | 246)[] | undefined; cellPadding: { top: number; bottom: number; left: number; right: number; }; }; }' is not assignable to type 'CellInput'.
        Type '{ content: string; styles: { fontStyle: string; textColor: (65 | 85 | 51)[] | (99 | 37 | 235)[]; fillColor: (255 | 239 | 246)[] | undefined; cellPadding: { top: number; bottom: number; left: number; right: number; }; }; }' is not assignable to type 'CellDef'.
          The types of 'styles.fontStyle' are incompatible between these types.
            Type 'string' is not assignable to type 'FontStyle | undefined'.
src/spaces/marchand/services/investisseurEnrich.service.ts(1,15): error TS2305: Module '"../store/investisseurSnapshot.store"' has no exported member 'InvestisseurSnapshot'.
src/spaces/marchand/shared/marchandSnapshot.store.ts(10,8): error TS2307: Cannot find module '../modules/execution/services/travauxSimulation.types' or its corresponding type declarations.
src/spaces/marchand/store/investisseurSnapshot.store.ts(23,8): error TS2307: Cannot find module '@/spaces/investisseur/shared/investisseurSnapshot.store' or its corresponding type declarations.
src/spaces/marchand/store/investisseurSnapshot.store.ts(26,15): error TS2307: Cannot find module '@/spaces/investisseur/shared/investisseurSnapshot.store' or its corresponding type declarations.
src/spaces/particulier/pages/AbonnementPage.tsx(23,35): error TS2307: Cannot find module '@/spaces/admin/pages/Tarifs' or its corresponding type declarations.
src/spaces/particulier/pages/BudgetTravaux.tsx(1702,29): error TS6133: 'last' is declared but its value is never read.
src/spaces/particulier/pages/ComptePage.tsx(44,26): error TS2307: Cannot find module '@/lib/supabase' or its corresponding type declarations.
src/spaces/particulier/pages/ComptePage.tsx(46,37): error TS2307: Cannot find module '@/features/admin/billing/types' or its corresponding type declarations.
src/spaces/particulier/pages/ComptePage.tsx(50,8): error TS2307: Cannot find module '@/features/admin/billing/services/invoices.service' or its corresponding type declarations.
src/spaces/particulier/pages/ComptePage.tsx(54,8): error TS2307: Cannot find module '@/features/admin/billing/services/quotes.service' or its corresponding type declarations.
src/spaces/particulier/pages/ComptePage.tsx(55,50): error TS2307: Cannot find module '@/features/admin/billing/exportBillingPdf' or its corresponding type declarations.
src/spaces/particulier/pages/ComptePage.tsx(62,8): error TS2307: Cannot find module '@/features/admin/billing/helpers' or its corresponding type declarations.
src/spaces/particulier/pages/ComptePage.tsx(705,14): error TS7006: Parameter 'd' implicitly has an 'any' type.
src/spaces/particulier/pages/ComptePage.tsx(706,15): error TS7006: Parameter 'e' implicitly has an 'any' type.
src/spaces/particulier/pages/ComptePage.tsx(786,14): error TS7006: Parameter 'd' implicitly has an 'any' type.
src/spaces/particulier/pages/ComptePage.tsx(787,15): error TS7006: Parameter 'e' implicitly has an 'any' type.
src/spaces/particulier/pages/ConnexionPage.tsx(16,36): error TS2307: Cannot find module '@/components/backgrounds/AnimatedWaveBackground' or its corresponding type declarations.
src/spaces/particulier/pages/ConnexionPage.tsx(17,26): error TS2307: Cannot find module '@/lib/supabase' or its corresponding type declarations.
src/spaces/particulier/pages/Estimation.tsx(462,63): error TS2345: Argument of type '{ commune_insee: any; code_postal: string; scope: "commune" | "cp"; type_local: "Appartement" | "Maison"; pieces: number | null; months: number; limit: number; }' is not assignable to parameter of type 'DvfEstimateParams & { scope: "cp" | "commune"; limit?: number | undefined; }'.
  Property 'surface_m2' is missing in type '{ commune_insee: any; code_postal: string; scope: "commune" | "cp"; type_local: "Appartement" | "Maison"; pieces: number | null; months: number; limit: number; }' but required in type 'DvfEstimateParams'.
src/spaces/particulier/pages/Estimation.tsx(860,7): error TS6133: 'headerStyle' is declared but its value is never read.
src/spaces/particulier/pages/Estimation.tsx(869,7): error TS6133: 'kickerStyle' is declared but its value is never read.
src/spaces/particulier/pages/Estimation.tsx(876,7): error TS6133: 'titleStyle' is declared but its value is never read.
src/spaces/particulier/pages/Estimation.tsx(882,7): error TS6133: 'subtitleStyle' is declared but its value is never read.
src/spaces/particulier/pages/InscriptionPage.tsx(15,26): error TS2307: Cannot find module '@/lib/supabase' or its corresponding type declarations.
src/spaces/promoteur/bilan-promoteur/BilanPromoteurPage.tsx(22,10): error TS6133: 'GRAD_PRO' is declared but its value is never read.
src/spaces/promoteur/bilan-promoteur/BilanPromoteurPage.tsx(153,7): error TS6133: 'COEF_SDP' is declared but its value is never read.
src/spaces/promoteur/bilan-promoteur/BilanPromoteurPage.tsx(154,7): error TS6133: 'COEF_HABITABLE_COLLECTIF' is declared but its value is never read.
src/spaces/promoteur/bilan-promoteur/BilanPromoteurPage.tsx(155,7): error TS6133: 'COEF_HABITABLE_INDIVIDUEL' is declared but its value is never read.
src/spaces/promoteur/bilan-promoteur/BilanPromoteurPage.tsx(752,22): error TS2339: Property 'prix_moyen_dvf' does not exist on type 'PromoteurMarcheData'.
src/spaces/promoteur/bilan-promoteur/BilanPromoteurPage.tsx(807,40): error TS2339: Property 'nb_transactions' does not exist on type 'PromoteurMarcheData'.
src/spaces/promoteur/bilan-promoteur/BilanPromoteurPage.tsx(808,40): error TS2339: Property 'nb_programmes_concurrents' does not exist on type 'PromoteurMarcheData'.
src/spaces/promoteur/bilan-promoteur/BilanPromoteurPage.tsx(809,40): error TS2339: Property 'absorption_mensuelle' does not exist on type 'PromoteurMarcheData'.
src/spaces/promoteur/bilan-promoteur/BilanPromoteurPage.tsx(863,24): error TS2339: Property 'zone_plu' does not exist on type 'PromoteurPluData'.
src/spaces/promoteur/bilan-promoteur/BilanPromoteurPage.tsx(864,34): error TS2339: Property 'hauteur_max' does not exist on type 'PromoteurPluData'.
src/spaces/promoteur/bilan-promoteur/BilanPromoteurPage.tsx(865,27): error TS2339: Property 'cos' does not exist on type 'PromoteurPluData'.
src/spaces/promoteur/bilan-promoteur/BilanPromoteurPage.tsx(991,42): error TS2339: Property 'zonage_risque' does not exist on type 'PromoteurRisquesData'.
src/spaces/promoteur/bilan-promoteur/BilanPromoteurPage.tsx(994,32): error TS2339: Property 'zone_plu' does not exist on type 'PromoteurPluData'.
src/spaces/promoteur/bilan-promoteur/BilanPromoteurPage.tsx(994,72): error TS2339: Property 'cos' does not exist on type 'PromoteurPluData'.
src/spaces/promoteur/bilan-promoteur/BilanPromoteurPage.tsx(994,114): error TS2339: Property 'hauteur_max' does not exist on type 'PromoteurPluData'.
src/spaces/promoteur/bilan-promoteur/BilanPromoteurPage.tsx(994,165): error TS2339: Property 'pleine_terre_pct' does not exist on type 'PromoteurPluData'.
src/spaces/promoteur/bilan-promoteur/BilanPromoteurPage.tsx(996,353): error TS2339: Property 'nb_transactions' does not exist on type 'PromoteurMarcheData'.
src/spaces/promoteur/bilan-promoteur/BilanPromoteurPage.tsx(996,546): error TS2339: Property 'prix_moyen_dvf' does not exist on type 'PromoteurMarcheData'.
src/spaces/promoteur/bilan-promoteur/BilanPromoteurPage.tsx(996,738): error TS2339: Property 'nb_programmes_concurrents' does not exist on type 'PromoteurMarcheData'.
src/spaces/promoteur/bilan-promoteur/BilanPromoteurPage.tsx(996,814): error TS2339: Property 'absorption_mensuelle' does not exist on type 'PromoteurMarcheData'.
src/spaces/promoteur/bilan-promoteur/BilanPromoteurPage.tsx(1078,9): error TS6133: 'hasStoreData' is declared but its value is never read.
src/spaces/promoteur/bilan-promoteur/BilanPromoteurPage.tsx(1172,83): error TS6133: 'TVA' is declared but its value is never read.
src/spaces/promoteur/bilan-promoteur/BilanPromoteurPage.tsx(1175,24): error TS2503: Cannot find namespace 'ExcelJS'.
src/spaces/promoteur/bilan-promoteur/BilanPromoteurPage.tsx(1178,25): error TS2503: Cannot find namespace 'ExcelJS'.
src/spaces/promoteur/components/GeneratePromoteurSyntheseButton.tsx(8,15): error TS2305: Module '"../services/promoteurSynthese.types"' has no exported member 'ReportType'.
src/spaces/promoteur/components/Plan2DEditorPage.tsx(5,1): error TS6133: 'GeoJSON' is declared but its value is never read.
src/spaces/promoteur/components/Plan2DEditorPage.tsx(178,11): error TS2339: Property 'rect' does not exist on type 'PlanParking'.
src/spaces/promoteur/components/Plan2DEditorPage.tsx(178,25): error TS2339: Property 'rect' does not exist on type 'PlanParking'.
src/spaces/promoteur/components/Plan2DEditorPage.tsx(179,11): error TS2339: Property 'slotWidth' does not exist on type 'PlanParking'.
src/spaces/promoteur/components/Plan2DEditorPage.tsx(179,31): error TS2339: Property 'slotDepth' does not exist on type 'PlanParking'.
src/spaces/promoteur/components/Plan2DEditorPage.tsx(179,51): error TS2339: Property 'driveAisleWidth' does not exist on type 'PlanParking'.
src/spaces/promoteur/components/Plan2DEditorPage.tsx(303,9): error TS2322: Type 'ImplantationScenario[]' is not assignable to type 'ImplantationScenarioFull[]'.
  Type 'ImplantationScenario' is missing the following properties from type 'ImplantationScenarioFull': key, title, subtitle, parkings, and 14 more.
src/spaces/promoteur/components/Plan2DEditorPage.tsx(383,14): error TS2741: Property 'editor' is missing in type '{}' but required in type 'PlanToolbarProps'.
src/spaces/promoteur/components/PlanEditorCanvas.tsx(17,1): error TS6133: 'GeoJSON' is declared but its value is never read.
src/spaces/promoteur/components/PlanEditorCanvas.tsx(312,26): error TS6133: 'e' is declared but its value is never read.
src/spaces/promoteur/components/PlanToolbar.tsx(14,36): error TS2307: Cannot find module '../store/usePlanEditor' or its corresponding type declarations.
src/spaces/promoteur/components/PlanToolbar.tsx(15,33): error TS2307: Cannot find module '../store/usePlanEditor' or its corresponding type declarations.
src/spaces/promoteur/components/PluUploaderPanel.tsx(4,20): error TS2724: '"../../../lib/supabaseClient"' has no exported member named 'SUPABASE_URL'. Did you mean 'supabase'?
src/spaces/promoteur/components/PluUploaderPanel.tsx(4,34): error TS2459: Module '"../../../lib/supabaseClient"' declares 'SUPABASE_ANON_KEY' locally, but it is not exported.
src/spaces/promoteur/components/PromoteurStudyRequired.tsx(18,7): error TS6133: 'ACCENT_PRO' is declared but its value is never read.
src/spaces/promoteur/components/PromoteurSynthesePreview.tsx(28,15): error TS2305: Module '"../services/promoteurSynthese.types"' has no exported member 'ReportType'.
src/spaces/promoteur/components/PromoteurSynthesePreview.tsx(76,7): error TS2741: Property 'ANALYSE_INSUFFISANTE' is missing in type '{ GO: { bg: string; border: string; text: string; icon: React.ForwardRefExoticComponent<Omit<LucideProps, "ref"> & React.RefAttributes<SVGSVGElement>>; label: string; }; GO_CONDITION: { ...; }; NO_GO: { ...; }; }' but required in type 'Record<RecommendationType, { bg: string; border: string; text: string; icon: ComponentType<{ className?: string | undefined; }>; label: string; }>'.
src/spaces/promoteur/components/PromoteurSynthesePreview.tsx(202,9): error TS2741: Property 'ANALYSE_INSUFFISANTE' is missing in type '{ GO: string; GO_CONDITION: string; NO_GO: string; }' but required in type 'Record<RecommendationType, string>'.
src/spaces/promoteur/components/PromoteurSynthesePreview.tsx(296,9): error TS2741: Property 'NON_DETERMINABLE' is missing in type '{ CONFIRME: string; SOUS_RESERVE: string; IMPOSSIBLE: string; }' but required in type 'Record<"CONFIRME" | "SOUS_RESERVE" | "IMPOSSIBLE" | "NON_DETERMINABLE", string>'.
src/spaces/promoteur/components/PromoteurSynthesePreview.tsx(301,9): error TS2741: Property 'NON_DETERMINABLE' is missing in type '{ CONFIRME: string; SOUS_RESERVE: string; IMPOSSIBLE: string; }' but required in type 'Record<"CONFIRME" | "SOUS_RESERVE" | "IMPOSSIBLE" | "NON_DETERMINABLE", string>'.
src/spaces/promoteur/components/PromoteurSynthesePreview.tsx(339,19): error TS2367: This comparison appears to be unintentional because the types '"CONFORME" | "A_VERIFIER"' and '"LIMITE"' have no overlap.
src/spaces/promoteur/components/PromoteurSynthesePreview.tsx(345,19): error TS2367: This comparison appears to be unintentional because the types '"CONFORME" | "A_VERIFIER"' and '"LIMITE"' have no overlap.
src/spaces/promoteur/components/PromoteurSynthesePreview.tsx(543,54): error TS2339: Property 'foncier' does not exist on type '{ global: number; financier: number; marche: number; technique: number; risque: number; }'.
src/spaces/promoteur/components/PromoteurSynthesePreview.tsx(596,26): error TS2339: Property 'avertissements' does not exist on type '{ generatedAt: string; dataQualite: DataQualite; analyseSuffisante: boolean; version: string; }'.
src/spaces/promoteur/components/PromoteurSynthesePreview.tsx(602,32): error TS2339: Property 'avertissements' does not exist on type '{ generatedAt: string; dataQualite: DataQualite; analyseSuffisante: boolean; version: string; }'.
src/spaces/promoteur/components/PromoteurSynthesePreview.tsx(602,52): error TS7006: Parameter 'a' implicitly has an 'any' type.
src/spaces/promoteur/components/PromoteurSynthesePreview.tsx(602,55): error TS7006: Parameter 'i' implicitly has an 'any' type.
src/spaces/promoteur/components/PromoteurSyntheseReportSelector.tsx(2,15): error TS2305: Module '"../services/promoteurSynthese.types"' has no exported member 'ReportType'.
src/spaces/promoteur/components/ScenarioComparisonMatrix.tsx(118,33): error TS2551: Property 'slate300' does not exist on type '{ readonly slate900: "#0f172a"; readonly slate700: "#334155"; readonly slate600: "#475569"; readonly slate500: "#64748b"; readonly slate400: "#94a3b8"; readonly slate200: "#e2e8f0"; ... 17 more ...; readonly violet50: "#f5f3ff"; }'. Did you mean 'slate900'?
src/spaces/promoteur/components/ScenarioComparisonMatrix.tsx(124,59): error TS2551: Property 'slate300' does not exist on type '{ readonly slate900: "#0f172a"; readonly slate700: "#334155"; readonly slate600: "#475569"; readonly slate500: "#64748b"; readonly slate400: "#94a3b8"; readonly slate200: "#e2e8f0"; ... 17 more ...; readonly violet50: "#f5f3ff"; }'. Did you mean 'slate900'?
src/spaces/promoteur/components/ScenarioFullPanel.tsx(48,10): error TS6133: 'scoreColor' is declared but its value is never read.
src/spaces/promoteur/components/ScenarioRecommendationCard.tsx(302,62): error TS2551: Property 'slate300' does not exist on type '{ readonly slate900: "#0f172a"; readonly slate700: "#334155"; readonly slate600: "#475569"; readonly slate500: "#64748b"; readonly slate400: "#94a3b8"; readonly slate200: "#e2e8f0"; ... 17 more ...; readonly violet600: "#7c3aed"; }'. Did you mean 'slate900'?
src/spaces/promoteur/etudes/layout/components/EtudesEmptyState.tsx(3,10): error TS1484: 'FC' is a type and must be imported using a type-only import when 'verbatimModuleSyntax' is enabled.
src/spaces/promoteur/etudes/layout/components/EtudesKpiGrid.tsx(3,10): error TS1484: 'FC' is a type and must be imported using a type-only import when 'verbatimModuleSyntax' is enabled.
src/spaces/promoteur/etudes/layout/components/EtudesSectionCard.tsx(3,10): error TS1484: 'FC' is a type and must be imported using a type-only import when 'verbatimModuleSyntax' is enabled.
src/spaces/promoteur/etudes/layout/components/EtudesSidePanel.tsx(3,10): error TS1484: 'FC' is a type and must be imported using a type-only import when 'verbatimModuleSyntax' is enabled.
src/spaces/promoteur/etudes/layout/components/EtudesTopBar.tsx(3,10): error TS1484: 'FC' is a type and must be imported using a type-only import when 'verbatimModuleSyntax' is enabled.
src/spaces/promoteur/etudes/layout/etudesLayout.types.ts(3,10): error TS1484: 'ReactNode' is a type and must be imported using a type-only import when 'verbatimModuleSyntax' is enabled.
src/spaces/promoteur/etudes/layout/index.ts(20,28): error TS2307: Cannot find module './MarchePage' or its corresponding type declarations.
src/spaces/promoteur/etudes/marche/components/CompetitionCard.tsx(4,44): error TS6133: 'Users' is declared but its value is never read.
src/spaces/promoteur/etudes/marche/components/CompetitionCard.tsx(4,51): error TS6133: 'Percent' is declared but its value is never read.
src/spaces/promoteur/etudes/marche/components/CompetitionCard.tsx(4,60): error TS6133: 'Euro' is declared but its value is never read.
src/spaces/promoteur/etudes/marche/components/CompetitionCard.tsx(5,10): error TS2305: Module '"../types"' has no exported member 'CompetitionData'.
src/spaces/promoteur/etudes/marche/components/CompetitionCard.tsx(5,27): error TS1484: 'ProjectType' is a type and must be imported using a type-only import when 'verbatimModuleSyntax' is enabled.
src/spaces/promoteur/etudes/marche/components/CompetitionCard.tsx(194,44): error TS7006: Parameter 'facility' implicitly has an 'any' type.
src/spaces/promoteur/etudes/marche/components/CompetitionCard.tsx(194,54): error TS7006: Parameter 'i' implicitly has an 'any' type.
src/spaces/promoteur/etudes/marche/components/DataSourcesBadges.tsx(4,10): error TS6133: 'Database' is declared but its value is never read.
src/spaces/promoteur/etudes/marche/components/DataSourcesBadges.tsx(5,10): error TS1484: 'DataSourceStatus' is a type and must be imported using a type-only import when 'verbatimModuleSyntax' is enabled.
src/spaces/promoteur/etudes/marche/components/DataSourcesBadges.tsx(5,28): error TS1484: 'DataSourceType' is a type and must be imported using a type-only import when 'verbatimModuleSyntax' is enabled.
src/spaces/promoteur/etudes/marche/components/InsightsPanel.tsx(5,10): error TS2305: Module '"../types"' has no exported member 'Insight'.
src/spaces/promoteur/etudes/marche/components/InsightsPanel.tsx(120,44): error TS7006: Parameter 'insight' implicitly has an 'any' type.
src/spaces/promoteur/etudes/marche/components/KpiGrid.tsx(18,10): error TS1484: 'Kpi' is a type and must be imported using a type-only import when 'verbatimModuleSyntax' is enabled.
src/spaces/promoteur/etudes/marche/components/KpiGrid.tsx(18,15): error TS1484: 'KpiStatus' is a type and must be imported using a type-only import when 'verbatimModuleSyntax' is enabled.
src/spaces/promoteur/etudes/marche/components/KpiGrid.tsx(18,26): error TS1484: 'ProjectType' is a type and must be imported using a type-only import when 'verbatimModuleSyntax' is enabled.
src/spaces/promoteur/etudes/marche/components/KpiGrid.tsx(49,9): error TS6133: 'config' is declared but its value is never read.
src/spaces/promoteur/etudes/marche/components/KpiGrid.tsx(64,15): error TS6133: 'IconComponent' is declared but its value is never read.
src/spaces/promoteur/etudes/marche/components/MarketStudyCompsPanel.tsx(5,10): error TS2305: Module '"../hooks/useMarketStudy"' has no exported member 'formatPrice'.
src/spaces/promoteur/etudes/marche/components/MarketStudyCompsPanel.tsx(5,23): error TS2305: Module '"../hooks/useMarketStudy"' has no exported member 'formatNumber'.
src/spaces/promoteur/etudes/marche/components/MarketStudyCompsPanel.tsx(5,37): error TS2305: Module '"../hooks/useMarketStudy"' has no exported member 'formatDistance'.
src/spaces/promoteur/etudes/marche/components/MarketStudyInseePanel.tsx(5,10): error TS2305: Module '"../hooks/useMarketStudy"' has no exported member 'formatNumber'.
src/spaces/promoteur/etudes/marche/components/MarketStudyKpis.tsx(6,10): error TS2305: Module '"../hooks/useMarketStudy"' has no exported member 'formatNumber'.
src/spaces/promoteur/etudes/marche/components/MarketStudyKpis.tsx(6,24): error TS2305: Module '"../hooks/useMarketStudy"' has no exported member 'formatDistance'.
src/spaces/promoteur/etudes/marche/components/MarketStudyMap.tsx(17,3): error TS2578: Unused '@ts-expect-error' directive.
src/spaces/promoteur/etudes/marche/components/MarketStudyPoisPanel.tsx(6,10): error TS2305: Module '"../hooks/useMarketStudy"' has no exported member 'formatDistance'.
src/spaces/promoteur/etudes/marche/components/TargetPopulationCard.tsx(4,43): error TS6133: 'UserX' is declared but its value is never read.
src/spaces/promoteur/etudes/marche/components/TargetPopulationCard.tsx(5,10): error TS2305: Module '"../types"' has no exported member 'DemographicsData'.
src/spaces/promoteur/etudes/marche/components/TargetPopulationCard.tsx(5,28): error TS1484: 'DemographicSegment' is a type and must be imported using a type-only import when 'verbatimModuleSyntax' is enabled.
src/spaces/promoteur/etudes/marche/components/TargetPopulationCard.tsx(5,28): error TS6133: 'DemographicSegment' is declared but its value is never read.
src/spaces/promoteur/etudes/marche/components/TargetPopulationCard.tsx(5,48): error TS1484: 'ProjectType' is a type and must be imported using a type-only import when 'verbatimModuleSyntax' is enabled.
src/spaces/promoteur/etudes/marche/config/kpiDefinitions.ts(3,10): error TS1484: 'KpiDefinition' is a type and must be imported using a type-only import when 'verbatimModuleSyntax' is enabled.
src/spaces/promoteur/etudes/marche/config/kpiDefinitions.ts(319,56): error TS6133: 'isPrimary' is declared but its value is never read.
src/spaces/promoteur/etudes/marche/config/poiCategories.ts(3,10): error TS1484: 'PoiCategory' is a type and must be imported using a type-only import when 'verbatimModuleSyntax' is enabled.
src/spaces/promoteur/etudes/marche/config/poiCategories.ts(3,23): error TS1484: 'PoiCategoryId' is a type and must be imported using a type-only import when 'verbatimModuleSyntax' is enabled.
src/spaces/promoteur/etudes/marche/config/project.config.ts(18,3): error TS2305: Module '"../types/market.types"' has no exported member 'ProjectTypeConfig'.
src/spaces/promoteur/etudes/marche/config/project.config.ts(19,3): error TS2305: Module '"../types/market.types"' has no exported member 'DemographicSegment'.
src/spaces/promoteur/etudes/marche/config/projectConfigs.ts(13,3): error TS1484: 'ProjectType' is a type and must be imported using a type-only import when 'verbatimModuleSyntax' is enabled.
src/spaces/promoteur/etudes/marche/config/projectConfigs.ts(14,3): error TS1484: 'ProjectTypeConfig' is a type and must be imported using a type-only import when 'verbatimModuleSyntax' is enabled.
src/spaces/promoteur/etudes/marche/config/projectConfigs.ts(15,3): error TS1484: 'PoiProjectConfig' is a type and must be imported using a type-only import when 'verbatimModuleSyntax' is enabled.
src/spaces/promoteur/etudes/marche/config/projectConfigs.ts(16,3): error TS1484: 'DemographicSegment' is a type and must be imported using a type-only import when 'verbatimModuleSyntax' is enabled.
src/spaces/promoteur/etudes/marche/hooks/useMarketStudy.ts(4,10): error TS1484: 'MarketStudyResult' is a type and must be imported using a type-only import when 'verbatimModuleSyntax' is enabled.
src/spaces/promoteur/etudes/marche/hooks/useMarketStudy.ts(4,29): error TS1484: 'ProjectType' is a type and must be imported using a type-only import when 'verbatimModuleSyntax' is enabled.
src/spaces/promoteur/etudes/marche/hooks/useMarketStudy.ts(4,29): error TS6133: 'ProjectType' is declared but its value is never read.
src/spaces/promoteur/etudes/marche/hooks/useMarketStudy.ts(5,26): error TS1484: 'MarketStudyParams' is a type and must be imported using a type-only import when 'verbatimModuleSyntax' is enabled.
src/spaces/promoteur/etudes/marche/hooks/useProjectConfig.ts(4,10): error TS1484: 'ProjectType' is a type and must be imported using a type-only import when 'verbatimModuleSyntax' is enabled.
src/spaces/promoteur/etudes/marche/hooks/useProjectConfig.ts(4,23): error TS1484: 'ProjectTypeConfig' is a type and must be imported using a type-only import when 'verbatimModuleSyntax' is enabled.
src/spaces/promoteur/etudes/marche/hooks/useProjectConfig.ts(4,42): error TS1484: 'PoiProjectConfig' is a type and must be imported using a type-only import when 'verbatimModuleSyntax' is enabled.
src/spaces/promoteur/etudes/marche/index.ts(7,26): error TS2305: Module '"./hooks/useMarketStudy"' has no exported member 'hasPartialData'.
src/spaces/promoteur/etudes/marche/index.ts(7,42): error TS2305: Module '"./hooks/useMarketStudy"' has no exported member 'getTotalPoisCount'.
src/spaces/promoteur/etudes/marche/index.ts(7,61): error TS2305: Module '"./hooks/useMarketStudy"' has no exported member 'formatDistance'.
src/spaces/promoteur/etudes/marche/index.ts(7,77): error TS2305: Module '"./hooks/useMarketStudy"' has no exported member 'formatNumber'.
src/spaces/promoteur/etudes/marche/index.ts(7,91): error TS2305: Module '"./hooks/useMarketStudy"' has no exported member 'formatPrice'.
src/spaces/promoteur/etudes/marche/MarchePage.tsx(27,79): error TS1484: 'ErrorInfo' is a type and must be imported using a type-only import when 'verbatimModuleSyntax' is enabled.
src/spaces/promoteur/etudes/marche/MarchePage.tsx(27,90): error TS1484: 'ReactNode' is a type and must be imported using a type-only import when 'verbatimModuleSyntax' is enabled.
src/spaces/promoteur/etudes/marche/MarchePage.tsx(55,10): error TS6133: 'PROJECT_CONFIGS' is declared but its value is never read.
src/spaces/promoteur/etudes/marche/MarchePage.tsx(58,10): error TS6133: 'GRAD_PRO' is declared but its value is never read.
src/spaces/promoteur/etudes/marche/MarchePage.tsx(77,40): error TS2307: Cannot find module '@/services/mobility/mobilityClient' or its corresponding type declarations.
src/spaces/promoteur/etudes/marche/MarchePage.tsx(1552,79): error TS6133: 'dvf' is declared but its value is never read.
src/spaces/promoteur/etudes/marche/MarchePage.tsx(2280,22): error TS6133: 'concurrence' is declared but its value is never read.
src/spaces/promoteur/etudes/marche/MarchePage.tsx(3086,10): error TS6133: 'isSearchingParcel' is declared but its value is never read.
src/spaces/promoteur/etudes/marche/MarchePage.tsx(3113,70): error TS2352: Conversion of type 'Record<string, unknown>' to type 'MarketStudyApiResponse' may be a mistake because neither type sufficiently overlaps with the other. If this was intentional, convert the expression to 'unknown' first.
  Type 'Record<string, unknown>' is missing the following properties from type 'MarketStudyApiResponse': success, version, meta, core, and 3 more.
src/spaces/promoteur/etudes/marche/MarchePage.tsx(3268,49): error TS7006: Parameter 'mobility' implicitly has an 'any' type.
src/spaces/promoteur/etudes/marche/MarchePage.tsx(3288,95): error TS7006: Parameter 's' implicitly has an 'any' type.
src/spaces/promoteur/etudes/marche/MarchePage.tsx(3289,79): error TS7006: Parameter 's' implicitly has an 'any' type.
src/spaces/promoteur/etudes/marche/services/finess.service.ts(11,15): error TS2305: Module '"../types/market.types"' has no exported member 'FinessEtablissement'.
src/spaces/promoteur/etudes/marche/services/finess.service.ts(75,9): error TS6133: 'a' is declared but its value is never read.
src/spaces/promoteur/etudes/marche/services/finess.service.ts(346,60): error TS2339: Property 'address' does not exist on type 'FinessEtablissementEnriched'.
src/spaces/promoteur/etudes/marche/services/finess.service.ts(346,77): error TS2339: Property 'postalCode' does not exist on type 'FinessEtablissementEnriched'.
src/spaces/promoteur/etudes/marche/services/finess.service.ts(346,97): error TS2339: Property 'commune' does not exist on type 'FinessEtablissementEnriched'.
src/spaces/promoteur/etudes/marche/services/finess.service.ts(349,24): error TS2339: Property 'capacity' does not exist on type 'FinessEtablissementEnriched'.
src/spaces/promoteur/etudes/marche/services/finess.service.ts(349,38): error TS2339: Property 'capacity' does not exist on type 'FinessEtablissementEnriched'.
src/spaces/promoteur/etudes/marche/services/finess.service.ts(349,56): error TS2339: Property 'capacity' does not exist on type 'FinessEtablissementEnriched'.
src/spaces/promoteur/etudes/marche/services/finess.service.ts(352,25): error TS2339: Property 'distance' does not exist on type 'FinessEtablissementEnriched'.
src/spaces/promoteur/etudes/marche/services/finess.service.ts(352,63): error TS2339: Property 'distance' does not exist on type 'FinessEtablissementEnriched'.
src/spaces/promoteur/etudes/marche/services/finess.service.ts(352,78): error TS2339: Property 'distance' does not exist on type 'FinessEtablissementEnriched'.
src/spaces/promoteur/etudes/marche/services/finess.service.ts(356,13): error TS2339: Property 'name' does not exist on type 'FinessEtablissementEnriched'.
src/spaces/promoteur/etudes/marche/services/finess.service.ts(360,15): error TS2339: Property 'finess' does not exist on type 'FinessEtablissementEnriched'.
src/spaces/promoteur/etudes/marche/services/finess.service.ts(361,29): error TS2339: Property 'telephone' does not exist on type 'FinessEtablissementEnriched'.
src/spaces/promoteur/etudes/marche/services/finess.service.ts(362,28): error TS2339: Property 'lat' does not exist on type 'FinessEtablissementEnriched'.
src/spaces/promoteur/etudes/marche/services/finess.service.ts(362,37): error TS2339: Property 'lat' does not exist on type 'FinessEtablissementEnriched'.
src/spaces/promoteur/etudes/marche/services/finess.service.ts(363,28): error TS2339: Property 'lon' does not exist on type 'FinessEtablissementEnriched'.
src/spaces/promoteur/etudes/marche/services/finess.service.ts(363,37): error TS2339: Property 'lon' does not exist on type 'FinessEtablissementEnriched'.
src/spaces/promoteur/etudes/marche/services/finess.service.ts(366,17): error TS2339: Property 'finessEj' does not exist on type 'FinessEtablissementEnriched'.
src/spaces/promoteur/etudes/marche/services/finess.service.ts(367,17): error TS2339: Property 'category' does not exist on type 'FinessEtablissementEnriched'.
src/spaces/promoteur/etudes/marche/services/finess.service.ts(368,22): error TS2339: Property 'categoryLabel' does not exist on type 'FinessEtablissementEnriched'.
src/spaces/promoteur/etudes/marche/services/finess.service.ts(369,19): error TS2339: Property 'postalCode' does not exist on type 'FinessEtablissementEnriched'.
src/spaces/promoteur/etudes/marche/services/finess.service.ts(370,16): error TS2339: Property 'commune' does not exist on type 'FinessEtablissementEnriched'.
src/spaces/promoteur/etudes/marche/services/finess.service.ts(371,20): error TS2339: Property 'departement' does not exist on type 'FinessEtablissementEnriched'.
src/spaces/promoteur/etudes/marche/services/finess.service.ts(372,17): error TS2339: Property 'capacity' does not exist on type 'FinessEtablissementEnriched'.
src/spaces/promoteur/etudes/marche/services/finess.service.ts(373,17): error TS2339: Property 'distance' does not exist on type 'FinessEtablissementEnriched'.
src/spaces/promoteur/etudes/marche/services/finess.service.ts(381,10): error TS2339: Property 'finess' does not exist on type 'FinessEtablissementEnriched'.
src/spaces/promoteur/etudes/marche/services/finess.service.ts(381,29): error TS2339: Property 'finess' does not exist on type 'FinessEtablissementEnriched'.
src/spaces/promoteur/etudes/marche/services/finess.service.ts(382,13): error TS2339: Property 'name' does not exist on type 'FinessEtablissementEnriched'.
src/spaces/promoteur/etudes/marche/services/finess.service.ts(382,57): error TS2339: Property 'lat' does not exist on type 'FinessEtablissementEnriched'.
src/spaces/promoteur/etudes/marche/services/finess.service.ts(382,77): error TS2339: Property 'lon' does not exist on type 'FinessEtablissementEnriched'.
src/spaces/promoteur/etudes/marche/services/finess.service.ts(384,22): error TS2339: Property 'capacity' does not exist on type 'FinessEtablissementEnriched'.
src/spaces/promoteur/etudes/marche/services/finess.service.ts(384,50): error TS2339: Property 'capacity' does not exist on type 'FinessEtablissementEnriched'.
src/spaces/promoteur/etudes/marche/services/finess.service.ts(386,51): error TS2339: Property 'distance' does not exist on type 'FinessEtablissementEnriched'.
src/spaces/promoteur/etudes/marche/services/finess.service.ts(386,71): error TS2339: Property 'distance' does not exist on type 'FinessEtablissementEnriched'.
src/spaces/promoteur/etudes/marche/services/finess.service.ts(565,7): error TS2353: Object literal may only specify known properties, and 'finess' does not exist in type 'FinessEtablissementEnriched'.
src/spaces/promoteur/etudes/marche/services/finess.service.ts(585,32): error TS2339: Property 'distance' does not exist on type 'FinessEtablissementEnriched'.
src/spaces/promoteur/etudes/marche/services/finess.service.ts(585,52): error TS2339: Property 'distance' does not exist on type 'FinessEtablissementEnriched'.
src/spaces/promoteur/etudes/marche/services/finess.service.ts(714,7): error TS2353: Object literal may only specify known properties, and 'finess' does not exist in type 'FinessEtablissementEnriched'.
src/spaces/promoteur/etudes/marche/services/finess.service.ts(742,89): error TS6133: 'codePostal' is declared but its value is never read.
src/spaces/promoteur/etudes/marche/services/finess.service.ts(808,7): error TS2353: Object literal may only specify known properties, and 'finess' does not exist in type 'FinessEtablissementEnriched'.
src/spaces/promoteur/etudes/marche/services/finess.service.ts(947,7): error TS2353: Object literal may only specify known properties, and 'capacite_disponible' does not exist in type 'EhpadAnalyseConcurrence'.
src/spaces/promoteur/etudes/marche/services/insee.normalize.ts(30,5): error TS2353: Object literal may only specify known properties, and 'pct_40_54' does not exist in type 'InseeData'.
src/spaces/promoteur/etudes/marche/services/marketStudyService.ts(3,10): error TS1484: 'MarketStudyResult' is a type and must be imported using a type-only import when 'verbatimModuleSyntax' is enabled.
src/spaces/promoteur/etudes/marche/services/marketStudyService.ts(3,29): error TS1484: 'ProjectType' is a type and must be imported using a type-only import when 'verbatimModuleSyntax' is enabled.
src/spaces/promoteur/etudes/marche/services/marketStudyService.ts(3,42): error TS2305: Module '"../types"' has no exported member 'CompetitionData'.
src/spaces/promoteur/etudes/marche/services/marketStudyService.ts(153,5): error TS2353: Object literal may only specify known properties, and 'projectType' does not exist in type 'MarketStudyResult'.
src/spaces/promoteur/etudes/marche/services/marketStudyService.ts(224,9): error TS6133: 'config' is declared but its value is never read.
src/spaces/promoteur/etudes/marche/services/marketStudyService.ts(234,14): error TS2339: Property 'competition' does not exist on type 'MarketStudyResult'.
src/spaces/promoteur/etudes/marche/services/marketStudyService.ts(238,21): error TS2339: Property 'competition' does not exist on type 'MarketStudyResult'.
src/spaces/promoteur/etudes/marche/services/marketStudyService.ts(239,22): error TS2339: Property 'competition' does not exist on type 'MarketStudyResult'.
src/spaces/promoteur/etudes/marche/services/marketStudyService.ts(245,24): error TS2339: Property 'competition' does not exist on type 'MarketStudyResult'.
src/spaces/promoteur/etudes/marche/services/marketStudyService.ts(249,16): error TS2339: Property 'competition' does not exist on type 'MarketStudyResult'.
src/spaces/promoteur/etudes/marche/services/marketStudyService.ts(253,26): error TS2339: Property 'competition' does not exist on type 'MarketStudyResult'.
src/spaces/promoteur/etudes/marche/services/marketStudyService.ts(254,24): error TS2339: Property 'competition' does not exist on type 'MarketStudyResult'.
src/spaces/promoteur/etudes/marche/services/marketStudyService.ts(260,14): error TS2339: Property 'demographics' does not exist on type 'MarketStudyResult'.
src/spaces/promoteur/etudes/marche/services/marketStudyService.ts(261,16): error TS2339: Property 'demographics' does not exist on type 'MarketStudyResult'.
src/spaces/promoteur/etudes/marche/services/marketStudyService.ts(265,23): error TS2339: Property 'demographics' does not exist on type 'MarketStudyResult'.
src/spaces/promoteur/etudes/marche/services/marketStudyService.ts(272,14): error TS2339: Property 'realEstate' does not exist on type 'MarketStudyResult'.
src/spaces/promoteur/etudes/marche/services/marketStudyService.ts(276,24): error TS2339: Property 'realEstate' does not exist on type 'MarketStudyResult'.
src/spaces/promoteur/etudes/marche/services/parcel.service.ts(27,58): error TS2353: Object literal may only specify known properties, and 'section' does not exist in type 'ParcelInfo'.
src/spaces/promoteur/etudes/marche/services/parcel.service.ts(45,9): error TS2353: Object literal may only specify known properties, and 'section' does not exist in type 'ParcelInfo'.
src/spaces/promoteur/etudes/marche/services/parcel.service.ts(53,56): error TS2353: Object literal may only specify known properties, and 'section' does not exist in type 'ParcelInfo'.
src/spaces/promoteur/etudes/marche/services/parcel.service.ts(56,56): error TS2353: Object literal may only specify known properties, and 'section' does not exist in type 'ParcelInfo'.
src/spaces/promoteur/etudes/marche/services/poiService.ts(3,10): error TS1484: 'Poi' is a type and must be imported using a type-only import when 'verbatimModuleSyntax' is enabled.
src/spaces/promoteur/etudes/marche/services/poiService.ts(3,15): error TS1484: 'PoiCategoryId' is a type and must be imported using a type-only import when 'verbatimModuleSyntax' is enabled.
src/spaces/promoteur/etudes/marche/services/poiService.ts(3,30): error TS1484: 'PoiSearchResult' is a type and must be imported using a type-only import when 'verbatimModuleSyntax' is enabled.
src/spaces/promoteur/etudes/marche/services/poiService.ts(3,47): error TS1484: 'PoiProjectConfig' is a type and must be imported using a type-only import when 'verbatimModuleSyntax' is enabled.
src/spaces/promoteur/etudes/marche/services/providers/bpeProvider.ts(3,10): error TS2724: '"../../types"' has no exported member named 'ServicesData'. Did you mean 'PricesData'?
src/spaces/promoteur/etudes/marche/services/providers/bpeProvider.ts(3,24): error TS1484: 'Poi' is a type and must be imported using a type-only import when 'verbatimModuleSyntax' is enabled.
src/spaces/promoteur/etudes/marche/services/providers/bpeProvider.ts(3,29): error TS1484: 'PoiCategoryId' is a type and must be imported using a type-only import when 'verbatimModuleSyntax' is enabled.
src/spaces/promoteur/etudes/marche/services/providers/bpeProvider.ts(16,36): error TS6133: 'params' is declared but its value is never read.
src/spaces/promoteur/etudes/marche/services/providers/bpeProvider.ts(29,3): error TS6133: 'lat' is declared but its value is never read.
src/spaces/promoteur/etudes/marche/services/providers/bpeProvider.ts(30,3): error TS6133: 'lon' is declared but its value is never read.
src/spaces/promoteur/etudes/marche/services/providers/bpeProvider.ts(31,3): error TS6133: 'radiusKm' is declared but its value is never read.
src/spaces/promoteur/etudes/marche/services/providers/bpeProvider.ts(32,3): error TS6133: 'bpeCodes' is declared but its value is never read.
src/spaces/promoteur/etudes/marche/services/providers/dvfProvider.ts(3,10): error TS2305: Module '"../../types"' has no exported member 'RealEstateMarketData'.
src/spaces/promoteur/etudes/marche/services/providers/dvfProvider.ts(17,36): error TS6133: 'params' is declared but its value is never read.
src/spaces/promoteur/etudes/marche/services/providers/dvfProvider.ts(30,3): error TS6133: 'lat' is declared but its value is never read.
src/spaces/promoteur/etudes/marche/services/providers/dvfProvider.ts(31,3): error TS6133: 'lon' is declared but its value is never read.
src/spaces/promoteur/etudes/marche/services/providers/dvfProvider.ts(32,3): error TS6133: 'radiusKm' is declared but its value is never read.
src/spaces/promoteur/etudes/marche/services/providers/dvfProvider.ts(33,3): error TS6133: 'periodMonths' is declared but its value is never read.
src/spaces/promoteur/etudes/marche/services/providers/finessProvider.ts(3,10): error TS2305: Module '"../../types"' has no exported member 'CompetitionData'.
src/spaces/promoteur/etudes/marche/services/providers/finessProvider.ts(314,59): error TS2345: Argument of type 'string' is not assignable to parameter of type '"500" | "502" | "501"'.
src/spaces/promoteur/etudes/marche/services/providers/inseeProvider.ts(3,10): error TS2305: Module '"../../types"' has no exported member 'DemographicsData'.
src/spaces/promoteur/etudes/marche/services/providers/inseeProvider.ts(26,46): error TS6133: 'codeInsee' is declared but its value is never read.
src/spaces/promoteur/etudes/marche/services/providers/inseeProvider.ts(35,45): error TS6133: 'codeInsee' is declared but its value is never read.
src/spaces/promoteur/etudes/marche/services/providers/mockProvider.ts(4,3): error TS1484: 'MarketStudyResult' is a type and must be imported using a type-only import when 'verbatimModuleSyntax' is enabled.
src/spaces/promoteur/etudes/marche/services/providers/mockProvider.ts(5,3): error TS1484: 'ProjectType' is a type and must be imported using a type-only import when 'verbatimModuleSyntax' is enabled.
src/spaces/promoteur/etudes/marche/services/providers/mockProvider.ts(6,3): error TS2305: Module '"../../types"' has no exported member 'DemographicsData'.
src/spaces/promoteur/etudes/marche/services/providers/mockProvider.ts(7,3): error TS2305: Module '"../../types"' has no exported member 'RealEstateMarketData'.
src/spaces/promoteur/etudes/marche/services/providers/mockProvider.ts(8,3): error TS2305: Module '"../../types"' has no exported member 'CompetitionData'.
src/spaces/promoteur/etudes/marche/services/providers/mockProvider.ts(9,3): error TS2724: '"../../types"' has no exported member named 'ServicesData'. Did you mean 'PricesData'?
src/spaces/promoteur/etudes/marche/services/providers/mockProvider.ts(10,3): error TS2305: Module '"../../types"' has no exported member 'HealthcareData'.
src/spaces/promoteur/etudes/marche/services/providers/mockProvider.ts(11,3): error TS2305: Module '"../../types"' has no exported member 'AccessibilityData'.
src/spaces/promoteur/etudes/marche/services/providers/mockProvider.ts(12,3): error TS2305: Module '"../../types"' has no exported member 'Insight'.
src/spaces/promoteur/etudes/marche/services/providers/mockProvider.ts(13,3): error TS2305: Module '"../../types"' has no exported member 'Scores'.
src/spaces/promoteur/etudes/marche/services/providers/mockProvider.ts(14,3): error TS1484: 'Kpi' is a type and must be imported using a type-only import when 'verbatimModuleSyntax' is enabled.
src/spaces/promoteur/etudes/marche/services/providers/mockProvider.ts(15,3): error TS1484: 'Poi' is a type and must be imported using a type-only import when 'verbatimModuleSyntax' is enabled.
src/spaces/promoteur/etudes/marche/services/providers/mockProvider.ts(16,3): error TS1484: 'DataSourceStatus' is a type and must be imported using a type-only import when 'verbatimModuleSyntax' is enabled.
src/spaces/promoteur/etudes/marche/services/providers/mockProvider.ts(444,12): error TS2339: Property 'demographics' does not exist on type 'Partial<MarketStudyResult>'.
src/spaces/promoteur/etudes/marche/services/providers/mockProvider.ts(444,46): error TS2339: Property 'demographics' does not exist on type 'Partial<MarketStudyResult>'.
src/spaces/promoteur/etudes/marche/services/providers/mockProvider.ts(450,56): error TS2339: Property 'demographics' does not exist on type 'Partial<MarketStudyResult>'.
src/spaces/promoteur/etudes/marche/services/providers/mockProvider.ts(451,23): error TS2339: Property 'demographics' does not exist on type 'Partial<MarketStudyResult>'.
src/spaces/promoteur/etudes/marche/services/providers/mockProvider.ts(458,12): error TS2339: Property 'realEstate' does not exist on type 'Partial<MarketStudyResult>'.
src/spaces/promoteur/etudes/marche/services/providers/mockProvider.ts(458,52): error TS2339: Property 'realEstate' does not exist on type 'Partial<MarketStudyResult>'.
src/spaces/promoteur/etudes/marche/services/providers/mockProvider.ts(464,46): error TS2339: Property 'realEstate' does not exist on type 'Partial<MarketStudyResult>'.
src/spaces/promoteur/etudes/marche/services/providers/mockProvider.ts(465,23): error TS2339: Property 'realEstate' does not exist on type 'Partial<MarketStudyResult>'.
src/spaces/promoteur/etudes/marche/services/providers/mockProvider.ts(472,39): error TS2339: Property 'competition' does not exist on type 'Partial<MarketStudyResult>'.
src/spaces/promoteur/etudes/marche/services/providers/mockProvider.ts(473,14): error TS2339: Property 'competition' does not exist on type 'Partial<MarketStudyResult>'.
src/spaces/promoteur/etudes/marche/services/providers/mockProvider.ts(479,38): error TS2339: Property 'competition' does not exist on type 'Partial<MarketStudyResult>'.
src/spaces/promoteur/etudes/marche/services/providers/mockProvider.ts(480,24): error TS2339: Property 'competition' does not exist on type 'Partial<MarketStudyResult>'.
src/spaces/promoteur/etudes/marche/services/providers/mockProvider.ts(486,14): error TS2339: Property 'competition' does not exist on type 'Partial<MarketStudyResult>'.
src/spaces/promoteur/etudes/marche/services/providers/mockProvider.ts(486,51): error TS2339: Property 'competition' does not exist on type 'Partial<MarketStudyResult>'.
src/spaces/promoteur/etudes/marche/services/providers/mockProvider.ts(492,57): error TS2339: Property 'competition' does not exist on type 'Partial<MarketStudyResult>'.
src/spaces/promoteur/etudes/marche/services/providers/mockProvider.ts(493,24): error TS2339: Property 'competition' does not exist on type 'Partial<MarketStudyResult>'.
src/spaces/promoteur/etudes/marche/services/providers/mockProvider.ts(501,12): error TS2339: Property 'healthcare' does not exist on type 'Partial<MarketStudyResult>'.
src/spaces/promoteur/etudes/marche/services/providers/mockProvider.ts(501,41): error TS2339: Property 'healthcare' does not exist on type 'Partial<MarketStudyResult>'.
src/spaces/promoteur/etudes/marche/services/providers/mockProvider.ts(507,28): error TS2339: Property 'healthcare' does not exist on type 'Partial<MarketStudyResult>'.
src/spaces/promoteur/etudes/marche/services/providers/mockProvider.ts(507,63): error TS2339: Property 'healthcare' does not exist on type 'Partial<MarketStudyResult>'.
src/spaces/promoteur/etudes/marche/services/providers/mockProvider.ts(508,22): error TS2339: Property 'healthcare' does not exist on type 'Partial<MarketStudyResult>'.
src/spaces/promoteur/etudes/marche/services/providers/mockProvider.ts(515,12): error TS2339: Property 'demographics' does not exist on type 'Partial<MarketStudyResult>'.
src/spaces/promoteur/etudes/marche/services/providers/mockProvider.ts(515,55): error TS2339: Property 'demographics' does not exist on type 'Partial<MarketStudyResult>'.
src/spaces/promoteur/etudes/marche/services/providers/mockProvider.ts(521,28): error TS2339: Property 'demographics' does not exist on type 'Partial<MarketStudyResult>'.
src/spaces/promoteur/etudes/marche/services/providers/mockProvider.ts(522,22): error TS2339: Property 'demographics' does not exist on type 'Partial<MarketStudyResult>'.
src/spaces/promoteur/etudes/marche/services/providers/mockProvider.ts(531,26): error TS6133: 'projectType' is declared but its value is never read.
src/spaces/promoteur/etudes/marche/services/providers/mockProvider.ts(533,29): error TS2339: Property 'demographics' does not exist on type 'Partial<MarketStudyResult>'.
src/spaces/promoteur/etudes/marche/services/providers/mockProvider.ts(533,63): error TS2339: Property 'demographics' does not exist on type 'Partial<MarketStudyResult>'.
src/spaces/promoteur/etudes/marche/services/providers/mockProvider.ts(534,23): error TS2339: Property 'realEstate' does not exist on type 'Partial<MarketStudyResult>'.
src/spaces/promoteur/etudes/marche/services/providers/mockProvider.ts(534,63): error TS2339: Property 'realEstate' does not exist on type 'Partial<MarketStudyResult>'.
src/spaces/promoteur/etudes/marche/services/providers/mockProvider.ts(535,28): error TS2339: Property 'competition' does not exist on type 'Partial<MarketStudyResult>'.
src/spaces/promoteur/etudes/marche/services/providers/mockProvider.ts(535,76): error TS2339: Property 'competition' does not exist on type 'Partial<MarketStudyResult>'.
src/spaces/promoteur/etudes/marche/services/providers/mockProvider.ts(536,25): error TS2339: Property 'services' does not exist on type 'Partial<MarketStudyResult>'.
src/spaces/promoteur/etudes/marche/services/providers/mockProvider.ts(536,60): error TS2339: Property 'services' does not exist on type 'Partial<MarketStudyResult>'.
src/spaces/promoteur/etudes/marche/services/providers/mockProvider.ts(537,30): error TS2339: Property 'accessibility' does not exist on type 'Partial<MarketStudyResult>'.
src/spaces/promoteur/etudes/marche/services/providers/mockProvider.ts(538,27): error TS2339: Property 'healthcare' does not exist on type 'Partial<MarketStudyResult>'.
src/spaces/promoteur/etudes/marche/services/providers/mockProvider.ts(655,5): error TS2353: Object literal may only specify known properties, and 'projectType' does not exist in type 'Partial<MarketStudyResult>'.
src/spaces/promoteur/etudes/marche/services/providers/mockProvider.ts(672,5): error TS2353: Object literal may only specify known properties, and 'projectType' does not exist in type 'MarketStudyResult'.
src/spaces/promoteur/etudes/marche/services/providers/mockProvider.ts(685,31): error TS2339: Property 'realEstate' does not exist on type 'Partial<MarketStudyResult>'.
src/spaces/promoteur/etudes/marche/services/providers/mockProvider.ts(688,31): error TS2339: Property 'healthcare' does not exist on type 'Partial<MarketStudyResult>'.
src/spaces/promoteur/etudes/marche/types/index.ts(4,1): error TS2308: Module "./project.types" has already exported a member named 'DataSourceType'. Consider explicitly re-exporting to resolve the ambiguity.
src/spaces/promoteur/etudes/marche/types/index.ts(4,1): error TS2308: Module "./project.types" has already exported a member named 'ProjectType'. Consider explicitly re-exporting to resolve the ambiguity.
src/spaces/promoteur/etudes/marche/types/project.types.ts(3,10): error TS1484: 'LucideIcon' is a type and must be imported using a type-only import when 'verbatimModuleSyntax' is enabled.
src/spaces/promoteur/etudes/marche/ui/components/MarketStudyResults.tsx(2,64): error TS2307: Cannot find module '../types/market.types' or its corresponding type declarations.
src/spaces/promoteur/etudes/marche/ui/components/MarketStudyResults.tsx(3,34): error TS2307: Cannot find module '../config/project.config' or its corresponding type declarations.
src/spaces/promoteur/etudes/marche/ui/components/MarketStudyResults.tsx(84,37): error TS7006: Parameter 'e' implicitly has an 'any' type.
src/spaces/promoteur/etudes/marche/ui/components/MarketStudyResults.tsx(84,40): error TS7006: Parameter 'i' implicitly has an 'any' type.
src/spaces/promoteur/etudes/marche/ui/components/ServiceRow.tsx(50,48): error TS18049: 'data.distance_m' is possibly 'null' or 'undefined'.
src/spaces/promoteur/etudes/risques/RisquesPage.tsx(10,70): error TS1484: 'ErrorInfo' is a type and must be imported using a type-only import when 'verbatimModuleSyntax' is enabled.
src/spaces/promoteur/etudes/risques/RisquesPage.tsx(10,81): error TS1484: 'ReactNode' is a type and must be imported using a type-only import when 'verbatimModuleSyntax' is enabled.
src/spaces/promoteur/etudes/risques/RisquesPage.tsx(13,3): error TS6133: 'Search' is declared but its value is never read.
src/spaces/promoteur/etudes/risques/RisquesPage.tsx(1734,31): error TS6133: 'onStudyComplete' is declared but its value is never read.
src/spaces/promoteur/etudes/risques/RisquesPage.tsx(1739,9): error TS6133: 'GRAD' is declared but its value is never read.
src/spaces/promoteur/etudes/risques/RisquesPage.tsx(1740,9): error TS6133: 'ACCENT' is declared but its value is never read.
src/spaces/promoteur/etudes/risques/RisquesPage.tsx(1756,10): error TS6133: 'isSearchingParcel' is declared but its value is never read.
src/spaces/promoteur/foncier/ParcelMapSelector.tsx(555,7): error TS2353: Object literal may only specify known properties, and 'renderer' does not exist in type 'GeoJSONOptions<any, Geometry>'.
src/spaces/promoteur/foncier/ParcelMapSelector.tsx(614,7): error TS2353: Object literal may only specify known properties, and 'renderer' does not exist in type 'GeoJSONOptions<any, Geometry>'.
src/spaces/promoteur/foncier/ParcelMapSelector.tsx(802,10): error TS6133: 'backendCount' is declared but its value is never read.
src/spaces/promoteur/implantation.ts(4,75): error TS2307: Cannot find module './types' or its corresponding type declarations.
src/spaces/promoteur/implantation2d/drawEngine.tsx(155,17): error TS2352: Conversion of type 'Record<string, unknown>' to type 'Polygon | MultiPolygon' may be a mistake because neither type sufficiently overlaps with the other. If this was intentional, convert the expression to 'unknown' first.
  Type 'Record<string, unknown>' is missing the following properties from type 'MultiPolygon': type, coordinates
src/spaces/promoteur/implantation2d/drawEngine.tsx(982,35): error TS2345: Argument of type 'AllGeoJSON' is not assignable to parameter of type 'Geometry | Feature<any, GeoJsonProperties>'.
  Type 'FeatureCollection<Geometry, GeoJsonProperties>' is not assignable to type 'Geometry | Feature<any, GeoJsonProperties>'.
    Type 'FeatureCollection<Geometry, GeoJsonProperties>' is missing the following properties from type 'Feature<any, GeoJsonProperties>': geometry, properties
src/spaces/promoteur/implantation2d/reculEngine.ts(183,46): error TS2724: '"C:/Users/maigr/OneDrive/Bureau/mimmoza-front-v2/node_modules/@turf/turf/dist/esm/index"' has no exported member named 'Feature'. Did you mean 'feature'?
src/spaces/promoteur/implantation2d/reculEngine.ts(183,59): error TS2724: '"C:/Users/maigr/OneDrive/Bureau/mimmoza-front-v2/node_modules/@turf/turf/dist/esm/index"' has no exported member named 'Polygon'. Did you mean 'polygon'?
src/spaces/promoteur/implantation2d/reculEngine.ts(183,74): error TS2724: '"C:/Users/maigr/OneDrive/Bureau/mimmoza-front-v2/node_modules/@turf/turf/dist/esm/index"' has no exported member named 'MultiPolygon'. Did you mean 'multiPolygon'?
src/spaces/promoteur/implantation2d/reculEngine.ts(184,7): error TS2554: Expected 1 arguments, but got 2.
src/spaces/promoteur/implantation2d/reculEngine.ts(184,22): error TS2724: '"C:/Users/maigr/OneDrive/Bureau/mimmoza-front-v2/node_modules/@turf/turf/dist/esm/index"' has no exported member named 'Feature'. Did you mean 'feature'?
src/spaces/promoteur/implantation2d/reculEngine.ts(184,35): error TS2724: '"C:/Users/maigr/OneDrive/Bureau/mimmoza-front-v2/node_modules/@turf/turf/dist/esm/index"' has no exported member named 'Polygon'. Did you mean 'polygon'?
src/spaces/promoteur/implantation2d/reculEngine.ts(184,50): error TS2724: '"C:/Users/maigr/OneDrive/Bureau/mimmoza-front-v2/node_modules/@turf/turf/dist/esm/index"' has no exported member named 'MultiPolygon'. Did you mean 'multiPolygon'?
src/spaces/promoteur/implantation2d/reculEngine.ts(191,19): error TS2724: '"C:/Users/maigr/OneDrive/Bureau/mimmoza-front-v2/node_modules/@turf/turf/dist/esm/index"' has no exported member named 'Feature'. Did you mean 'feature'?
src/spaces/promoteur/implantation2d/reculEngine.ts(191,32): error TS2724: '"C:/Users/maigr/OneDrive/Bureau/mimmoza-front-v2/node_modules/@turf/turf/dist/esm/index"' has no exported member named 'Polygon'. Did you mean 'polygon'?
src/spaces/promoteur/implantation2d/reculEngine.ts(191,47): error TS2724: '"C:/Users/maigr/OneDrive/Bureau/mimmoza-front-v2/node_modules/@turf/turf/dist/esm/index"' has no exported member named 'MultiPolygon'. Did you mean 'multiPolygon'?
src/spaces/promoteur/implantation2d/reculEngine.ts(192,9): error TS2554: Expected 1 arguments, but got 2.
src/spaces/promoteur/implantation2d/reculEngine.ts(192,19): error TS2724: '"C:/Users/maigr/OneDrive/Bureau/mimmoza-front-v2/node_modules/@turf/turf/dist/esm/index"' has no exported member named 'Feature'. Did you mean 'feature'?
src/spaces/promoteur/implantation2d/reculEngine.ts(192,32): error TS2724: '"C:/Users/maigr/OneDrive/Bureau/mimmoza-front-v2/node_modules/@turf/turf/dist/esm/index"' has no exported member named 'Polygon'. Did you mean 'polygon'?
src/spaces/promoteur/implantation2d/reculEngine.ts(192,47): error TS2724: '"C:/Users/maigr/OneDrive/Bureau/mimmoza-front-v2/node_modules/@turf/turf/dist/esm/index"' has no exported member named 'MultiPolygon'. Did you mean 'multiPolygon'?
src/spaces/promoteur/implantation2d/reculEngine.ts(211,24): error TS2724: '"C:/Users/maigr/OneDrive/Bureau/mimmoza-front-v2/node_modules/@turf/turf/dist/esm/index"' has no exported member named 'Feature'. Did you mean 'feature'?
src/spaces/promoteur/implantation2d/reculEngine.ts(211,37): error TS2724: '"C:/Users/maigr/OneDrive/Bureau/mimmoza-front-v2/node_modules/@turf/turf/dist/esm/index"' has no exported member named 'Polygon'. Did you mean 'polygon'?
src/spaces/promoteur/implantation2d/reculEngine.ts(211,52): error TS2724: '"C:/Users/maigr/OneDrive/Bureau/mimmoza-front-v2/node_modules/@turf/turf/dist/esm/index"' has no exported member named 'MultiPolygon'. Did you mean 'multiPolygon'?
src/spaces/promoteur/implantation2d/reculEngine.ts(212,24): error TS2724: '"C:/Users/maigr/OneDrive/Bureau/mimmoza-front-v2/node_modules/@turf/turf/dist/esm/index"' has no exported member named 'Feature'. Did you mean 'feature'?
src/spaces/promoteur/implantation2d/reculEngine.ts(212,37): error TS2724: '"C:/Users/maigr/OneDrive/Bureau/mimmoza-front-v2/node_modules/@turf/turf/dist/esm/index"' has no exported member named 'Polygon'. Did you mean 'polygon'?
src/spaces/promoteur/implantation2d/reculEngine.ts(212,52): error TS2724: '"C:/Users/maigr/OneDrive/Bureau/mimmoza-front-v2/node_modules/@turf/turf/dist/esm/index"' has no exported member named 'MultiPolygon'. Did you mean 'multiPolygon'?
src/spaces/promoteur/implantation2d/reculEngine.ts(236,28): error TS2724: '"C:/Users/maigr/OneDrive/Bureau/mimmoza-front-v2/node_modules/@turf/turf/dist/esm/index"' has no exported member named 'Feature'. Did you mean 'feature'?
src/spaces/promoteur/implantation2d/reculEngine.ts(236,41): error TS2724: '"C:/Users/maigr/OneDrive/Bureau/mimmoza-front-v2/node_modules/@turf/turf/dist/esm/index"' has no exported member named 'Polygon'. Did you mean 'polygon'?
src/spaces/promoteur/implantation2d/reculEngine.ts(236,56): error TS2724: '"C:/Users/maigr/OneDrive/Bureau/mimmoza-front-v2/node_modules/@turf/turf/dist/esm/index"' has no exported member named 'MultiPolygon'. Did you mean 'multiPolygon'?
src/spaces/promoteur/implantation2d/reculEngine.ts(237,29): error TS2724: '"C:/Users/maigr/OneDrive/Bureau/mimmoza-front-v2/node_modules/@turf/turf/dist/esm/index"' has no exported member named 'Feature'. Did you mean 'feature'?
src/spaces/promoteur/implantation2d/reculEngine.ts(237,42): error TS2724: '"C:/Users/maigr/OneDrive/Bureau/mimmoza-front-v2/node_modules/@turf/turf/dist/esm/index"' has no exported member named 'Polygon'. Did you mean 'polygon'?
src/spaces/promoteur/implantation2d/reculEngine.ts(237,57): error TS2724: '"C:/Users/maigr/OneDrive/Bureau/mimmoza-front-v2/node_modules/@turf/turf/dist/esm/index"' has no exported member named 'MultiPolygon'. Did you mean 'multiPolygon'?
src/spaces/promoteur/implantation2d/reculEngine.ts(338,17): error TS2352: Conversion of type 'Record<string, unknown>' to type 'Polygon | MultiPolygon' may be a mistake because neither type sufficiently overlaps with the other. If this was intentional, convert the expression to 'unknown' first.
  Type 'Record<string, unknown>' is missing the following properties from type 'MultiPolygon': type, coordinates
src/spaces/promoteur/implantation2d/reculEngine.ts(627,14): error TS6133: 'isPointInRing' is declared but its value is never read.
src/spaces/promoteur/pages.bak-encoding/PluFaisabilite.tsx(4,20): error TS2724: '"../../../lib/supabaseClient"' has no exported member named 'SUPABASE_URL'. Did you mean 'supabase'?
src/spaces/promoteur/pages.bak-encoding/PluFaisabilite.tsx(4,34): error TS2459: Module '"../../../lib/supabaseClient"' declares 'SUPABASE_ANON_KEY' locally, but it is not exported.
src/spaces/promoteur/pages.bak-encoding/PluFaisabilite.tsx(2294,11): error TS6133: '_version' is declared but its value is never read.
src/spaces/promoteur/pages/BesoinLogementsSociauxPage.tsx(10,20): error TS6133: 'ACCENT_PRO' is declared but its value is never read.
src/spaces/promoteur/pages/Bilan.tsx(24,1): error TS6133: 'PromoteurBilanData' is declared but its value is never read.
src/spaces/promoteur/pages/Bilan.tsx(32,15): error TS2614: Module '"./ProgrammationPage"' has no exported member 'ProgrammationSnapshot'. Did you mean to use 'import ProgrammationSnapshot from "./ProgrammationPage"' instead?
src/spaces/promoteur/pages/Bilan.tsx(64,13): error TS7053: Element implicitly has an 'any' type because expression of type 'ProgrammationSnapshot' can't be used to index type '{ viable: { bg: string; color: string; border: string; label: string; }; conditions: { bg: string; color: string; border: string; label: string; }; non_viable: { bg: string; color: string; border: string; label: string; }; }'.
src/spaces/promoteur/pages/Bilan.tsx(184,18): error TS2339: Property 'prix_foncier' does not exist on type 'PromoteurFoncierData'.
src/spaces/promoteur/pages/Bilan.tsx(184,63): error TS2339: Property 'prix_foncier' does not exist on type 'PromoteurFoncierData'.
src/spaces/promoteur/pages/Bilan.tsx(187,11): error TS2339: Property 'prix_foncier' does not exist on type 'PromoteurBilanData'.
src/spaces/promoteur/pages/Bilan.tsx(187,54): error TS2339: Property 'prix_foncier' does not exist on type 'PromoteurBilanData'.
src/spaces/promoteur/pages/Bilan.tsx(236,9): error TS2353: Object literal may only specify known properties, and 'prix_foncier' does not exist in type 'PromoteurBilanData'.
src/spaces/promoteur/pages/Bilan.tsx(269,7): error TS2353: Object literal may only specify known properties, and 'prix_foncier' does not exist in type 'PromoteurBilanData'.
src/spaces/promoteur/pages/Bilan.tsx(410,65): error TS18046: 'v' is of type 'unknown'.
src/spaces/promoteur/pages/Dashboard.tsx(43,3): error TS6133: 'X' is declared but its value is never read.
src/spaces/promoteur/pages/Dashboard.tsx(57,7): error TS6133: 'GRAD_LOCAL' is declared but its value is never read.
src/spaces/promoteur/pages/Dashboard.tsx(784,49): error TS2769: No overload matches this call.
  Overload 1 of 2, '(props: { className?: string | undefined; }, context?: any): string | number | bigint | boolean | ReactElement<unknown, string | JSXElementConstructor<any>> | ... 4 more ... | undefined', gave the following error.
    Type '{ className: string; style: { color: string; }; }' is not assignable to type 'IntrinsicAttributes & { className?: string | undefined; }'.
      Property 'style' does not exist on type 'IntrinsicAttributes & { className?: string | undefined; }'.
  Overload 2 of 2, '(props: { className?: string | undefined; }): string | number | bigint | boolean | ReactElement<unknown, string | JSXElementConstructor<any>> | ... 4 more ... | undefined', gave the following error.
    Type '{ className: string; style: { color: string; }; }' is not assignable to type 'IntrinsicAttributes & { className?: string | undefined; }'.
      Property 'style' does not exist on type 'IntrinsicAttributes & { className?: string | undefined; }'.
src/spaces/promoteur/pages/Dashboard.tsx(847,49): error TS2769: No overload matches this call.
  Overload 1 of 2, '(props: { className?: string | undefined; }, context?: any): string | number | bigint | boolean | ReactElement<unknown, string | JSXElementConstructor<any>> | ... 4 more ... | undefined', gave the following error.
    Type '{ className: string; style: { color: "#7C63D9"; }; }' is not assignable to type 'IntrinsicAttributes & { className?: string | undefined; }'.
      Property 'style' does not exist on type 'IntrinsicAttributes & { className?: string | undefined; }'.
  Overload 2 of 2, '(props: { className?: string | undefined; }): string | number | bigint | boolean | ReactElement<unknown, string | JSXElementConstructor<any>> | ... 4 more ... | undefined', gave the following error.
    Type '{ className: string; style: { color: "#7C63D9"; }; }' is not assignable to type 'IntrinsicAttributes & { className?: string | undefined; }'.
      Property 'style' does not exist on type 'IntrinsicAttributes & { className?: string | undefined; }'.
src/spaces/promoteur/pages/EvaluationPage.tsx(11,10): error TS6133: 'GRAD_PRO' is declared but its value is never read.
src/spaces/promoteur/pages/FacadeGeneratorPage.tsx(28,30): error TS2307: Cannot find module 'three/examples/jsm/exporters/GLTFExporter' or its corresponding type declarations.
src/spaces/promoteur/pages/FacadeGeneratorPage.tsx(44,51): error TS2307: Cannot find module '@/utils/buildRectangularSilhouette' or its corresponding type declarations.
src/spaces/promoteur/pages/FacadeGeneratorPage.tsx(340,16): error TS6133: 'buildFacadeGltfBlob' is declared but its value is never read.
src/spaces/promoteur/pages/FacadeGeneratorPage.tsx(376,6): error TS7006: Parameter 'r2' implicitly has an 'any' type.
src/spaces/promoteur/pages/FacadeGeneratorPage.tsx(377,6): error TS7006: Parameter 'e' implicitly has an 'any' type.
src/spaces/promoteur/pages/FacadeGeneratorPage.tsx(837,68): error TS2345: Argument of type 'Building2D[]' is not assignable to parameter of type 'readonly Record<string, unknown>[]'.
  Type 'Building2D' is not assignable to type 'Record<string, unknown>'.
    Index signature for type 'string' is missing in type 'Building2D'.
src/spaces/promoteur/pages/FacadeGeneratorPage.tsx(846,111): error TS2352: Conversion of type 'Building2D' to type 'Record<string, unknown>' may be a mistake because neither type sufficiently overlaps with the other. If this was intentional, convert the expression to 'unknown' first.
  Index signature for type 'string' is missing in type 'Building2D'.
src/spaces/promoteur/pages/Foncier.tsx(12,1): error TS6192: All imports in import declaration are unused.
src/spaces/promoteur/pages/FoncierPluPage.tsx(29,10): error TS6133: 'GRAD_PRO' is declared but its value is never read.
src/spaces/promoteur/pages/FoncierPluPage.tsx(82,6): error TS6196: 'OapExtractResponse' is declared but never used.
src/spaces/promoteur/pages/FoncierPluPage.tsx(316,7): error TS2353: Object literal may only specify known properties, and 'renderer' does not exist in type 'GeoJSONOptions<any, Geometry>'.
src/spaces/promoteur/pages/FoncierPluPage.tsx(519,87): error TS6133: 'studyId' is declared but its value is never read.
src/spaces/promoteur/pages/Massing3D.tsx(16,10): error TS6133: 'GRAD_PRO' is declared but its value is never read.
src/spaces/promoteur/pages/Massing3D.tsx(208,10): error TS6133: 'scene3D' is declared but its value is never read.
src/spaces/promoteur/pages/MassingPage.tsx(165,9): error TS6133: 'b3' is declared but its value is never read.
src/spaces/promoteur/pages/NouvelleOpportunitePage.tsx(9,8): error TS2307: Cannot find module '@/spaces/apporteur/shared/apporteurDeals.store' or its corresponding type declarations.
src/spaces/promoteur/pages/OpportunitesApporteursPage.tsx(11,8): error TS2307: Cannot find module '@/spaces/apporteur/shared/apporteurDeals.store' or its corresponding type declarations.
src/spaces/promoteur/pages/PermisConstruirePage.tsx(458,7): error TS2322: Type 'string | number' is not assignable to type 'number'.
  Type 'string' is not assignable to type 'number'.
src/spaces/promoteur/pages/PermisConstruirePage.tsx(463,7): error TS2322: Type 'number | null' is not assignable to type 'number | undefined'.
  Type 'null' is not assignable to type 'number | undefined'.
src/spaces/promoteur/pages/PermisConstruirePage.tsx(464,7): error TS2322: Type 'number | null' is not assignable to type 'number | undefined'.
  Type 'null' is not assignable to type 'number | undefined'.
src/spaces/promoteur/pages/PermisConstruirePage.tsx(465,7): error TS2322: Type 'number | null' is not assignable to type 'number | undefined'.
  Type 'null' is not assignable to type 'number | undefined'.
src/spaces/promoteur/pages/PermisConstruirePage.tsx(466,7): error TS2322: Type 'number | null' is not assignable to type 'number | undefined'.
  Type 'null' is not assignable to type 'number | undefined'.
src/spaces/promoteur/pages/PermisConstruirePage.tsx(993,23): error TS2345: Argument of type '"collectif" | "mixte" | "activite" | "individuel"' is not assignable to parameter of type 'PermisConstruireProjectType | null | undefined'.
  Type '"collectif"' is not assignable to type 'PermisConstruireProjectType | null | undefined'.
src/spaces/promoteur/pages/PluFaisabilite.tsx(3,20): error TS2724: '"../../../lib/supabaseClient"' has no exported member named 'SUPABASE_URL'. Did you mean 'supabase'?
src/spaces/promoteur/pages/PluFaisabilite.tsx(3,34): error TS2459: Module '"../../../lib/supabaseClient"' declares 'SUPABASE_ANON_KEY' locally, but it is not exported.
src/spaces/promoteur/pages/PluFaisabilite.tsx(25,5): error TS2352: Conversion of type 'ImportMeta' to type 'Record<string, unknown>' may be a mistake because neither type sufficiently overlaps with the other. If this was intentional, convert the expression to 'unknown' first.
  Index signature for type 'string' is missing in type 'ImportMeta'.
src/spaces/promoteur/pages/PluFaisabilite.tsx(29,5): error TS2352: Conversion of type 'ImportMeta' to type 'Record<string, unknown>' may be a mistake because neither type sufficiently overlaps with the other. If this was intentional, convert the expression to 'unknown' first.
  Index signature for type 'string' is missing in type 'ImportMeta'.
src/spaces/promoteur/pages/PluFaisabilite.tsx(241,6): error TS6196: 'AiExtractResponse' is declared but never used.
src/spaces/promoteur/pages/PluFaisabilite.tsx(587,10): error TS6133: 'isResolvedRulesetMeaningful' is declared but its value is never read.
src/spaces/promoteur/pages/PluFaisabilite.tsx(1574,102): error TS18047: 'data' is possibly 'null'.
src/spaces/promoteur/pages/ProgrammationPage.tsx(18,1): error TS6192: All imports in import declaration are unused.
src/spaces/promoteur/pages/PromoteurRenduTravauxPage.tsx(4,1): error TS6133: 'React' is declared but its value is never read.
src/spaces/promoteur/pages/PromoteurSimulationTravauxPage.tsx(92,84): error TS7053: Element implicitly has an 'any' type because expression of type 'TravauxRange' can't be used to index type 'PricingMeta'.
  Property 'standard' does not exist on type 'PricingMeta'.
src/spaces/promoteur/pages/PromoteurSimulationTravauxPage.tsx(534,33): error TS6133: 'totalWithBuffer' is declared but its value is never read.
src/spaces/promoteur/pages/PromoteurSimulationTravauxPage.tsx(534,77): error TS6133: 'simulation' is declared but its value is never read.
src/spaces/promoteur/pages/PromoteurSimulationTravauxPage.tsx(534,89): error TS6133: 'computed' is declared but its value is never read.
src/spaces/promoteur/pages/PromoteurSimulationTravauxPage.tsx(889,21): error TS2322: Type '{ lots: ComputedLot[]; total: number; bufferPct: number; bufferAmount: number; totalWithBuffer: number; costPerM2: number | null; complexityCoef: number; simulation: TravauxSimulationV1; ... 4 more ...; surfaceTotaleM2: number; }' is not assignable to type 'IntrinsicAttributes & { lots: ComputedLot[]; total: number; bufferPct: number; totalWithBuffer: number; costPerM2: number | null; complexityCoef: number; ... 5 more ...; surfaceTotaleM2: number; }'.
  Property 'bufferAmount' does not exist on type 'IntrinsicAttributes & { lots: ComputedLot[]; total: number; bufferPct: number; totalWithBuffer: number; costPerM2: number | null; complexityCoef: number; ... 5 more ...; surfaceTotaleM2: number; }'.
src/spaces/promoteur/pages/PromoteurSynthesePage.tsx(24,1): error TS6133: 'usePromoteurProjectStore' is declared but its value is never read.
src/spaces/promoteur/pages/PromoteurSynthesePage.tsx(1241,11): error TS6133: 'financingRatePct' is declared but its value is never read.
src/spaces/promoteur/pages/PromoteurSynthesePage.tsx(1242,11): error TS6133: 'marketingPctCa' is declared but its value is never read.
src/spaces/promoteur/pages/PromoteurSynthesePage.tsx(1243,11): error TS6133: 'moePct' is declared but its value is never read.
src/spaces/promoteur/pages/PromoteurSynthesePage.tsx(1247,67): error TS2339: Property 'hauteur_max' does not exist on type 'PromoteurPluData'.
src/spaces/promoteur/pages/PromoteurSynthesePage.tsx(1248,76): error TS2339: Property 'pleine_terre_pct' does not exist on type 'PromoteurPluData'.
src/spaces/promoteur/pages/PromoteurSynthesePage.tsx(1249,67): error TS2339: Property 'cos' does not exist on type 'PromoteurPluData'.
src/spaces/promoteur/pages/PromoteurVeilleFoncierePage.tsx(386,69): error TS2339: Property 'price_m2' does not exist on type 'ListingExtended'.
src/spaces/promoteur/pages/PromoteurVeilleFoncierePage.tsx(462,13): error TS2352: Conversion of type 'MarketOpportunity[]' to type 'OpportunityItem[]' may be a mistake because neither type sufficiently overlaps with the other. If this was intentional, convert the expression to 'unknown' first.
  Type 'MarketOpportunity' is missing the following properties from type 'OpportunityItem': intro, price_position, price_drop_info, diffusion_info
src/spaces/promoteur/pages/PromoteurVeilleFoncierePage.tsx(492,11): error TS2353: Object literal may only specify known properties, and 'propertyTypeFilter' does not exist in type 'FetchMarketActiveListingsParams'.
src/spaces/promoteur/pages/Synthese.tsx(33,9): error TS6133: 'footprintM2' is declared but its value is never read.
src/spaces/promoteur/pages/Synthese.tsx(37,39): error TS2339: Property 'adresse_complete' does not exist on type 'PromoteurFoncierData'.
src/spaces/promoteur/pages/Synthese.tsx(38,39): error TS2339: Property 'commune' does not exist on type 'PromoteurFoncierData'.
src/spaces/promoteur/pages/Synthese.tsx(39,39): error TS2339: Property 'code_postal' does not exist on type 'PromoteurFoncierData'.
src/spaces/promoteur/pages/Synthese.tsx(40,39): error TS2339: Property 'departement' does not exist on type 'PromoteurFoncierData'.
src/spaces/promoteur/pages/Synthese.tsx(45,35): error TS2339: Property 'zone_plu' does not exist on type 'PromoteurPluData'.
src/spaces/promoteur/pages/Synthese.tsx(46,35): error TS2339: Property 'cos' does not exist on type 'PromoteurPluData'.
src/spaces/promoteur/pages/Synthese.tsx(47,35): error TS2339: Property 'hauteur_max' does not exist on type 'PromoteurPluData'.
src/spaces/promoteur/pages/Synthese.tsx(48,35): error TS2339: Property 'pleine_terre_pct' does not exist on type 'PromoteurPluData'.
src/spaces/promoteur/pages/Synthese.tsx(53,47): error TS2339: Property 'nb_transactions' does not exist on type 'PromoteurMarcheData'.
src/spaces/promoteur/pages/Synthese.tsx(54,47): error TS2339: Property 'prix_moyen_dvf' does not exist on type 'PromoteurMarcheData'.
src/spaces/promoteur/pages/Synthese.tsx(55,47): error TS2339: Property 'nb_programmes_concurrents' does not exist on type 'PromoteurMarcheData'.
src/spaces/promoteur/pages/Synthese.tsx(56,47): error TS2339: Property 'absorption_mensuelle' does not exist on type 'PromoteurMarcheData'.
src/spaces/promoteur/pages/Synthese.tsx(58,62): error TS2339: Property 'zonage_risque' does not exist on type 'PromoteurRisquesData'.
src/spaces/promoteur/pages/useApporteurDealPrefill.ts(8,8): error TS2307: Cannot find module '@/spaces/apporteur/shared/apporteurDeals.store' or its corresponding type declarations.
src/spaces/promoteur/plan2d/buildingExport.ts(4,1): error TS6133: 'jsPDF' is declared but its value is never read.
src/spaces/promoteur/plan2d/buildingExport.ts(46,5): error TS2353: Object literal may only specify known properties, and 'balconies' does not exist in type 'ExportedBuilding'.
src/spaces/promoteur/plan2d/BuildingInspectorPanel.tsx(11,17): error TS6133: 'useState' is declared but its value is never read.
src/spaces/promoteur/plan2d/BuildingInspectorPanel.tsx(11,27): error TS6133: 'useCallback' is declared but its value is never read.
src/spaces/promoteur/plan2d/DimensionOverlay.tsx(1,1): error TS6133: 'React' is declared but its value is never read.
src/spaces/promoteur/plan2d/DimensionOverlay.tsx(47,22): error TS6133: 'sw' is declared but its value is never read.
src/spaces/promoteur/plan2d/editor2d.measure.ts(10,3): error TS6133: 'dist' is declared but its value is never read.
src/spaces/promoteur/plan2d/editor2d.store.ts(4,84): error TS6196: 'CotesVisibility' is declared but never used.
src/spaces/promoteur/plan2d/editor2d.store.ts(4,101): error TS6196: 'Tool' is declared but never used.
src/spaces/promoteur/plan2d/editor2d.store.ts(199,7): error TS2783: 'floorsAboveGround' is specified more than once, so this usage will be overwritten.
src/spaces/promoteur/plan2d/editor2d.store.ts(199,28): error TS2783: 'groundFloorHeightM' is specified more than once, so this usage will be overwritten.
src/spaces/promoteur/plan2d/editor2d.store.ts(199,52): error TS2783: 'typicalFloorHeightM' is specified more than once, so this usage will be overwritten.
src/spaces/promoteur/plan2d/editor2d.store.ts(201,7): error TS2783: 'floorPlans' is specified more than once, so this usage will be overwritten.
src/spaces/promoteur/plan2d/editor2d.store.ts(202,7): error TS2783: 'kind' is specified more than once, so this usage will be overwritten.
src/spaces/promoteur/plan2d/FloorElementsPanel.tsx(5,17): error TS6133: 'useState' is declared but its value is never read.
src/spaces/promoteur/plan2d/FloorElementsPanel.tsx(54,50): error TS6133: 'id' is declared but its value is never read.
src/spaces/promoteur/plan2d/FloorElementsPanel.tsx(112,40): error TS2352: Conversion of type 'Balcon2D[] | undefined' to type 'FloorBalcony2D[]' may be a mistake because neither type sufficiently overlaps with the other. If this was intentional, convert the expression to 'unknown' first.
  Type 'Balcon2D[]' is not comparable to type 'FloorBalcony2D[]'.
    Property 'levelIndex' is missing in type 'Balcon2D' but required in type 'FloorBalcony2D'.
src/spaces/promoteur/plan2d/FloorElementsPanel.tsx(113,40): error TS2352: Conversion of type 'Loggia2D[] | undefined' to type 'FloorLoggia2D[]' may be a mistake because neither type sufficiently overlaps with the other. If this was intentional, convert the expression to 'unknown' first.
  Type 'Loggia2D[]' is not comparable to type 'FloorLoggia2D[]'.
    Property 'levelIndex' is missing in type 'Loggia2D' but required in type 'FloorLoggia2D'.
src/spaces/promoteur/plan2d/FloorElementsPanel.tsx(167,60): error TS2551: Property 'slate800' does not exist on type '{ readonly white: "#ffffff"; readonly slate50: "#f8fafc"; readonly slate100: "#f1f5f9"; readonly slate200: "#e2e8f0"; readonly slate400: "#94a3b8"; readonly slate500: "#64748b"; readonly slate700: "#334155"; ... 12 more ...; readonly red600: "#dc2626"; }'. Did you mean 'slate100'?
src/spaces/promoteur/plan2d/geometry/plan.geometry.ts(3,41): error TS2307: Cannot find module './plan.types' or its corresponding type declarations.
src/spaces/promoteur/plan2d/hooks/usePlan2DNavigationState.ts(22,43): error TS2307: Cannot find module '../getCurrentPromoteurParcelSelection' or its corresponding type declarations.
src/spaces/promoteur/plan2d/plan.bestSuggestion.ts(78,3): error TS6133: 'best' is declared but its value is never read.
src/spaces/promoteur/plan2d/plan.scenarioNotes.ts(86,29): error TS2367: This comparison appears to be unintentional because the types '"CONFORME" | "LIMITE"' and '"BLOQUANT"' have no overlap.
src/spaces/promoteur/plan2d/plan.scenarios.ts(223,3): error TS2739: Type '{ totalFootprintM2: number; coverageRatio: number; buildingCount: number; blockingCount: number; limitedCount: number; }' is missing the following properties from type 'ImplantationScenarioMetrics': parkingProvided, parkingRequired
src/spaces/promoteur/plan2d/plan.scenarios.ts(252,3): error TS2739: Type '{ totalFootprintM2: number; coverageRatio: number; buildingCount: number; blockingCount: number; limitedCount: number; }' is missing the following properties from type 'ImplantationScenarioMetrics': parkingProvided, parkingRequired
src/spaces/promoteur/plan2d/plan.types.ts(3,1): error TS6133: 'GeoJSON' is declared but its value is never read.
src/spaces/promoteur/plan2d/Plan2DCanvas.tsx(24,45): error TS6133: 'getBuildingVolumes' is declared but its value is never read.
src/spaces/promoteur/plan2d/Plan2DCanvas.tsx(30,3): error TS6133: 'rectFullyInsidePolygon' is declared but its value is never read.
src/spaces/promoteur/plan2d/Plan2DCanvas.tsx(30,27): error TS6133: 'rectPartiallyInsidePolygon' is declared but its value is never read.
src/spaces/promoteur/plan2d/Plan2DCanvas.tsx(42,3): error TS6133: 'isRectPartiallyInsidePolygon' is declared but its value is never read.
src/spaces/promoteur/plan2d/Plan2DCanvas.tsx(225,9): error TS6133: 'e1' is declared but its value is never read.
src/spaces/promoteur/plan2d/Plan2DCanvas.tsx(226,9): error TS6133: 'e2' is declared but its value is never read.
src/spaces/promoteur/plan2d/Plan2DCanvas.tsx(1091,56): error TS2869: Right operand of ?? is unreachable because the left operand is never nullish.
src/spaces/promoteur/plan2d/Plan2DToolbar.tsx(22,5): error TS2322: Type '"cotes"' is not assignable to type 'Tool'.
src/spaces/promoteur/plan2d/usePlan2DEditor.ts(22,3): error TS6133: 'getHandleWorldPos' is declared but its value is never read.
src/spaces/promoteur/plan2d/usePlan2DEditor.ts(23,3): error TS6133: 'snapPoint' is declared but its value is never read.
src/spaces/promoteur/plan2d/usePlan2DEditor.ts(127,3): error TS6133: 'onDrawMove' is declared but its value is never read.
src/spaces/promoteur/plan2d/usePlan2DEditor.ts(128,3): error TS6133: 'onDrawEnd' is declared but its value is never read.
src/spaces/promoteur/plan2d/usePlan2DEditor.ts(299,7): error TS2739: Type '{ center: Point2D; width: number; depth: number; rotationDeg: number; }' is missing the following properties from type 'Readonly<BuildingRect>': cx, cy
src/spaces/promoteur/plan2d/usePlan2DEditor.ts(335,7): error TS2739: Type '{ center: Point2D; width: number; depth: number; rotationDeg: number; }' is missing the following properties from type 'Readonly<BuildingRect>': cx, cy
src/spaces/promoteur/PromoteurLayout.tsx(10,30): error TS2307: Cannot find module './PromoteurSidebar' or its corresponding type declarations.
src/spaces/promoteur/services/exportDrawnScenarioPdf.ts(93,10): error TS6133: 'ellipsis' is declared but its value is never read.
src/spaces/promoteur/services/exportDrawnScenarioPdf.ts(356,23): error TS6133: 'ri' is declared but its value is never read.
src/spaces/promoteur/services/exportImplantationScenariosPdf.ts(435,13): error TS6133: 'isParkingRow' is declared but its value is never read.
src/spaces/promoteur/services/exportPromoteurPdf.ts(19,1): error TS6133: 'autoTable' is declared but its value is never read.
src/spaces/promoteur/services/exportPromoteurPdf.ts(21,22): error TS6196: 'RecommendationType' is declared but never used.
src/spaces/promoteur/services/exportPromoteurPdf.ts(21,56): error TS6196: 'RisqueItem' is declared but never used.
src/spaces/promoteur/services/exportPromoteurPdf.ts(25,44): error TS6133: 'safeDiv' is declared but its value is never read.
src/spaces/promoteur/services/exportPromoteurPdf.ts(26,13): error TS6133: 'risqueColor' is declared but its value is never read.
src/spaces/promoteur/services/exportPromoteurPdf.ts(27,41): error TS6133: 'DOC_USAGE_LABELS' is declared but its value is never read.
src/spaces/promoteur/services/exportPromoteurPdf.ts(28,12): error TS6133: 'fmtDateLong' is declared but its value is never read.
src/spaces/promoteur/services/exportPromoteurPdf.ts(29,8): error TS6133: 'DocumentStatus' is declared but its value is never read.
src/spaces/promoteur/services/exportPromoteurPdf.ts(32,10): error TS6133: 'drawQr' is declared but its value is never read.
src/spaces/promoteur/services/exportPromoteurPdf.ts(32,30): error TS6133: 'getVerificationUrl' is declared but its value is never read.
src/spaces/promoteur/services/exportPromoteurPdf.ts(35,3): error TS6133: 'isFinancialExploitable' is declared but its value is never read.
src/spaces/promoteur/services/exportPromoteurPdf.ts(35,27): error TS6133: 'isMarketPositionReliable' is declared but its value is never read.
src/spaces/promoteur/services/exportPromoteurPdf.ts(35,53): error TS6133: 'areScenariosExploitable' is declared but its value is never read.
src/spaces/promoteur/services/exportPromoteurPdf.ts(36,22): error TS6133: 'generateFinancierConclusion' is declared but its value is never read.
src/spaces/promoteur/services/exportPromoteurPdf.ts(40,31): error TS6133: 'getCoverDocTypeLabel' is declared but its value is never read.
src/spaces/promoteur/services/exportPromoteurPdf.ts(201,10): error TS6133: 'secTitle' is declared but its value is never read.
src/spaces/promoteur/services/exportPromoteurPdf.ts(225,10): error TS6133: 'subTitle' is declared but its value is never read.
src/spaces/promoteur/services/exportPromoteurPdf.ts(237,10): error TS6133: 'body' is declared but its value is never read.
src/spaces/promoteur/services/exportPromoteurPdf.ts(248,10): error TS6133: 'rule' is declared but its value is never read.
src/spaces/promoteur/services/exportPromoteurPdf.ts(254,10): error TS6133: 'alertBanner' is declared but its value is never read.
src/spaces/promoteur/services/exportPromoteurPdf.ts(278,10): error TS6133: 'kpiGrid' is declared but its value is never read.
src/spaces/promoteur/services/exportPromoteurPdf.ts(324,10): error TS6133: 'scoreLine' is declared but its value is never read.
src/spaces/promoteur/services/exportPromoteurPdf.ts(425,10): error TS6133: 'drawRibbon' is declared but its value is never read.
src/spaces/promoteur/services/exportPromoteurPdf.ts(503,9): error TS6133: 'right' is declared but its value is never read.
src/spaces/promoteur/services/exportPromoteurPdf.ts(863,10): error TS6133: 'rgba' is declared but its value is never read.
src/spaces/promoteur/services/exportPromoteurPdf.ts(876,3): error TS6133: 'h' is declared but its value is never read.
src/spaces/promoteur/services/exportPromoteurPdf.ts(901,10): error TS6133: 'drawMimmozaCube' is declared but its value is never read.
src/spaces/promoteur/services/exportPromoteurPdf.ts(951,10): error TS6133: 'drawCalendarIcon' is declared but its value is never read.
src/spaces/promoteur/services/exportPromoteurPdf.ts(1177,9): error TS6133: 'footerY' is declared but its value is never read.
src/spaces/promoteur/services/exportPromoteurPdf.ts(1392,30): error TS2339: Property 'margeNette' does not exist on type '{ titreOperation: string; recommendation: RecommendationType; motifRecommandation: string; killSwitchesActifs: string[]; pointsForts: string[]; pointsVigilance: string[]; scores: { ...; }; }'.
src/spaces/promoteur/services/exportPromoteurPdf.ts(1393,28): error TS2339: Property 'resultatNet' does not exist on type '{ titreOperation: string; recommendation: RecommendationType; motifRecommandation: string; killSwitchesActifs: string[]; pointsForts: string[]; pointsVigilance: string[]; scores: { ...; }; }'.
src/spaces/promoteur/services/exportPromoteurPdf.ts(1394,38): error TS2339: Property 'margeNette' does not exist on type '{ titreOperation: string; recommendation: RecommendationType; motifRecommandation: string; killSwitchesActifs: string[]; pointsForts: string[]; pointsVigilance: string[]; scores: { ...; }; }'.
src/spaces/promoteur/services/exportPromoteurPdf.ts(1399,17): error TS2339: Property 'caTotal' does not exist on type '{ titreOperation: string; recommendation: RecommendationType; motifRecommandation: string; killSwitchesActifs: string[]; pointsForts: string[]; pointsVigilance: string[]; scores: { ...; }; }'.
src/spaces/promoteur/services/exportPromoteurPdf.ts(1399,39): error TS2339: Property 'caTotal' does not exist on type '{ titreOperation: string; recommendation: RecommendationType; motifRecommandation: string; killSwitchesActifs: string[]; pointsForts: string[]; pointsVigilance: string[]; scores: { ...; }; }'.
src/spaces/promoteur/services/exportPromoteurPdf.ts(1405,30): error TS2339: Property 'trnRendement' does not exist on type '{ titreOperation: string; recommendation: RecommendationType; motifRecommandation: string; killSwitchesActifs: string[]; pointsForts: string[]; pointsVigilance: string[]; scores: { ...; }; }'.
src/spaces/promoteur/services/exportPromoteurPdf.ts(1406,38): error TS2339: Property 'trnRendement' does not exist on type '{ titreOperation: string; recommendation: RecommendationType; motifRecommandation: string; killSwitchesActifs: string[]; pointsForts: string[]; pointsVigilance: string[]; scores: { ...; }; }'.
src/spaces/promoteur/services/exportPromoteurPdf.ts(1456,61): error TS2339: Property 'foncier' does not exist on type '{ global: number; financier: number; marche: number; technique: number; risque: number; }'.
src/spaces/promoteur/services/exportPromoteurPdf.ts(2023,22): error TS2339: Property 'dateEtude' does not exist on type '{ adresse: string; commune: string; codePostal?: string | undefined; departement?: string | undefined; referenceParcellaire?: string | undefined; surfaceTerrain?: number | undefined; nbLogements: number; programmeType: string; }'.
src/spaces/promoteur/services/exportPromoteurPdf.ts(2049,11): error TS2339: Property 'surfacePlancher' does not exist on type '{ adresse: string; commune: string; codePostal?: string | undefined; departement?: string | undefined; referenceParcellaire?: string | undefined; surfaceTerrain?: number | undefined; nbLogements: number; programmeType: string; }'.
src/spaces/promoteur/services/exportPromoteurPdf.ts(2092,51): error TS2339: Property 'typologieMix' does not exist on type '{ adresse: string; commune: string; codePostal?: string | undefined; departement?: string | undefined; referenceParcellaire?: string | undefined; surfaceTerrain?: number | undefined; nbLogements: number; programmeType: string; }'.
src/spaces/promoteur/services/exportPromoteurPdf.ts(2092,101): error TS2339: Property 'typologieMix' does not exist on type '{ adresse: string; commune: string; codePostal?: string | undefined; departement?: string | undefined; referenceParcellaire?: string | undefined; surfaceTerrain?: number | undefined; nbLogements: number; programmeType: string; }'.
src/spaces/promoteur/services/exportPromoteurPdf.ts(2341,49): error TS2345: Argument of type '"CONFIRME" | "SOUS_RESERVE" | "IMPOSSIBLE" | "NON_DETERMINABLE"' is not assignable to parameter of type '"CONFIRME" | "SOUS_RESERVE" | "IMPOSSIBLE"'.
  Type '"NON_DETERMINABLE"' is not assignable to type '"CONFIRME" | "SOUS_RESERVE" | "IMPOSSIBLE"'.
src/spaces/promoteur/services/exportPromoteurPdf.ts(2499,31): error TS2339: Property 'reculs' does not exist on type '{ faisabiliteTechnique: "CONFIRME" | "SOUS_RESERVE" | "IMPOSSIBLE" | "NON_DETERMINABLE"; zonePlu: string; cub: number | null; hauteurMax: number | null; hauteurProjet: number | null; nbNiveaux: number | null; pleineTerre: number | null; contraintes: ContrainteTechnique[]; }'.
src/spaces/promoteur/services/exportPromoteurPdf.ts(2499,60): error TS2339: Property 'reculs' does not exist on type '{ faisabiliteTechnique: "CONFIRME" | "SOUS_RESERVE" | "IMPOSSIBLE" | "NON_DETERMINABLE"; zonePlu: string; cub: number | null; hauteurMax: number | null; hauteurProjet: number | null; nbNiveaux: number | null; pleineTerre: number | null; contraintes: ContrainteTechnique[]; }'.
src/spaces/promoteur/services/exportPromoteurPdf.ts(2693,21): error TS2339: Property 'transactionsRecentes' does not exist on type '{ zoneMarche: string; prixNeufMoyenM2: number; prixProjetM2: number; positionPrix: number; primiumNeuf: number; offreConcurrente: number; delaiEcoulementMois: number | null; analyseFiable: boolean; notesMarcheLibre: string[]; }'.
src/spaces/promoteur/services/exportPromoteurPdf.ts(2766,62): error TS2339: Property 'transactionsRecentes' does not exist on type '{ zoneMarche: string; prixNeufMoyenM2: number; prixProjetM2: number; positionPrix: number; primiumNeuf: number; offreConcurrente: number; delaiEcoulementMois: number | null; analyseFiable: boolean; notesMarcheLibre: string[]; }'.
src/spaces/promoteur/services/exportPromoteurPdf.ts(2821,7): error TS2551: Property 'prixAncienMoyenM2' does not exist on type '{ zoneMarche: string; prixNeufMoyenM2: number; prixProjetM2: number; positionPrix: number; primiumNeuf: number; offreConcurrente: number; delaiEcoulementMois: number | null; analyseFiable: boolean; notesMarcheLibre: string[]; }'. Did you mean 'prixNeufMoyenM2'?
src/spaces/promoteur/services/exportPromoteurPdf.ts(2821,43): error TS2551: Property 'prixAncienMoyenM2' does not exist on type '{ zoneMarche: string; prixNeufMoyenM2: number; prixProjetM2: number; positionPrix: number; primiumNeuf: number; offreConcurrente: number; delaiEcoulementMois: number | null; analyseFiable: boolean; notesMarcheLibre: string[]; }'. Did you mean 'prixNeufMoyenM2'?
src/spaces/promoteur/services/exportPromoteurPdf.ts(2822,7): error TS2551: Property 'prixAncienMoyenM2' does not exist on type '{ zoneMarche: string; prixNeufMoyenM2: number; prixProjetM2: number; positionPrix: number; primiumNeuf: number; offreConcurrente: number; delaiEcoulementMois: number | null; analyseFiable: boolean; notesMarcheLibre: string[]; }'. Did you mean 'prixNeufMoyenM2'?
src/spaces/promoteur/services/exportPromoteurPdf.ts(2831,32): error TS2551: Property 'prixAncienMoyenM2' does not exist on type '{ zoneMarche: string; prixNeufMoyenM2: number; prixProjetM2: number; positionPrix: number; primiumNeuf: number; offreConcurrente: number; delaiEcoulementMois: number | null; analyseFiable: boolean; notesMarcheLibre: string[]; }'. Did you mean 'prixNeufMoyenM2'?
src/spaces/promoteur/services/exportPromoteurPdf.ts(2832,32): error TS2551: Property 'prixAncienMoyenM2' does not exist on type '{ zoneMarche: string; prixNeufMoyenM2: number; prixProjetM2: number; positionPrix: number; primiumNeuf: number; offreConcurrente: number; delaiEcoulementMois: number | null; analyseFiable: boolean; notesMarcheLibre: string[]; }'. Did you mean 'prixNeufMoyenM2'?
src/spaces/promoteur/services/exportPromoteurPdf.ts(2864,47): error TS2339: Property 'transactionsRecentes' does not exist on type '{ zoneMarche: string; prixNeufMoyenM2: number; prixProjetM2: number; positionPrix: number; primiumNeuf: number; offreConcurrente: number; delaiEcoulementMois: number | null; analyseFiable: boolean; notesMarcheLibre: string[]; }'.
src/spaces/promoteur/services/exportPromoteurPdf.ts(2864,100): error TS2339: Property 'transactionsRecentes' does not exist on type '{ zoneMarche: string; prixNeufMoyenM2: number; prixProjetM2: number; positionPrix: number; primiumNeuf: number; offreConcurrente: number; delaiEcoulementMois: number | null; analyseFiable: boolean; notesMarcheLibre: string[]; }'.
src/spaces/promoteur/services/exportPromoteurPdf.ts(2865,48): error TS2339: Property 'transactionsRecentes' does not exist on type '{ zoneMarche: string; prixNeufMoyenM2: number; prixProjetM2: number; positionPrix: number; primiumNeuf: number; offreConcurrente: number; delaiEcoulementMois: number | null; analyseFiable: boolean; notesMarcheLibre: string[]; }'.
src/spaces/promoteur/services/exportPromoteurPdf.ts(2865,107): error TS2339: Property 'transactionsRecentes' does not exist on type '{ zoneMarche: string; prixNeufMoyenM2: number; prixProjetM2: number; positionPrix: number; primiumNeuf: number; offreConcurrente: number; delaiEcoulementMois: number | null; analyseFiable: boolean; notesMarcheLibre: string[]; }'.
src/spaces/promoteur/services/exportPromoteurPdf.ts(2866,46): error TS2339: Property 'transactionsRecentes' does not exist on type '{ zoneMarche: string; prixNeufMoyenM2: number; prixProjetM2: number; positionPrix: number; primiumNeuf: number; offreConcurrente: number; delaiEcoulementMois: number | null; analyseFiable: boolean; notesMarcheLibre: string[]; }'.
src/spaces/promoteur/services/exportPromoteurPdf.ts(2867,46): error TS2339: Property 'transactionsRecentes' does not exist on type '{ zoneMarche: string; prixNeufMoyenM2: number; prixProjetM2: number; positionPrix: number; primiumNeuf: number; offreConcurrente: number; delaiEcoulementMois: number | null; analyseFiable: boolean; notesMarcheLibre: string[]; }'.
src/spaces/promoteur/services/exportPromoteurPdf.ts(2868,29): error TS2339: Property 'absorptionMensuelle' does not exist on type '{ zoneMarche: string; prixNeufMoyenM2: number; prixProjetM2: number; positionPrix: number; primiumNeuf: number; offreConcurrente: number; delaiEcoulementMois: number | null; analyseFiable: boolean; notesMarcheLibre: string[]; }'.
src/spaces/promoteur/services/exportPromoteurPdf.ts(2868,64): error TS2339: Property 'absorptionMensuelle' does not exist on type '{ zoneMarche: string; prixNeufMoyenM2: number; prixProjetM2: number; positionPrix: number; primiumNeuf: number; offreConcurrente: number; delaiEcoulementMois: number | null; analyseFiable: boolean; notesMarcheLibre: string[]; }'.
src/spaces/promoteur/services/exportPromoteurPdf.ts(3389,13): error TS2339: Property 'ratioFondsPropres' does not exist on type '{ fondsPropresRequis: number; fondsPropresPercent: number; creditPromoteurMontant: number; creditPromoteurDuree: number; tauxCredit: number; prefinancementVentes: number; notesBancaires: string[]; }'.
src/spaces/promoteur/services/exportPromoteurPdf.ts(3390,9): error TS2339: Property 'ratioFondsPropres' does not exist on type '{ fondsPropresRequis: number; fondsPropresPercent: number; creditPromoteurMontant: number; creditPromoteurDuree: number; tauxCredit: number; prefinancementVentes: number; notesBancaires: string[]; }'.
src/spaces/promoteur/services/exportPromoteurPdf.ts(3390,49): error TS2339: Property 'ratioFondsPropres' does not exist on type '{ fondsPropresRequis: number; fondsPropresPercent: number; creditPromoteurMontant: number; creditPromoteurDuree: number; tauxCredit: number; prefinancementVentes: number; notesBancaires: string[]; }'.
src/spaces/promoteur/services/exportPromoteurPdf.ts(3434,39): error TS2339: Property 'ratioFondsPropres' does not exist on type '{ fondsPropresRequis: number; fondsPropresPercent: number; creditPromoteurMontant: number; creditPromoteurDuree: number; tauxCredit: number; prefinancementVentes: number; notesBancaires: string[]; }'.
src/spaces/promoteur/services/exportPromoteurPdf.ts(3473,25): error TS2339: Property 'garantiesRequises' does not exist on type '{ fondsPropresRequis: number; fondsPropresPercent: number; creditPromoteurMontant: number; creditPromoteurDuree: number; tauxCredit: number; prefinancementVentes: number; notesBancaires: string[]; }'.
src/spaces/promoteur/services/exportPromoteurPdf.ts(3474,11): error TS2339: Property 'garantiesRequises' does not exist on type '{ fondsPropresRequis: number; fondsPropresPercent: number; creditPromoteurMontant: number; creditPromoteurDuree: number; tauxCredit: number; prefinancementVentes: number; notesBancaires: string[]; }'.
src/spaces/promoteur/services/exportPromoteurPdf.ts(3490,22): error TS7006: Parameter 'g' implicitly has an 'any' type.
src/spaces/promoteur/services/exportPromoteurPdf.ts(4116,27): error TS2339: Property 'hypotheses' does not exist on type 'Scenario'.
src/spaces/promoteur/services/exportPromoteurPdf.ts(4117,27): error TS2339: Property 'hypotheses' does not exist on type 'Scenario'.
src/spaces/promoteur/services/exportPromoteurPdf.ts(4130,49): error TS2339: Property 'trnRendement' does not exist on type '{ chiffreAffaires: number; coutTotal: number; margeNette: number; margeNettePercent: number; recommendation: RecommendationType; }'.
src/spaces/promoteur/services/exportPromoteurPdf.ts(4131,30): error TS2339: Property 'trnRendement' does not exist on type '{ chiffreAffaires: number; coutTotal: number; margeNette: number; margeNettePercent: number; recommendation: RecommendationType; }'.
src/spaces/promoteur/services/exportPromoteurPdf.ts(4182,29): error TS2339: Property 'surfacePlancher' does not exist on type '{ adresse: string; commune: string; codePostal?: string | undefined; departement?: string | undefined; referenceParcellaire?: string | undefined; surfaceTerrain?: number | undefined; nbLogements: number; programmeType: string; }'.
src/spaces/promoteur/services/exportPromoteurPdf.ts(4245,25): error TS2339: Property 'absorptionMensuelle' does not exist on type '{ zoneMarche: string; prixNeufMoyenM2: number; prixProjetM2: number; positionPrix: number; primiumNeuf: number; offreConcurrente: number; delaiEcoulementMois: number | null; analyseFiable: boolean; notesMarcheLibre: string[]; }'.
src/spaces/promoteur/services/exportPromoteurPdf.ts(4534,30): error TS2339: Property 'sourceFoncier' does not exist on type '{ generatedAt: string; dataQualite: DataQualite; analyseSuffisante: boolean; version: string; }'.
src/spaces/promoteur/services/exportPromoteurPdf.ts(4540,30): error TS2339: Property 'sourcePlu' does not exist on type '{ generatedAt: string; dataQualite: DataQualite; analyseSuffisante: boolean; version: string; }'.
src/spaces/promoteur/services/exportPromoteurPdf.ts(4546,30): error TS2339: Property 'sourceMarche' does not exist on type '{ generatedAt: string; dataQualite: DataQualite; analyseSuffisante: boolean; version: string; }'.
src/spaces/promoteur/services/exportPromoteurPdf.ts(4547,27): error TS2339: Property 'transactionsRecentes' does not exist on type '{ zoneMarche: string; prixNeufMoyenM2: number; prixProjetM2: number; positionPrix: number; primiumNeuf: number; offreConcurrente: number; delaiEcoulementMois: number | null; analyseFiable: boolean; notesMarcheLibre: string[]; }'.
src/spaces/promoteur/services/exportPromoteurPdf.ts(4553,27): error TS2339: Property 'transactionsRecentes' does not exist on type '{ zoneMarche: string; prixNeufMoyenM2: number; prixProjetM2: number; positionPrix: number; primiumNeuf: number; offreConcurrente: number; delaiEcoulementMois: number | null; analyseFiable: boolean; notesMarcheLibre: string[]; }'.
src/spaces/promoteur/services/exportPromoteurPdf.ts(4653,30): error TS2339: Property 'avertissements' does not exist on type '{ generatedAt: string; dataQualite: DataQualite; analyseSuffisante: boolean; version: string; }'.
src/spaces/promoteur/services/exportPromoteurPdf.ts(4656,18): error TS2339: Property 'avertissements' does not exist on type '{ generatedAt: string; dataQualite: DataQualite; analyseSuffisante: boolean; version: string; }'.
src/spaces/promoteur/services/exportPromoteurPdf.ts(4657,18): error TS2339: Property 'avertissements' does not exist on type '{ generatedAt: string; dataQualite: DataQualite; analyseSuffisante: boolean; version: string; }'.
src/spaces/promoteur/services/exportPromoteurPdf.ts(4658,18): error TS2339: Property 'avertissements' does not exist on type '{ generatedAt: string; dataQualite: DataQualite; analyseSuffisante: boolean; version: string; }'.
src/spaces/promoteur/services/exportPromoteurPdf.ts(4662,37): error TS2339: Property 'avertissements' does not exist on type '{ generatedAt: string; dataQualite: DataQualite; analyseSuffisante: boolean; version: string; }'.
src/spaces/promoteur/services/exportPromoteurPdf.ts(4670,18): error TS2339: Property 'avertissements' does not exist on type '{ generatedAt: string; dataQualite: DataQualite; analyseSuffisante: boolean; version: string; }'.
src/spaces/promoteur/services/exportPromoteurPdf.ts(4679,36): error TS2339: Property 'avertissements' does not exist on type '{ generatedAt: string; dataQualite: DataQualite; analyseSuffisante: boolean; version: string; }'.
src/spaces/promoteur/services/exportPromoteurPdf.ts(4680,20): error TS2339: Property 'avertissements' does not exist on type '{ generatedAt: string; dataQualite: DataQualite; analyseSuffisante: boolean; version: string; }'.
src/spaces/promoteur/services/exportPromoteurPdf.ts(4680,51): error TS7006: Parameter 'a' implicitly has an 'any' type.
src/spaces/promoteur/services/generatePromoteurSynthese.ts(442,7): error TS2322: Type '({ id: string; type: "BASE"; libelle: string; hypotheses: { prixVenteM2: number; coutTravauxM2: number; tauxAbsorption: number; tauxCredit: number; }; resultat: { chiffreAffaires: number; coutTotal: number; margeNette: number; margeNettePercent: number; trnRendement: number; recommendation: RecommendationType; }; } ...' is not assignable to type 'Scenario[]'.
  Type '{ id: string; type: "BASE"; libelle: string; hypotheses: { prixVenteM2: number; coutTravauxM2: number; tauxAbsorption: number; tauxCredit: number; }; resultat: { chiffreAffaires: number; coutTotal: number; margeNette: number; margeNettePercent: number; trnRendement: number; recommendation: RecommendationType; }; } |...' is not assignable to type 'Scenario'.
    Object literal may only specify known properties, and 'hypotheses' does not exist in type 'Scenario'.
src/spaces/promoteur/services/generatePromoteurSynthese.ts(680,7): error TS2353: Object literal may only specify known properties, and 'sourceFoncier' does not exist in type '{ generatedAt: string; dataQualite: DataQualite; analyseSuffisante: boolean; version: string; }'.
src/spaces/promoteur/services/generatePromoteurSynthese.ts(693,7): error TS2353: Object literal may only specify known properties, and 'surfacePlancher' does not exist in type '{ adresse: string; commune: string; codePostal?: string | undefined; departement?: string | undefined; referenceParcellaire?: string | undefined; surfaceTerrain?: number | undefined; nbLogements: number; programmeType: string; }'.
src/spaces/promoteur/services/generatePromoteurSynthese.ts(716,9): error TS2353: Object literal may only specify known properties, and 'foncier' does not exist in type '{ global: number; financier: number; marche: number; technique: number; risque: number; }'.
src/spaces/promoteur/services/generatePromoteurSynthese.ts(738,7): error TS2353: Object literal may only specify known properties, and 'autresCouts' does not exist in type '{ chiffreAffairesTotal: number; chiffreAffairesM2: number; coutRevientTotal: number; coutRevientM2: number; coutFoncier: number; coutFoncierPresent: boolean; coutTravaux: number; coutTravauxM2: number; ... 7 more ...; bilancielRatio: number; }'.
src/spaces/promoteur/services/generatePromoteurSynthese.ts(744,7): error TS2561: Object literal may only specify known properties, but 'prixAncienMoyenM2' does not exist in type '{ zoneMarche: string; prixNeufMoyenM2: number; prixProjetM2: number; positionPrix: number; primiumNeuf: number; offreConcurrente: number; delaiEcoulementMois: number | null; analyseFiable: boolean; notesMarcheLibre: string[]; }'. Did you mean to write 'prixNeufMoyenM2'?
src/spaces/promoteur/services/generatePromoteurSynthese.ts(770,7): error TS2353: Object literal may only specify known properties, and 'reculs' does not exist in type '{ faisabiliteTechnique: "CONFIRME" | "SOUS_RESERVE" | "IMPOSSIBLE" | "NON_DETERMINABLE"; zonePlu: string; cub: number | null; hauteurMax: number | null; hauteurProjet: number | null; nbNiveaux: number | null; pleineTerre: number | null; contraintes: ContrainteTechnique[]; }'.
src/spaces/promoteur/services/generatePromoteurSynthese.ts(786,7): error TS2353: Object literal may only specify known properties, and 'ratioFondsPropres' does not exist in type '{ fondsPropresRequis: number; fondsPropresPercent: number; creditPromoteurMontant: number; creditPromoteurDuree: number; tauxCredit: number; prefinancementVentes: number; notesBancaires: string[]; }'.
src/spaces/promoteur/services/promoteurPdf.audit.ts(61,94): error TS2339: Property 'surfacePlancher' does not exist on type '{ adresse: string; commune: string; codePostal?: string | undefined; departement?: string | undefined; referenceParcellaire?: string | undefined; surfaceTerrain?: number | undefined; nbLogements: number; programmeType: string; }'.
src/spaces/promoteur/services/promoteurPdf.audit.ts(79,95): error TS2339: Property 'transactionsRecentes' does not exist on type '{ zoneMarche: string; prixNeufMoyenM2: number; prixProjetM2: number; positionPrix: number; primiumNeuf: number; offreConcurrente: number; delaiEcoulementMois: number | null; analyseFiable: boolean; notesMarcheLibre: string[]; }'.
src/spaces/promoteur/services/promoteurPdf.audit.ts(80,95): error TS2551: Property 'prixAncienMoyenM2' does not exist on type '{ zoneMarche: string; prixNeufMoyenM2: number; prixProjetM2: number; positionPrix: number; primiumNeuf: number; offreConcurrente: number; delaiEcoulementMois: number | null; analyseFiable: boolean; notesMarcheLibre: string[]; }'. Did you mean 'prixNeufMoyenM2'?
src/spaces/promoteur/services/promoteurPdf.audit.ts(81,94): error TS2339: Property 'absorptionMensuelle' does not exist on type '{ zoneMarche: string; prixNeufMoyenM2: number; prixProjetM2: number; positionPrix: number; primiumNeuf: number; offreConcurrente: number; delaiEcoulementMois: number | null; analyseFiable: boolean; notesMarcheLibre: string[]; }'.
src/spaces/promoteur/services/promoteurPdf.audit.ts(83,95): error TS2339: Property 'demographieIndicateurs' does not exist on type '{ zoneMarche: string; prixNeufMoyenM2: number; prixProjetM2: number; positionPrix: number; primiumNeuf: number; offreConcurrente: number; delaiEcoulementMois: number | null; analyseFiable: boolean; notesMarcheLibre: string[]; }'.
src/spaces/promoteur/services/promoteurPdf.audit.ts(88,97): error TS2339: Property 'reculs' does not exist on type '{ faisabiliteTechnique: "CONFIRME" | "SOUS_RESERVE" | "IMPOSSIBLE" | "NON_DETERMINABLE"; zonePlu: string; cub: number | null; hauteurMax: number | null; hauteurProjet: number | null; nbNiveaux: number | null; pleineTerre: number | null; contraintes: ContrainteTechnique[]; }'.
src/spaces/promoteur/services/promoteurPdf.formatters.ts(99,14): error TS2741: Property 'ANALYSE_INSUFFISANTE' is missing in type '{ GO: string; GO_CONDITION: string; NO_GO: string; }' but required in type 'Record<RecommendationType, string>'.
src/spaces/promoteur/services/promoteurPdf.formatters.ts(105,14): error TS2741: Property 'ANALYSE_INSUFFISANTE' is missing in type '{ GO: string; GO_CONDITION: string; NO_GO: string; }' but required in type 'Record<RecommendationType, string>'.
src/spaces/promoteur/services/promoteurPdf.narrative.ts(40,31): error TS2339: Property 'surfacePlancher' does not exist on type '{ adresse: string; commune: string; codePostal?: string | undefined; departement?: string | undefined; referenceParcellaire?: string | undefined; surfaceTerrain?: number | undefined; nbLogements: number; programmeType: string; }'.
src/spaces/promoteur/services/promoteurPdf.narrative.ts(45,31): error TS2339: Property 'transactionsRecentes' does not exist on type '{ zoneMarche: string; prixNeufMoyenM2: number; prixProjetM2: number; positionPrix: number; primiumNeuf: number; offreConcurrente: number; delaiEcoulementMois: number | null; analyseFiable: boolean; notesMarcheLibre: string[]; }'.
src/spaces/promoteur/services/promoteurPdf.narrative.ts(47,31): error TS2339: Property 'absorptionMensuelle' does not exist on type '{ zoneMarche: string; prixNeufMoyenM2: number; prixProjetM2: number; positionPrix: number; primiumNeuf: number; offreConcurrente: number; delaiEcoulementMois: number | null; analyseFiable: boolean; notesMarcheLibre: string[]; }'.
src/spaces/promoteur/services/promoteurPdf.narrative.ts(183,3): error TS6133: 'syn' is declared but its value is never read.
src/spaces/promoteur/services/promoteurPdf.narrative.ts(241,3): error TS6133: 'syn' is declared but its value is never read.
src/spaces/promoteur/services/promoteurPdf.narrative.ts(303,3): error TS6133: 'sectionName' is declared but its value is never read.
src/spaces/promoteur/services/promoteurPdf.narrative.ts(305,3): error TS6133: 'mc' is declared but its value is never read.
src/spaces/promoteur/services/promoteurPdf.validators.ts(51,24): error TS2339: Property 'surfacePlancher' does not exist on type '{ adresse: string; commune: string; codePostal?: string | undefined; departement?: string | undefined; referenceParcellaire?: string | undefined; surfaceTerrain?: number | undefined; nbLogements: number; programmeType: string; }'.
src/spaces/promoteur/services/promoteurPdf.validators.ts(68,32): error TS2339: Property 'surfacePlancher' does not exist on type '{ adresse: string; commune: string; codePostal?: string | undefined; departement?: string | undefined; referenceParcellaire?: string | undefined; surfaceTerrain?: number | undefined; nbLogements: number; programmeType: string; }'.
src/spaces/promoteur/services/promoteurPdf.validators.ts(90,24): error TS2339: Property 'transactionsRecentes' does not exist on type '{ zoneMarche: string; prixNeufMoyenM2: number; prixProjetM2: number; positionPrix: number; primiumNeuf: number; offreConcurrente: number; delaiEcoulementMois: number | null; analyseFiable: boolean; notesMarcheLibre: string[]; }'.
src/spaces/promoteur/services/promoteurPdf.validators.ts(92,23): error TS2339: Property 'absorptionMensuelle' does not exist on type '{ zoneMarche: string; prixNeufMoyenM2: number; prixProjetM2: number; positionPrix: number; primiumNeuf: number; offreConcurrente: number; delaiEcoulementMois: number | null; analyseFiable: boolean; notesMarcheLibre: string[]; }'.
src/spaces/promoteur/services/promoteurSynthese.mapper.ts(6,3): error TS2305: Module '"./promoteurSynthese.types"' has no exported member 'ProjetInfo'.
src/spaces/promoteur/services/promoteurSynthese.mapper.ts(7,3): error TS2305: Module '"./promoteurSynthese.types"' has no exported member 'TechniqueAnalysis'.
src/spaces/promoteur/services/promoteurSynthese.mapper.ts(8,3): error TS2305: Module '"./promoteurSynthese.types"' has no exported member 'MarcheAnalysis'.
src/spaces/promoteur/services/promoteurSynthese.mapper.ts(9,3): error TS2305: Module '"./promoteurSynthese.types"' has no exported member 'FinancierAnalysis'.
src/spaces/promoteur/services/promoteurSynthese.mapper.ts(11,3): error TS2305: Module '"./promoteurSynthese.types"' has no exported member 'FinancementAnalysis'.
src/spaces/promoteur/services/promoteurSynthese.mapper.ts(12,3): error TS2305: Module '"./promoteurSynthese.types"' has no exported member 'Scores'.
src/spaces/promoteur/services/promoteurSynthese.mapper.ts(13,3): error TS2305: Module '"./promoteurSynthese.types"' has no exported member 'ExecutiveSummary'.
src/spaces/promoteur/services/promoteurSynthese.mapper.ts(15,3): error TS2305: Module '"./promoteurSynthese.types"' has no exported member 'PluConstrainte'.
src/spaces/promoteur/services/promoteurSynthese.mapper.ts(17,3): error TS2305: Module '"./promoteurSynthese.types"' has no exported member 'PrixMarche'.
src/spaces/promoteur/services/promoteurSynthese.mapper.ts(46,14): error TS18048: 'foncier' is possibly 'undefined'.
src/spaces/promoteur/services/promoteurSynthese.mapper.ts(47,14): error TS18048: 'foncier' is possibly 'undefined'.
src/spaces/promoteur/services/promoteurSynthese.mapper.ts(48,17): error TS18048: 'foncier' is possibly 'undefined'.
src/spaces/promoteur/services/promoteurSynthese.mapper.ts(49,18): error TS18048: 'foncier' is possibly 'undefined'.
src/spaces/promoteur/services/promoteurSynthese.mapper.ts(50,21): error TS18048: 'foncier' is possibly 'undefined'.
src/spaces/promoteur/services/promoteurSynthese.mapper.ts(51,22): error TS18048: 'conception' is possibly 'undefined'.
src/spaces/promoteur/services/promoteurSynthese.mapper.ts(52,18): error TS18048: 'conception' is possibly 'undefined'.
src/spaces/promoteur/services/promoteurSynthese.mapper.ts(53,19): error TS18048: 'conception' is possibly 'undefined'.
src/spaces/promoteur/services/promoteurSynthese.mapper.ts(53,30): error TS2339: Property 'typologieMix' does not exist on type '{ surfacePlancher?: number | undefined; nbLogements?: number | undefined; nbNiveaux?: number | undefined; hauteurProjet?: number | undefined; empriseBatie?: number | undefined; programmeType?: string | undefined; }'.
src/spaces/promoteur/services/promoteurSynthese.mapper.ts(54,20): error TS18048: 'conception' is possibly 'undefined'.
src/spaces/promoteur/services/promoteurSynthese.mapper.ts(64,42): error TS18048: 'plu' is possibly 'undefined'.
src/spaces/promoteur/services/promoteurSynthese.mapper.ts(64,46): error TS2339: Property 'reglesPlu' does not exist on type '{ zone?: string | undefined; cub?: number | undefined; hauteurMax?: number | undefined; pleineTerre?: number | undefined; }'.
src/spaces/promoteur/services/promoteurSynthese.mapper.ts(64,68): error TS7006: Parameter 'r' implicitly has an 'any' type.
src/spaces/promoteur/services/promoteurSynthese.mapper.ts(87,8): error TS18048: 'plu' is possibly 'undefined'.
src/spaces/promoteur/services/promoteurSynthese.mapper.ts(92,14): error TS18048: 'plu' is possibly 'undefined'.
src/spaces/promoteur/services/promoteurSynthese.mapper.ts(93,10): error TS18048: 'plu' is possibly 'undefined'.
src/spaces/promoteur/services/promoteurSynthese.mapper.ts(94,17): error TS18048: 'plu' is possibly 'undefined'.
src/spaces/promoteur/services/promoteurSynthese.mapper.ts(96,15): error TS18048: 'plu' is possibly 'undefined'.
src/spaces/promoteur/services/promoteurSynthese.mapper.ts(96,19): error TS2339: Property 'reculs' does not exist on type '{ zone?: string | undefined; cub?: number | undefined; hauteurMax?: number | undefined; pleineTerre?: number | undefined; }'.
src/spaces/promoteur/services/promoteurSynthese.mapper.ts(97,27): error TS18048: 'plu' is possibly 'undefined'.
src/spaces/promoteur/services/promoteurSynthese.mapper.ts(97,31): error TS2339: Property 'reculs' does not exist on type '{ zone?: string | undefined; cub?: number | undefined; hauteurMax?: number | undefined; pleineTerre?: number | undefined; }'.
src/spaces/promoteur/services/promoteurSynthese.mapper.ts(98,13): error TS18048: 'plu' is possibly 'undefined'.
src/spaces/promoteur/services/promoteurSynthese.mapper.ts(98,17): error TS2339: Property 'reculs' does not exist on type '{ zone?: string | undefined; cub?: number | undefined; hauteurMax?: number | undefined; pleineTerre?: number | undefined; }'.
src/spaces/promoteur/services/promoteurSynthese.mapper.ts(100,18): error TS18048: 'plu' is possibly 'undefined'.
src/spaces/promoteur/services/promoteurSynthese.mapper.ts(104,19): error TS18048: 'conception' is possibly 'undefined'.
src/spaces/promoteur/services/promoteurSynthese.mapper.ts(105,20): error TS18048: 'conception' is possibly 'undefined'.
src/spaces/promoteur/services/promoteurSynthese.mapper.ts(106,16): error TS18048: 'conception' is possibly 'undefined'.
src/spaces/promoteur/services/promoteurSynthese.mapper.ts(108,25): error TS18048: 'conception' is possibly 'undefined'.
src/spaces/promoteur/services/promoteurSynthese.mapper.ts(108,36): error TS2339: Property 'parking' does not exist on type '{ surfacePlancher?: number | undefined; nbLogements?: number | undefined; nbNiveaux?: number | undefined; hauteurProjet?: number | undefined; empriseBatie?: number | undefined; programmeType?: string | undefined; }'.
src/spaces/promoteur/services/promoteurSynthese.mapper.ts(109,24): error TS18048: 'conception' is possibly 'undefined'.
src/spaces/promoteur/services/promoteurSynthese.mapper.ts(109,35): error TS2339: Property 'parking' does not exist on type '{ surfacePlancher?: number | undefined; nbLogements?: number | undefined; nbNiveaux?: number | undefined; hauteurProjet?: number | undefined; empriseBatie?: number | undefined; programmeType?: string | undefined; }'.
src/spaces/promoteur/services/promoteurSynthese.mapper.ts(110,13): error TS18048: 'conception' is possibly 'undefined'.
src/spaces/promoteur/services/promoteurSynthese.mapper.ts(110,24): error TS2339: Property 'parking' does not exist on type '{ surfacePlancher?: number | undefined; nbLogements?: number | undefined; nbNiveaux?: number | undefined; hauteurProjet?: number | undefined; empriseBatie?: number | undefined; programmeType?: string | undefined; }'.
src/spaces/promoteur/services/promoteurSynthese.mapper.ts(120,20): error TS18048: 'marche' is possibly 'undefined'.
src/spaces/promoteur/services/promoteurSynthese.mapper.ts(121,22): error TS18048: 'evaluation' is possibly 'undefined'.
src/spaces/promoteur/services/promoteurSynthese.mapper.ts(122,22): error TS18048: 'marche' is possibly 'undefined'.
src/spaces/promoteur/services/promoteurSynthese.mapper.ts(135,18): error TS18048: 'marche' is possibly 'undefined'.
src/spaces/promoteur/services/promoteurSynthese.mapper.ts(136,14): error TS18048: 'marche' is possibly 'undefined'.
src/spaces/promoteur/services/promoteurSynthese.mapper.ts(137,14): error TS18048: 'marche' is possibly 'undefined'.
src/spaces/promoteur/services/promoteurSynthese.mapper.ts(138,21): error TS18048: 'marche' is possibly 'undefined'.
src/spaces/promoteur/services/promoteurSynthese.mapper.ts(139,14): error TS18048: 'marche' is possibly 'undefined'.
src/spaces/promoteur/services/promoteurSynthese.mapper.ts(152,8): error TS18048: 'marche' is possibly 'undefined'.
src/spaces/promoteur/services/promoteurSynthese.mapper.ts(154,31): error TS18048: 'marche' is possibly 'undefined'.
src/spaces/promoteur/services/promoteurSynthese.mapper.ts(165,23): error TS18048: 'marche' is possibly 'undefined'.
src/spaces/promoteur/services/promoteurSynthese.mapper.ts(165,30): error TS2339: Property 'prixParTypologie' does not exist on type '{ prixNeufM2?: number | undefined; prixAncienM2?: number | undefined; nbTransactionsDvf?: number | undefined; prixMoyenDvf?: number | undefined; prixMinDvf?: number | undefined; prixMaxDvf?: number | undefined; periodeDvf?: string | undefined; offreConcurrente?: number | undefined; absorptionMensuelle?: number | und...'.
src/spaces/promoteur/services/promoteurSynthese.mapper.ts(166,23): error TS18048: 'marche' is possibly 'undefined'.
src/spaces/promoteur/services/promoteurSynthese.mapper.ts(168,29): error TS18048: 'marche' is possibly 'undefined'.
src/spaces/promoteur/services/promoteurSynthese.mapper.ts(168,36): error TS2339: Property 'demographieData' does not exist on type '{ prixNeufM2?: number | undefined; prixAncienM2?: number | undefined; nbTransactionsDvf?: number | undefined; prixMoyenDvf?: number | undefined; prixMinDvf?: number | undefined; prixMaxDvf?: number | undefined; periodeDvf?: string | undefined; offreConcurrente?: number | undefined; absorptionMensuelle?: number | und...'.
src/spaces/promoteur/services/promoteurSynthese.mapper.ts(170,26): error TS18048: 'marche' is possibly 'undefined'.
src/spaces/promoteur/services/promoteurSynthese.mapper.ts(172,7): error TS18048: 'marche' is possibly 'undefined'.
src/spaces/promoteur/services/promoteurSynthese.mapper.ts(172,37): error TS18048: 'input.conception' is possibly 'undefined'.
src/spaces/promoteur/services/promoteurSynthese.mapper.ts(173,27): error TS18048: 'input.conception' is possibly 'undefined'.
src/spaces/promoteur/services/promoteurSynthese.mapper.ts(173,57): error TS18048: 'marche' is possibly 'undefined'.
src/spaces/promoteur/services/promoteurSynthese.mapper.ts(184,14): error TS18048: 'bilan' is possibly 'undefined'.
src/spaces/promoteur/services/promoteurSynthese.mapper.ts(184,39): error TS18048: 'evaluation' is possibly 'undefined'.
src/spaces/promoteur/services/promoteurSynthese.mapper.ts(185,14): error TS18048: 'conception' is possibly 'undefined'.
src/spaces/promoteur/services/promoteurSynthese.mapper.ts(188,6): error TS18048: 'foncier' is possibly 'undefined'.
src/spaces/promoteur/services/promoteurSynthese.mapper.ts(188,33): error TS18048: 'bilan' is possibly 'undefined'.
src/spaces/promoteur/services/promoteurSynthese.mapper.ts(189,6): error TS18048: 'foncier' is possibly 'undefined'.
src/spaces/promoteur/services/promoteurSynthese.mapper.ts(190,6): error TS18048: 'foncier' is possibly 'undefined'.
src/spaces/promoteur/services/promoteurSynthese.mapper.ts(190,14): error TS2339: Property 'fraisDemolition' does not exist on type '{ adresse?: string | undefined; commune?: string | undefined; codePostal?: string | undefined; departement?: string | undefined; surfaceTerrain?: number | undefined; prixAcquisition?: number | undefined; fraisNotaire?: number | undefined; pollutionDetectee?: boolean | undefined; }'.
src/spaces/promoteur/services/promoteurSynthese.mapper.ts(192,23): error TS18048: 'bilan' is possibly 'undefined'.
src/spaces/promoteur/services/promoteurSynthese.mapper.ts(193,25): error TS18048: 'bilan' is possibly 'undefined'.
src/spaces/promoteur/services/promoteurSynthese.mapper.ts(194,27): error TS18048: 'bilan' is possibly 'undefined'.
src/spaces/promoteur/services/promoteurSynthese.mapper.ts(195,21): error TS18048: 'bilan' is possibly 'undefined'.
src/spaces/promoteur/services/promoteurSynthese.mapper.ts(196,24): error TS18048: 'bilan' is possibly 'undefined'.
src/spaces/promoteur/services/promoteurSynthese.mapper.ts(197,26): error TS18048: 'bilan' is possibly 'undefined'.
src/spaces/promoteur/services/promoteurSynthese.mapper.ts(197,32): error TS2339: Property 'autresCouts' does not exist on type '{ coutFoncier?: number | undefined; coutTravaux?: number | undefined; coutTravauxM2?: number | undefined; fraisFinanciers?: number | undefined; fraisCommercialisation?: number | undefined; ... 6 more ...; creditPromoteur?: number | undefined; }'.
src/spaces/promoteur/services/promoteurSynthese.mapper.ts(246,27): error TS2339: Property 'categorie' does not exist on type 'RisqueItem'.
src/spaces/promoteur/services/promoteurSynthese.mapper.ts(256,7): error TS2353: Object literal may only specify known properties, and 'categorie' does not exist in type 'RisqueItem'.
src/spaces/promoteur/services/promoteurSynthese.mapper.ts(275,20): error TS18048: 'input.marche' is possibly 'undefined'.
src/spaces/promoteur/services/promoteurSynthese.mapper.ts(276,22): error TS18048: 'input.evaluation' is possibly 'undefined'.
src/spaces/promoteur/services/promoteurSynthese.mapper.ts(283,24): error TS18048: 'input.plu' is possibly 'undefined'.
src/spaces/promoteur/services/promoteurSynthese.mapper.ts(283,34): error TS2339: Property 'reglesPlu' does not exist on type '{ zone?: string | undefined; cub?: number | undefined; hauteurMax?: number | undefined; pleineTerre?: number | undefined; }'.
src/spaces/promoteur/services/promoteurSynthese.mapper.ts(283,57): error TS7006: Parameter 'r' implicitly has an 'any' type.
src/spaces/promoteur/services/promoteurSynthese.mapper.ts(289,7): error TS18048: 'input.foncier' is possibly 'undefined'.
src/spaces/promoteur/services/promoteurSynthese.mapper.ts(297,19): error TS18048: 'input.risques' is possibly 'undefined'.
src/spaces/promoteur/services/promoteurSynthese.mapper.ts(298,33): error TS2339: Property 'niveau' does not exist on type 'string'.
src/spaces/promoteur/services/promoteurSynthese.mapper.ts(300,9): error TS2339: Property 'categorie' does not exist on type 'string'.
src/spaces/promoteur/services/promoteurSynthese.mapper.ts(301,9): error TS2339: Property 'libelle' does not exist on type 'string'.
src/spaces/promoteur/services/promoteurSynthese.mapper.ts(305,9): error TS2339: Property 'mitigation' does not exist on type 'string'.
src/spaces/promoteur/services/promoteurSynthese.mapper.ts(309,35): error TS2339: Property 'scoreCombine' does not exist on type 'RisqueItem'.
src/spaces/promoteur/services/promoteurSynthese.mapper.ts(309,52): error TS2339: Property 'scoreCombine' does not exist on type 'RisqueItem'.
src/spaces/promoteur/services/promoteurSynthese.mapper.ts(316,24): error TS18048: 'bilan' is possibly 'undefined'.
src/spaces/promoteur/services/promoteurSynthese.mapper.ts(317,18): error TS18048: 'bilan' is possibly 'undefined'.
src/spaces/promoteur/services/promoteurSynthese.mapper.ts(348,14): error TS18048: 'input.conception' is possibly 'undefined'.
src/spaces/promoteur/services/promoteurSynthese.mapper.ts(379,9): error TS2353: Object literal may only specify known properties, and 'resultatNet' does not exist in type '{ chiffreAffaires: number; coutTotal: number; margeNette: number; margeNettePercent: number; recommendation: RecommendationType; }'.
src/spaces/promoteur/services/promoteurSynthese.mapper.ts(389,7): error TS2739: Type '{ margeNettePercent: number; resultatNet: number; trnRendement: number; recommendation: RecommendationType; }' is missing the following properties from type '{ chiffreAffaires: number; coutTotal: number; margeNette: number; margeNettePercent: number; recommendation: RecommendationType; }': chiffreAffaires, coutTotal, margeNette
src/spaces/promoteur/services/promoteurSynthese.mapper.ts(399,7): error TS2739: Type '{ margeNettePercent: number; resultatNet: number; trnRendement: number; recommendation: RecommendationType; }' is missing the following properties from type '{ chiffreAffaires: number; coutTotal: number; margeNette: number; margeNettePercent: number; recommendation: RecommendationType; }': chiffreAffaires, coutTotal, margeNette
src/spaces/promoteur/services/promoteurSynthese.mapper.ts(409,7): error TS2739: Type '{ margeNettePercent: number; resultatNet: number; trnRendement: number; recommendation: RecommendationType; }' is missing the following properties from type '{ chiffreAffaires: number; coutTotal: number; margeNette: number; margeNettePercent: number; recommendation: RecommendationType; }': chiffreAffaires, coutTotal, margeNette
src/spaces/promoteur/services/promoteurSynthese.mapper.ts(472,20): error TS18048: 'input.marche' is possibly 'undefined'.
src/spaces/promoteur/services/promoteurSynthese.mapper.ts(473,22): error TS18048: 'input.evaluation' is possibly 'undefined'.
src/spaces/promoteur/services/promoteurSynthese.mapper.ts(479,8): error TS18048: 'input.plu' is possibly 'undefined'.
src/spaces/promoteur/services/promoteurSynthese.mapper.ts(479,18): error TS2339: Property 'reglesPlu' does not exist on type '{ zone?: string | undefined; cub?: number | undefined; hauteurMax?: number | undefined; pleineTerre?: number | undefined; }'.
src/spaces/promoteur/services/promoteurSynthese.mapper.ts(479,41): error TS7006: Parameter 'r' implicitly has an 'any' type.
src/spaces/promoteur/services/promoteurSynthese.mapper.ts(487,9): error TS2741: Property 'ANALYSE_INSUFFISANTE' is missing in type '{ GO: string; GO_CONDITION: string; NO_GO: string; }' but required in type 'Record<RecommendationType, string>'.
src/spaces/promoteur/services/promoteurSynthese.mapper.ts(539,8): error TS18048: 'input.foncier' is possibly 'undefined'.
src/spaces/promoteur/services/promoteurSynthese.mapper.ts(540,8): error TS18048: 'input.conception' is possibly 'undefined'.
src/spaces/promoteur/services/promoteurSynthese.mapper.ts(541,8): error TS18048: 'input.marche' is possibly 'undefined'.
src/spaces/promoteur/services/promoteurSynthese.mapper.ts(542,8): error TS18048: 'input.bilan' is possibly 'undefined'.
src/spaces/promoteur/services/promoteurSynthese.mapper.ts(561,5): error TS2322: Type 'null' is not assignable to type '{ texteExecutif: string; analyseMarche: string; analyseTechnique: string; analyseFinanciere: string; analyseRisques: string; conclusion: string; }'.
src/spaces/promoteur/services/promoteurSynthese.mapper.ts(563,7): error TS2353: Object literal may only specify known properties, and 'sourceFoncier' does not exist in type '{ generatedAt: string; dataQualite: DataQualite; analyseSuffisante: boolean; version: string; }'.
src/spaces/promoteur/services/rechercheContacts.service.ts(1,26): error TS2307: Cannot find module '@/lib/supabase' or its corresponding type declarations.
src/spaces/promoteur/shared/components/ProjectSelector.tsx(10,26): error TS6133: 'Edit3' is declared but its value is never read.
src/spaces/promoteur/shared/components/ProjectSelector.tsx(183,3): error TS6133: 'showParcels' is declared but its value is never read.
src/spaces/promoteur/shared/dataSyncHelpers.ts(6,7): error TS6133: 'LS_PLU_USER_OVERRIDES_V1' is declared but its value is never read.
src/spaces/promoteur/shared/getCurrentPromoteurParcelSelection.ts(16,47): error TS6196: 'Geometry' is declared but never used.
src/spaces/promoteur/shared/getCurrentPromoteurParcelSelection.ts(16,57): error TS6196: 'FeatureCollection' is declared but never used.
src/spaces/promoteur/shared/StudyError.tsx(3,1): error TS6133: 'React' is declared but its value is never read.
src/spaces/promoteur/shared/StudyLoader.tsx(3,1): error TS6133: 'React' is declared but its value is never read.
src/spaces/promoteur/shared/useStudy.ts(9,15): error TS2305: Module '"./promoteurStudyService"' has no exported member 'PromoteurStudyRow'.
src/spaces/promoteur/shared/useStudy.ts(21,39): error TS2339: Property 'get' does not exist on type '{ readonly getStudy: (studyId: string) => Promise<ServiceResult<PromoteurStudy>>; readonly listStudies: () => Promise<ServiceResult<PromoteurStudySummary[]>>; ... 11 more ...; readonly patchFoncierLegacy: (studyId: string, flat: { ...; }) => Promise<...>; }'.
src/spaces/promoteur/synthese/SyntheseStartPage.tsx(100,9): error TS2353: Object literal may only specify known properties, and 'payload' does not exist in type 'GenerateSyntheseArgs'.
src/spaces/promoteur/synthese/SyntheseStartPage.tsx(106,23): error TS2339: Property 'markdown' does not exist on type 'SyntheseResult'.
src/spaces/promoteur/terrain3d/blender/buildFacadeForExport.ts(167,37): error TS2339: Property 'groundFloorHeightM' does not exist on type 'MassingVerticalComposition'.
src/spaces/promoteur/terrain3d/blender/buildFacadeForExport.ts(192,34): error TS6133: 'edge' is declared but its value is never read.
src/spaces/promoteur/terrain3d/blender/buildFacadeForExport.ts(269,23): error TS2352: Conversion of type 'MassingBuildingModel' to type 'Record<string, unknown>' may be a mistake because neither type sufficiently overlaps with the other. If this was intentional, convert the expression to 'unknown' first.
  Index signature for type 'string' is missing in type 'MassingBuildingModel'.
src/spaces/promoteur/terrain3d/blender/buildFacadeForExport.ts(270,9): error TS2352: Conversion of type 'MassingBuildingModel' to type 'Record<string, unknown>' may be a mistake because neither type sufficiently overlaps with the other. If this was intentional, convert the expression to 'unknown' first.
  Index signature for type 'string' is missing in type 'MassingBuildingModel'.
src/spaces/promoteur/terrain3d/blender/buildFacadeForExport.ts(344,7): error TS2353: Object literal may only specify known properties, and 'metallic' does not exist in type 'Partial<MapColorPropertiesToColorRepresentations<MeshStandardMaterialProperties>>'.
src/spaces/promoteur/terrain3d/blender/buildFacadeForExport.ts(391,5): error TS2353: Object literal may only specify known properties, and 'metallic' does not exist in type 'Partial<MapColorPropertiesToColorRepresentations<MeshStandardMaterialProperties>>'.
src/spaces/promoteur/terrain3d/blender/buildFacadeForExport.ts(478,5): error TS2353: Object literal may only specify known properties, and 'metallic' does not exist in type 'Partial<MapColorPropertiesToColorRepresentations<MeshStandardMaterialProperties>>'.
src/spaces/promoteur/terrain3d/blender/buildFacadeForExport.ts(526,5): error TS2353: Object literal may only specify known properties, and 'metallic' does not exist in type 'Partial<MapColorPropertiesToColorRepresentations<MeshStandardMaterialProperties>>'.
src/spaces/promoteur/terrain3d/blender/buildFacadeForExport.ts(593,5): error TS2353: Object literal may only specify known properties, and 'metallic' does not exist in type 'Partial<MapColorPropertiesToColorRepresentations<MeshStandardMaterialProperties>>'.
src/spaces/promoteur/terrain3d/blender/buildFacadeForExport.ts(651,5): error TS2353: Object literal may only specify known properties, and 'metallic' does not exist in type 'Partial<MapColorPropertiesToColorRepresentations<MeshStandardMaterialProperties>>'.
src/spaces/promoteur/terrain3d/blender/buildFacadeForExport.ts(733,5): error TS2353: Object literal may only specify known properties, and 'metallic' does not exist in type 'Partial<MapColorPropertiesToColorRepresentations<MeshStandardMaterialProperties>>'.
src/spaces/promoteur/terrain3d/blender/buildFacadeForExport.ts(857,5): error TS2353: Object literal may only specify known properties, and 'metallic' does not exist in type 'Partial<MapColorPropertiesToColorRepresentations<MeshStandardMaterialProperties>>'.
src/spaces/promoteur/terrain3d/blender/buildFacadeForExport.ts(941,5): error TS2353: Object literal may only specify known properties, and 'metallic' does not exist in type 'Partial<MapColorPropertiesToColorRepresentations<MeshStandardMaterialProperties>>'.
src/spaces/promoteur/terrain3d/blender/buildFacadeForExport.ts(1021,20): error TS2352: Conversion of type 'BuildingStyleOptions' to type 'Record<string, unknown>' may be a mistake because neither type sufficiently overlaps with the other. If this was intentional, convert the expression to 'unknown' first.
  Index signature for type 'string' is missing in type 'BuildingStyleOptions'.
src/spaces/promoteur/terrain3d/blender/buildFacadeForExport.ts(1035,20): error TS2352: Conversion of type 'BuildingStyleOptions' to type 'Record<string, unknown>' may be a mistake because neither type sufficiently overlaps with the other. If this was intentional, convert the expression to 'unknown' first.
  Index signature for type 'string' is missing in type 'BuildingStyleOptions'.
src/spaces/promoteur/terrain3d/blender/buildFacadeForExport.ts(1046,20): error TS2352: Conversion of type 'BuildingStyleOptions' to type 'Record<string, unknown>' may be a mistake because neither type sufficiently overlaps with the other. If this was intentional, convert the expression to 'unknown' first.
  Index signature for type 'string' is missing in type 'BuildingStyleOptions'.
src/spaces/promoteur/terrain3d/blender/buildFacadeForExport.ts(1058,20): error TS2352: Conversion of type 'BuildingStyleOptions' to type 'Record<string, unknown>' may be a mistake because neither type sufficiently overlaps with the other. If this was intentional, convert the expression to 'unknown' first.
  Index signature for type 'string' is missing in type 'BuildingStyleOptions'.
src/spaces/promoteur/terrain3d/blender/buildRenderSpecV3.ts(10,62): error TS2307: Cannot find module './buildArchitecturalMeshGroups' or its corresponding type declarations.
src/spaces/promoteur/terrain3d/blender/buildRenderSpecV3.ts(301,17): error TS2353: Object literal may only specify known properties, and 'groundMaterial' does not exist in type '{ name?: string | undefined; visible?: boolean | undefined; levelCount?: number | undefined; totalHeightM?: number | undefined; floorToFloorM?: number | undefined; groundFloorHeightM?: number | undefined; roofType?: string | undefined; roofColor?: string | undefined; landscape?: LandscapeSpec | undefined; }'.
src/spaces/promoteur/terrain3d/blender/buildSceneRenderSpec.ts(138,7): error TS2345: Argument of type '{ heroObjectKey: string; heroFacadeDirection: string; position?: [number, number, number] | undefined; target?: [number, number, number] | undefined; lensMm?: number; name?: string; clipStart?: number; clipEnd?: number; preset?: string; fitStrategy?: string; }' is not assignable to parameter of type '{ position: [number, number, number]; target: [number, number, number]; lensMm?: number | undefined; name?: string | undefined; clipStart?: number | undefined; clipEnd?: number | undefined; preset?: string | undefined; fitStrategy?: string | undefined; heroFacadeDirection?: string | undefined; heroObjectKey?: string...'.
  Types of property 'position' are incompatible.
    Type '[number, number, number] | undefined' is not assignable to type '[number, number, number]'.
      Type 'undefined' is not assignable to type '[number, number, number]'.
src/spaces/promoteur/terrain3d/blender/buildUrbanContextForExport.ts(990,5): error TS2353: Object literal may only specify known properties, and 'metallic' does not exist in type 'Partial<MapColorPropertiesToColorRepresentations<MeshStandardMaterialProperties>>'.
src/spaces/promoteur/terrain3d/blender/buildUrbanContextForExport.ts(995,10): error TS6133: 'clampNumber' is declared but its value is never read.
src/spaces/promoteur/terrain3d/blender/exportEnrichedGltf.ts(14,30): error TS2307: Cannot find module 'three/examples/jsm/exporters/GLTFExporter' or its corresponding type declarations.
src/spaces/promoteur/terrain3d/blender/exportEnrichedGltf.ts(21,8): error TS2307: Cannot find module './buildArchitecturalMeshGroups' or its corresponding type declarations.
src/spaces/promoteur/terrain3d/blender/exportEnrichedGltf.ts(163,5): error TS2353: Object literal may only specify known properties, and 'metallic' does not exist in type 'Partial<MapColorPropertiesToColorRepresentations<MeshStandardMaterialProperties>>'.
src/spaces/promoteur/terrain3d/blender/exportEnrichedGltf.ts(307,8): error TS7006: Parameter 'result' implicitly has an 'any' type.
src/spaces/promoteur/terrain3d/blender/exportEnrichedGltf.ts(311,8): error TS7006: Parameter 'error' implicitly has an 'any' type.
src/spaces/promoteur/terrain3d/buildingBlenderSpec.helpers.ts(4,43): error TS2307: Cannot find module '../massingScene.types' or its corresponding type declarations.
src/spaces/promoteur/terrain3d/buildingBlenderSpec.helpers.ts(10,8): error TS2307: Cannot find module './buildingBlenderSpec.types' or its corresponding type declarations.
src/spaces/promoteur/terrain3d/buildingRenderMapper.ts(5,42): error TS2307: Cannot find module './buildingBlenderSpec.types' or its corresponding type declarations.
src/spaces/promoteur/terrain3d/buildingRenderMapper.ts(6,43): error TS2307: Cannot find module '../massingScene.types' or its corresponding type declarations.
src/spaces/promoteur/terrain3d/components/BuildingPropertiesPanel_shadingSection.tsx(19,7): error TS6133: 'SHADING_OPTIONS' is declared but its value is never read.
src/spaces/promoteur/terrain3d/components/BuildingPropertiesPanel_shadingSection.tsx(19,33): error TS2304: Cannot find name 'ShadingDeviceType'.
src/spaces/promoteur/terrain3d/components/BuildingPropertiesPanel_shadingSection.tsx(30,10): error TS6133: 'patchShading' is declared but its value is never read.
src/spaces/promoteur/terrain3d/components/BuildingPropertiesPanel_shadingSection.tsx(31,13): error TS2304: Cannot find name 'BuildingAssemblyInput'.
src/spaces/promoteur/terrain3d/components/BuildingPropertiesPanel_shadingSection.tsx(32,29): error TS2304: Cannot find name 'BuildingAssemblyInput'.
src/spaces/promoteur/terrain3d/components/BuildingPropertiesPanel_shadingSection.tsx(33,18): error TS2304: Cannot find name 'ShadingConfig'.
src/spaces/promoteur/terrain3d/components/Massing3DCanvas.tsx(22,33): error TS2307: Cannot find module '../../massing3d/MassingEditor3D' or its corresponding type declarations.
src/spaces/promoteur/terrain3d/components/MassingEditor3D.tsx(13,8): error TS6133: 'React' is declared but its value is never read.
src/spaces/promoteur/terrain3d/components/MassingEditor3D.tsx(377,3): error TS6133: 'meta' is declared but its value is never read.
src/spaces/promoteur/terrain3d/components/MassingRenderer.tsx(112,7): error TS6133: 'TONE_EXPOSURE' is declared but its value is never read.
src/spaces/promoteur/terrain3d/components/MassingRenderer.tsx(506,18): error TS2339: Property 'physicallyCorrectLights' does not exist on type 'WebGLRenderer'.
src/spaces/promoteur/terrain3d/components/MassingRenderer.tsx(825,30): error TS2352: Conversion of type 'BuildingStyleOptions' to type 'Record<string, unknown>' may be a mistake because neither type sufficiently overlaps with the other. If this was intentional, convert the expression to 'unknown' first.
  Index signature for type 'string' is missing in type 'BuildingStyleOptions'.
src/spaces/promoteur/terrain3d/components/MassingRenderer.tsx(862,13): error TS2322: Type '{} | { enabled: boolean; type: BalconyType; depthM: number; thicknessM: number; guardrailHeightM: number; frequency: number; }' is not assignable to type 'BalconyConfig | undefined'.
  Type '{}' is missing the following properties from type 'BalconyConfig': enabled, type, depthM, thicknessM, guardrailHeightM
src/spaces/promoteur/terrain3d/components/MassingRenderer.tsx(862,54): error TS2352: Conversion of type 'BuildingStyleOptions' to type 'Record<string, unknown>' may be a mistake because neither type sufficiently overlaps with the other. If this was intentional, convert the expression to 'unknown' first.
  Index signature for type 'string' is missing in type 'BuildingStyleOptions'.
src/spaces/promoteur/terrain3d/components/MassingRenderer.tsx(870,13): error TS2322: Type '{} | { enabled: boolean; depthM: number; frequency: number; }' is not assignable to type 'LoggiaConfig | undefined'.
  Type '{}' is missing the following properties from type 'LoggiaConfig': enabled, depthM
src/spaces/promoteur/terrain3d/components/MassingRenderer.tsx(870,28): error TS2352: Conversion of type 'BuildingStyleOptions' to type 'Record<string, unknown>' may be a mistake because neither type sufficiently overlaps with the other. If this was intentional, convert the expression to 'unknown' first.
  Index signature for type 'string' is missing in type 'BuildingStyleOptions'.
src/spaces/promoteur/terrain3d/components/MassingRenderer.tsx(875,13): error TS2322: Type '{} | { enabled: boolean; type: ShadingDeviceType; openRatio: number; frequency: number; }' is not assignable to type 'ShadingConfig | undefined'.
  Type '{}' is missing the following properties from type 'ShadingConfig': enabled, type
src/spaces/promoteur/terrain3d/components/MassingRenderer.tsx(875,29): error TS2352: Conversion of type 'BuildingStyleOptions' to type 'Record<string, unknown>' may be a mistake because neither type sufficiently overlaps with the other. If this was intentional, convert the expression to 'unknown' first.
  Index signature for type 'string' is missing in type 'BuildingStyleOptions'.
src/spaces/promoteur/terrain3d/components/MassingRenderer.tsx(1019,69): error TS2345: Argument of type '"point"' is not assignable to parameter of type 'AnchorMode | undefined'.
src/spaces/promoteur/terrain3d/components/MassingRenderer.tsx(1030,69): error TS2345: Argument of type '"point"' is not assignable to parameter of type 'AnchorMode | undefined'.
src/spaces/promoteur/terrain3d/components/MassingRenderer.tsx(1061,48): error TS2345: Argument of type 'string' is not assignable to parameter of type 'TreeType | undefined'.
src/spaces/promoteur/terrain3d/components/MassingRenderer.tsx(1075,84): error TS2345: Argument of type '"point"' is not assignable to parameter of type 'AnchorMode | undefined'.
src/spaces/promoteur/terrain3d/components/MassingRenderer.tsx(1351,3): error TS6133: 'proj' is declared but its value is never read.
src/spaces/promoteur/terrain3d/components/ProjectVolumes.tsx(130,26): error TS7006: Parameter 'd' implicitly has an 'any' type.
src/spaces/promoteur/terrain3d/components/ProjectVolumes.tsx(130,29): error TS7006: Parameter 'j' implicitly has an 'any' type.
src/spaces/promoteur/terrain3d/components/SceneSvg3D.tsx(36,15): error TS2484: Export declaration conflicts with exported declaration of 'ReliefData'.
src/spaces/promoteur/terrain3d/components/SceneSvg3D.tsx(189,10): error TS6133: 'disposeMats' is declared but its value is never read.
src/spaces/promoteur/terrain3d/components/SceneSvg3D.tsx(535,87): error TS2454: Variable 'rafId' is used before being assigned.
src/spaces/promoteur/terrain3d/components/SceneSvg3D.tsx(649,16): error TS6133: 'cXp' is declared but its value is never read.
src/spaces/promoteur/terrain3d/facade/buildFacadeRenderSpec.ts(27,36): error TS2307: Cannot find module './facade2d.types' or its corresponding type declarations.
src/spaces/promoteur/terrain3d/facade/extractFootprintFrom2D.ts(42,8): error TS2307: Cannot find module '@/spaces/promoteur/plan2d/editor2d.store' or its corresponding type declarations.
src/spaces/promoteur/terrain3d/facade/extractFootprintFrom2D.ts(279,10): error TS6133: 'almostEqual' is declared but its value is never read.
src/spaces/promoteur/terrain3d/facade2d/buildFacade2DModel.ts(22,8): error TS6133: 'BayLayout' is declared but its value is never read.
src/spaces/promoteur/terrain3d/facade2d/buildFacade2DModel.ts(124,3): error TS2740: Type '{ stylePresetId: Facade2DStylePresetId; styleLabel: string; widthM: number; heightM: number; levelsCount: number; levelHeightM: number; baysCount: number; baseLevelHeightM: number; ... 11 more ...; theme: { ...; }; }' is missing the following properties from type 'Facade2DModel': hasColombages, hasShutters, hasEncadrements, hasLucarnes, and 4 more.
src/spaces/promoteur/terrain3d/facade2d/facade2d.presets.ts(38,7): error TS2740: Type '{ facade: string; facadeAccent: string; base: string; openingFill: string; openingStroke: string; frameFill: string; balconyFill: string; balconyStroke: string; roofFill: string; groundFill: string; ... 7 more ...; treeTrunk: string; }' is missing the following properties from type 'Facade2DPalette': colombageFill, encadrementFill, ferronnerieFill, bandeauFill, and 2 more.
src/spaces/promoteur/terrain3d/facade2d/facade2d.presets.ts(61,7): error TS2740: Type '{ facade: string; facadeAccent: string; base: string; openingFill: string; openingStroke: string; frameFill: string; balconyFill: string; balconyStroke: string; roofFill: string; groundFill: string; ... 7 more ...; treeTrunk: string; }' is missing the following properties from type 'Facade2DPalette': colombageFill, encadrementFill, ferronnerieFill, bandeauFill, and 2 more.
src/spaces/promoteur/terrain3d/facade2d/facade2d.presets.ts(84,7): error TS2740: Type '{ facade: string; facadeAccent: string; base: string; openingFill: string; openingStroke: string; frameFill: string; balconyFill: string; balconyStroke: string; roofFill: string; groundFill: string; ... 7 more ...; treeTrunk: string; }' is missing the following properties from type 'Facade2DPalette': colombageFill, encadrementFill, ferronnerieFill, bandeauFill, and 2 more.
src/spaces/promoteur/terrain3d/facade2d/facade2d.presets.ts(107,7): error TS2740: Type '{ facade: string; facadeAccent: string; base: string; openingFill: string; openingStroke: string; frameFill: string; balconyFill: string; balconyStroke: string; roofFill: string; groundFill: string; ... 7 more ...; treeTrunk: string; }' is missing the following properties from type 'Facade2DPalette': colombageFill, encadrementFill, ferronnerieFill, bandeauFill, and 2 more.
src/spaces/promoteur/terrain3d/facade2d/renderFacade2DSvg.tsx(317,30): error TS6133: 'vbW' is declared but its value is never read.
src/spaces/promoteur/terrain3d/facade2d/renderFacadePerspectiveSketch.tsx(4,23): error TS6196: 'Facade2DOpening' is declared but never used.
src/spaces/promoteur/terrain3d/facade2d/renderFacadePerspectiveSketch.tsx(84,43): error TS6133: 'roofKind' is declared but its value is never read.
src/spaces/promoteur/terrain3d/facade2d/renderFacadePerspectiveSketch.tsx(297,98): error TS6133: 'st' is declared but its value is never read.
src/spaces/promoteur/terrain3d/facade2d/renderFacadePerspectiveSketch.tsx(389,38): error TS6133: 'theme' is declared but its value is never read.
src/spaces/promoteur/terrain3d/facade2d/renderFacadePerspectiveSketch.tsx(502,15): error TS6133: 'canW2' is declared but its value is never read.
src/spaces/promoteur/terrain3d/facade2d/renderFacadePerspectiveSketch.tsx(671,42): error TS6133: 'dark' is declared but its value is never read.
src/spaces/promoteur/terrain3d/hooks/useProjectVolumes.ts(5,44): error TS6133: 'useMemo' is declared but its value is never read.
src/spaces/promoteur/terrain3d/hooks/useTerrainMesh.ts(5,44): error TS6133: 'useMemo' is declared but its value is never read.
src/spaces/promoteur/terrain3d/hooks/useTerrainMesh.ts(9,3): error TS6196: 'TerrainData' is declared but never used.
src/spaces/promoteur/terrain3d/massingBalconies.ts(261,3): error TS6133: 'group' is declared but its value is never read.
src/spaces/promoteur/terrain3d/massingBalconies.ts(268,3): error TS6133: 'bldId' is declared but its value is never read.
src/spaces/promoteur/terrain3d/massingBuildingAssembler.ts(16,1): error TS6133: 'Pt2D' is declared but its value is never read.
src/spaces/promoteur/terrain3d/massingBuildingAssembler.ts(27,10): error TS2305: Module '"./massingRoofEngine"' has no exported member 'buildRoofGeometry'.
src/spaces/promoteur/terrain3d/massingBuildingAssembler.ts(103,85): error TS2339: Property 'slice' does not exist on type 'ArrayLike<number>'.
src/spaces/promoteur/terrain3d/massingBuildingAssembler.ts(330,9): error TS2353: Object literal may only specify known properties, and 'topPts' does not exist in type 'RoofConfig'.
src/spaces/promoteur/terrain3d/massingBuildingAssembler.ts(627,29): error TS2339: Property 'roofType' does not exist on type 'RoofConfig'.
src/spaces/promoteur/terrain3d/massingFacadeDetails.ts(23,3): error TS6133: 'safeNumber' is declared but its value is never read.
src/spaces/promoteur/terrain3d/massingFacadeEngine.ts(226,7): error TS6133: 'ACCENT_PANEL_W' is declared but its value is never read.
src/spaces/promoteur/terrain3d/massingFacadeEngine.ts(227,7): error TS6133: 'ACCENT_PANEL_D' is declared but its value is never read.
src/spaces/promoteur/terrain3d/massingFacadeEngine.ts(228,7): error TS6133: 'ACCENT_PANEL_MARGIN' is declared but its value is never read.
src/spaces/promoteur/terrain3d/massingFacadeGrid.ts(127,38): error TS6133: 'totalFloors' is declared but its value is never read.
src/spaces/promoteur/terrain3d/massingFacadeGrid.ts(140,3): error TS6133: 'totalFloors' is declared but its value is never read.
src/spaces/promoteur/terrain3d/massingFacadeOpenings.ts(302,3): error TS6133: 'group' is declared but its value is never read.
src/spaces/promoteur/terrain3d/massingFacadeOpenings.ts(308,3): error TS6133: 'bldId' is declared but its value is never read.
src/spaces/promoteur/terrain3d/massingFacadeStyles.ts(478,3): error TS6133: 'totalFloors' is declared but its value is never read.
src/spaces/promoteur/terrain3d/massingGeometry.ts(15,1): error TS6133: 'polygonArea' is declared but its value is never read.
src/spaces/promoteur/terrain3d/massingRendererScene.ts(137,39): error TS2554: Expected 0 arguments, but got 2.
src/spaces/promoteur/terrain3d/massingRendererScene.ts(412,41): error TS2339: Property 'shadow' does not exist on type 'Light'.
src/spaces/promoteur/terrain3d/massingRendererScene.ts(412,60): error TS2339: Property 'shadow' does not exist on type 'Light'.
src/spaces/promoteur/terrain3d/massingRoofEngine.ts(174,23): error TS6133: 'uy' is declared but its value is never read.
src/spaces/promoteur/terrain3d/massingRoofEngine.ts(175,23): error TS6133: 'vy' is declared but its value is never read.
src/spaces/promoteur/terrain3d/massingScene.types.ts(3,42): error TS2307: Cannot find module './terrain3d/components/buildingBlenderSpec.types' or its corresponding type declarations.
src/spaces/promoteur/terrain3d/massingTerraceEngine.ts(7,48): error TS6133: 'centroid2D' is declared but its value is never read.
src/spaces/promoteur/terrain3d/renderCamera.helpers.ts(13,15): error TS2305: Module '"./buildingRenderMapper"' has no exported member 'ResolvedCamera'.
src/spaces/promoteur/terrain3d/services/earthworks.service.ts(35,5): error TS6133: 'projectFootprint' is declared but its value is never read.
src/spaces/promoteur/terrain3d/services/earthworks.service.ts(39,11): error TS6133: '_targetElevation' is declared but its value is never read.
src/spaces/promoteur/terrain3d/services/plan2dToMassing.mapper.ts(13,3): error TS6133: 'buildingLevelsFromArchitecture' is declared but its value is never read.
src/spaces/promoteur/terrain3d/services/slope.service.ts(8,36): error TS6133: 'radToDeg' is declared but its value is never read.
src/spaces/promoteur/terrain3d/services/terrainSampling.service.ts(7,3): error TS6196: 'TerrainGrid' is declared but never used.
src/spaces/promoteur/terrain3d/three/createTerrainGeometry.ts(5,28): error TS6196: 'Point3D' is declared but never used.
src/spaces/promoteur/terrain3d/three/createTerrainGeometry.ts(67,5): error TS6133: 'verticalExaggeration' is declared but its value is never read.
src/spaces/promoteur/terrain3d/three/createTerrainGeometry.ts(121,40): error TS6133: 'geometry' is declared but its value is never read.
src/spaces/promoteur/terrain3d/three/createVolumeGeometry.ts(147,39): error TS6133: 'geometry' is declared but its value is never read.
src/spaces/promoteur/terrain3d/three/postProcessing.ts(76,35): error TS2554: Expected 0 arguments, but got 2.
src/spaces/promoteur/terrain3d/types/earthworks.types.ts(5,33): error TS6196: 'MultiPolygon' is declared but never used.
src/spaces/promoteur/terrain3d/types/earthworks.types.ts(6,24): error TS6196: 'TerrainGrid' is declared but never used.
src/spaces/promoteur/terrain3d/useMassingEditor.ts(40,22): error TS2353: Object literal may only specify known properties, and 'meta' does not exist in type 'MassingSceneModel'.
src/spaces/promoteur/terrain3d/useMassingEditor.ts(169,10): error TS2678: Type '"MOVE_BUILDING"' is not comparable to type '"SET_TOOL" | "SELECT" | "HOVER" | "ADD_BUILDING" | "DELETE_BUILDING" | "DUPLICATE_BUILDING" | "UPDATE_BUILDING" | "UPDATE_LEVELS" | "UPDATE_TRANSFORM" | "UPDATE_STYLE" | "UPDATE_ARCHITECTURE" | "SET_SCENE" | "ADD_OBJECT" | "DELETE_OBJECT" | "MARK_CLEAN"'.
src/spaces/promoteur/terrain3d/useMassingEditor.ts(173,31): error TS2339: Property 'id' does not exist on type 'never'.
src/spaces/promoteur/terrain3d/useMassingEditor.ts(187,10): error TS2678: Type '"ROTATE_BUILDING"' is not comparable to type '"SET_TOOL" | "SELECT" | "HOVER" | "ADD_BUILDING" | "DELETE_BUILDING" | "DUPLICATE_BUILDING" | "UPDATE_BUILDING" | "UPDATE_LEVELS" | "UPDATE_TRANSFORM" | "UPDATE_STYLE" | "UPDATE_ARCHITECTURE" | "SET_SCENE" | "ADD_OBJECT" | "DELETE_OBJECT" | "MARK_CLEAN"'.
src/spaces/promoteur/terrain3d/useMassingEditor.ts(191,31): error TS2339: Property 'id' does not exist on type 'never'.
src/spaces/promoteur/terrain3d/useMassingEditor.ts(226,10): error TS2678: Type '"UNDO"' is not comparable to type '"SET_TOOL" | "SELECT" | "HOVER" | "ADD_BUILDING" | "DELETE_BUILDING" | "DUPLICATE_BUILDING" | "UPDATE_BUILDING" | "UPDATE_LEVELS" | "UPDATE_TRANSFORM" | "UPDATE_STYLE" | "UPDATE_ARCHITECTURE" | "SET_SCENE" | "ADD_OBJECT" | "DELETE_OBJECT" | "MARK_CLEAN"'.
src/spaces/promoteur/terrain3d/useMassingEditor.ts(233,10): error TS2678: Type '"REDO"' is not comparable to type '"SET_TOOL" | "SELECT" | "HOVER" | "ADD_BUILDING" | "DELETE_BUILDING" | "DUPLICATE_BUILDING" | "UPDATE_BUILDING" | "UPDATE_LEVELS" | "UPDATE_TRANSFORM" | "UPDATE_STYLE" | "UPDATE_ARCHITECTURE" | "SET_SCENE" | "ADD_OBJECT" | "DELETE_OBJECT" | "MARK_CLEAN"'.
src/spaces/promoteur/terrain3d/useMassingEditor.ts(239,10): error TS2678: Type '"REPLACE_SCENE"' is not comparable to type '"SET_TOOL" | "SELECT" | "HOVER" | "ADD_BUILDING" | "DELETE_BUILDING" | "DUPLICATE_BUILDING" | "UPDATE_BUILDING" | "UPDATE_LEVELS" | "UPDATE_TRANSFORM" | "UPDATE_STYLE" | "UPDATE_ARCHITECTURE" | "SET_SCENE" | "ADD_OBJECT" | "DELETE_OBJECT" | "MARK_CLEAN"'.
src/spaces/promoteur/terrain3d/useMassingEditor.ts(242,23): error TS2339: Property 'scene' does not exist on type 'never'.
src/spaces/rehabilitation/components/PlanOverlayViewer.tsx(12,34): error TS6133: 'useState' is declared but its value is never read.
src/spaces/rehabilitation/components/PlanVectorCanvas.tsx(93,38): error TS6133: 'overlayState' is declared but its value is never read.
src/spaces/rehabilitation/components/SelectedElementPanel.tsx(51,7): error TS6133: 'TEXT_LABEL' is declared but its value is never read.
src/spaces/rehabilitation/components/SelectedElementPanel.tsx(200,17): error TS6133: 'accent' is declared but its value is never read.
src/spaces/rehabilitation/components/WallEditorPanel.tsx(174,13): error TS6133: 'newForm' is declared but its value is never read.
src/spaces/rehabilitation/pages/AnalysePlanPage.tsx(105,17): error TS2352: Conversion of type 'PlanAnalysisResult' to type 'Record<string, unknown>' may be a mistake because neither type sufficiently overlaps with the other. If this was intentional, convert the expression to 'unknown' first.
  Index signature for type 'string' is missing in type 'PlanAnalysisResult'.
src/spaces/rehabilitation/pages/AnalysePlanPage.tsx(224,21): error TS2352: Conversion of type 'PlanIssue' to type 'Record<string, unknown>' may be a mistake because neither type sufficiently overlaps with the other. If this was intentional, convert the expression to 'unknown' first.
  Index signature for type 'string' is missing in type 'PlanIssue'.
src/spaces/rehabilitation/pages/AnalysePlanPage.tsx(253,16): error TS2352: Conversion of type 'PlanAnalysisResult' to type 'Record<string, unknown>' may be a mistake because neither type sufficiently overlaps with the other. If this was intentional, convert the expression to 'unknown' first.
  Index signature for type 'string' is missing in type 'PlanAnalysisResult'.
src/spaces/rehabilitation/pages/AnalysePlanPage.tsx(764,15): error TS2352: Conversion of type 'PlanAnalysisResult' to type 'Record<string, unknown>' may be a mistake because neither type sufficiently overlaps with the other. If this was intentional, convert the expression to 'unknown' first.
  Index signature for type 'string' is missing in type 'PlanAnalysisResult'.
src/spaces/rehabilitation/pages/AnalysePlanPage.tsx(798,16): error TS2352: Conversion of type 'PlanAnalysisResult' to type 'Record<string, unknown>' may be a mistake because neither type sufficiently overlaps with the other. If this was intentional, convert the expression to 'unknown' first.
  Index signature for type 'string' is missing in type 'PlanAnalysisResult'.
src/spaces/rehabilitation/pages/AnalysePlanPage.tsx(830,16): error TS2352: Conversion of type 'PlanAnalysisResult' to type 'Record<string, unknown>' may be a mistake because neither type sufficiently overlaps with the other. If this was intentional, convert the expression to 'unknown' first.
  Index signature for type 'string' is missing in type 'PlanAnalysisResult'.
src/spaces/rehabilitation/pages/AnalysePlanPage.tsx(855,15): error TS2352: Conversion of type 'PlanAnalysisResult' to type 'Record<string, unknown>' may be a mistake because neither type sufficiently overlaps with the other. If this was intentional, convert the expression to 'unknown' first.
  Index signature for type 'string' is missing in type 'PlanAnalysisResult'.
src/spaces/rehabilitation/pages/AnalysePlanPage.tsx(1063,23): error TS2352: Conversion of type 'PlanAnalysisResult' to type 'Record<string, unknown>' may be a mistake because neither type sufficiently overlaps with the other. If this was intentional, convert the expression to 'unknown' first.
  Index signature for type 'string' is missing in type 'PlanAnalysisResult'.
src/spaces/rehabilitation/pages/AnalysePlanPage.tsx(1154,9): error TS2739: Type 'PipelineCalibration' is missing the following properties from type 'PlanCalibration': confidence, imageWidthPx, imageHeightPx, envelopeSurfaceM2
src/spaces/rehabilitation/pages/AnalysePlanPage.tsx(1174,21): error TS2345: Argument of type '(s: PlanOverlaySnapshot) => { sourceImage: { dataUrl: string | null; filename: string; mimeType: string; widthPx: number; heightPx: number; }; metadata: PlanMetadata; ... 9 more ...; layerVisibility: LayerVisibility; }' is not assignable to parameter of type '(snap: PlanOverlaySnapshot) => PlanOverlaySnapshot'.
  Call signature return types '{ sourceImage: { dataUrl: string | null; filename: string; mimeType: string; widthPx: number; heightPx: number; }; metadata: PlanMetadata; calibration: PipelineCalibration; ... 8 more ...; layerVisibility: LayerVisibility; }' and 'PlanOverlaySnapshot' are incompatible.
    The types of 'calibration' are incompatible between these types.
      Type 'PipelineCalibration' is missing the following properties from type 'PlanCalibration': confidence, imageWidthPx, imageHeightPx, envelopeSurfaceM2
src/spaces/rehabilitation/pages/AnalysePlanPage.tsx(1453,45): error TS2352: Conversion of type 'PlanIssue' to type 'Record<string, unknown>' may be a mistake because neither type sufficiently overlaps with the other. If this was intentional, convert the expression to 'unknown' first.
  Index signature for type 'string' is missing in type 'PlanIssue'.
src/spaces/rehabilitation/pages/AnalysePlanPage.tsx(1455,58): error TS2352: Conversion of type 'PlanIssue' to type 'Record<string, unknown>' may be a mistake because neither type sufficiently overlaps with the other. If this was intentional, convert the expression to 'unknown' first.
  Index signature for type 'string' is missing in type 'PlanIssue'.
src/spaces/rehabilitation/pages/AuditPage.tsx(11,11): error TS6133: 'Calendar' is declared but its value is never read.
src/spaces/rehabilitation/pages/AuditPage.tsx(12,58): error TS6133: 'RefreshCcw' is declared but its value is never read.
src/spaces/rehabilitation/pages/ConformitePage.tsx(646,51): error TS2345: Argument of type '(this: undefined, lot: GeneratedWorkLot) => { nom: string; min: number; max: number; calcMode: "per_m2"; }[] | { nom: string; min: number; max: number; calcMode: "flat"; }[]' is not assignable to parameter of type '(this: undefined, value: GeneratedWorkLot, index: number, array: GeneratedWorkLot[]) => { nom: string; min: number; max: number; calcMode: "per_m2"; } | readonly { ...; }[]'.
  Type '{ nom: string; min: number; max: number; calcMode: "per_m2"; }[] | { nom: string; min: number; max: number; calcMode: "flat"; }[]' is not assignable to type '{ nom: string; min: number; max: number; calcMode: "per_m2"; } | readonly { nom: string; min: number; max: number; calcMode: "per_m2"; }[]'.
    Type '{ nom: string; min: number; max: number; calcMode: "flat"; }[]' is not assignable to type '{ nom: string; min: number; max: number; calcMode: "per_m2"; } | readonly { nom: string; min: number; max: number; calcMode: "per_m2"; }[]'.
      Type '{ nom: string; min: number; max: number; calcMode: "flat"; }[]' is not assignable to type 'readonly { nom: string; min: number; max: number; calcMode: "per_m2"; }[]'.
        Type '{ nom: string; min: number; max: number; calcMode: "flat"; }' is not assignable to type '{ nom: string; min: number; max: number; calcMode: "per_m2"; }'.
          Types of property 'calcMode' are incompatible.
            Type '"flat"' is not assignable to type '"per_m2"'.
src/spaces/rehabilitation/pages/ProjetsPage.tsx(834,10): error TS6133: 'StatPill' is declared but its value is never read.
src/spaces/rehabilitation/pages/SyntheseAuditPage.tsx(7,27): error TS6133: 'Sparkles' is declared but its value is never read.
src/spaces/rehabilitation/pages/SyntheseAuditPage.tsx(54,10): error TS6133: 'Card' is declared but its value is never read.
src/spaces/rehabilitation/pages/SyntheseAuditPage.tsx(79,10): error TS6133: 'Pill' is declared but its value is never read.
src/spaces/rehabilitation/pages/TravauxPage.tsx(60,10): error TS7053: Element implicitly has an 'any' type because expression of type 'TravauxRange' can't be used to index type 'PricingMeta'.
  Property 'standard' does not exist on type 'PricingMeta'.
src/spaces/rehabilitation/pages/TravauxPage.tsx(546,33): error TS6133: 'totalWithBuffer' is declared but its value is never read.
src/spaces/rehabilitation/pages/TravauxPage.tsx(1021,21): error TS2322: Type '{ lots: ComputedLot[]; total: number; bufferPct: number; bufferAmount: number; totalWithBuffer: number; costPerM2: number | null; complexityCoef: number; disabledLots: Set<string>; onToggleLot: (code: string) => void; }' is not assignable to type 'IntrinsicAttributes & { lots: ComputedLot[]; total: number; bufferPct: number; totalWithBuffer: number; costPerM2: number | null; complexityCoef: number; disabledLots: Set<...>; onToggleLot: (code: string) => void; }'.
  Property 'bufferAmount' does not exist on type 'IntrinsicAttributes & { lots: ComputedLot[]; total: number; bufferPct: number; totalWithBuffer: number; costPerM2: number | null; complexityCoef: number; disabledLots: Set<...>; onToggleLot: (code: string) => void; }'.
src/spaces/rehabilitation/plan-reader/planTranscriptionStore.ts(107,47): error TS6133: 'fileName' is declared but its value is never read.
src/spaces/rehabilitation/plan-reader/planValidationEngine.ts(82,5): error TS2554: Expected 3 arguments, but got 4.
src/spaces/rehabilitation/services/analyzePlanReal.ts(6,26): error TS2307: Cannot find module '@/lib/supabaseClient' or its corresponding type declarations.
src/spaces/rehabilitation/services/analyzePlanReal.ts(349,5): error TS2322: Type '{ id: string; category: string; severity: "a_verifier" | "conforme" | "non_conforme"; evidenceLevel: "detected" | "to_confirm" | "not_verifiable" | "regulatory_assumption"; confidence: "forte" | ... 1 more ... | "moyenne"; title: string; description: string; planZone: string | undefined; regulatoryRef: string | unde...' is not assignable to type 'PlanIssue[]'.
  Type '{ id: string; category: string; severity: "a_verifier" | "conforme" | "non_conforme"; evidenceLevel: "detected" | "to_confirm" | "not_verifiable" | "regulatory_assumption"; confidence: "forte" | ... 1 more ... | "moyenne"; title: string; description: string; planZone: string | undefined; regulatoryRef: string | unde...' is not assignable to type 'PlanIssue'.
    Types of property 'category' are incompatible.
      Type 'string' is not assignable to type 'IssueCategory'.
src/spaces/rehabilitation/services/analyzePlanReal.ts(350,5): error TS2322: Type '{ id: string; priority: "urgente" | "importante" | "recommandee"; title: string; description: string; estimatedCost: { min: number; max: number; unit: "Ôé¼"; } | undefined; }[]' is not assignable to type 'PlanRecommendation[]'.
  Property 'relatedIssueIds' is missing in type '{ id: string; priority: "urgente" | "importante" | "recommandee"; title: string; description: string; estimatedCost: { min: number; max: number; unit: "Ôé¼"; } | undefined; }' but required in type 'PlanRecommendation'.
src/spaces/rehabilitation/services/analyzePlanReal.ts(352,5): error TS2741: Property 'confidence' is missing in type '{ version: string; mode: string; model: string; processingTimeMs: number; }' but required in type 'AnalysisEngineMeta'.
src/spaces/rehabilitation/services/exportPlanToDxf.ts(325,11): error TS6133: 'stats' is declared but its value is never read.
src/spaces/shared/pages/knowledge-graph/KnowledgeGraphPage.tsx(16,45): error TS2307: Cannot find module '@/services/knowledgeGraph/knowledgeGraph.providers' or its corresponding type declarations.
src/spaces/shared/pages/knowledge-graph/KnowledgeGraphPage.tsx(17,53): error TS2307: Cannot find module '@/services/knowledgeGraph' or its corresponding type declarations.
src/spaces/shared/pages/knowledge-graph/KnowledgeGraphPage.tsx(207,39): error TS7006: Parameter 'sig' implicitly has an 'any' type.
src/spaces/shared/pages/knowledge-graph/KnowledgeGraphPage.tsx(207,44): error TS7006: Parameter 'i' implicitly has an 'any' type.
src/spaces/shared/pages/knowledge-graph/KnowledgeGraphPage.tsx(233,33): error TS7006: Parameter 'c' implicitly has an 'any' type.
src/spaces/shared/pages/knowledge-graph/KnowledgeGraphPage.tsx(233,36): error TS7006: Parameter 'i' implicitly has an 'any' type.
src/spaces/shared/pages/knowledge-graph/KnowledgeGraphPage.tsx(280,38): error TS7006: Parameter 'reason' implicitly has an 'any' type.
src/spaces/shared/pages/knowledge-graph/KnowledgeGraphPage.tsx(280,46): error TS7006: Parameter 'i' implicitly has an 'any' type.
src/spaces/shared/pages/opportunities/OpportunitesHubPage.tsx(11,36): error TS2307: Cannot find module '@/spaces/shared/pages/veille/OpportunityWatchesPage' or its corresponding type declarations.
src/spaces/shared/pages/opportunities/OpportunitesHubPage.tsx(12,29): error TS2307: Cannot find module '@/services/opportunity/opportunityWatch.service' or its corresponding type declarations.
src/spaces/shared/pages/opportunities/OpportunitiesPage.tsx(13,8): error TS2307: Cannot find module '@/services/opportunity/useOpportunityEngine' or its corresponding type declarations.
src/spaces/shared/pages/opportunities/OpportunitiesPage.tsx(20,8): error TS2307: Cannot find module '@/services/opportunity/opportunityEngine.types' or its corresponding type declarations.
src/spaces/shared/pages/opportunities/OpportunitiesPage.tsx(25,8): error TS2307: Cannot find module '@/services/opportunity/opportunityScanner.service' or its corresponding type declarations.
src/spaces/shared/pages/opportunities/OpportunitiesPage.tsx(26,39): error TS2307: Cannot find module '@/lib/admin' or its corresponding type declarations.
src/spaces/shared/pages/opportunities/OpportunitiesPage.tsx(27,29): error TS2307: Cannot find module '@/services/opportunity/opportunityWatch.service' or its corresponding type declarations.
src/spaces/shared/pages/opportunities/OpportunitiesPage.tsx(183,51): error TS7006: Parameter 'r' implicitly has an 'any' type.
src/spaces/shared/pages/opportunities/OpportunitiesPage.tsx(183,54): error TS7006: Parameter 'i' implicitly has an 'any' type.
src/spaces/shared/pages/opportunities/OpportunitiesPage.tsx(193,34): error TS7006: Parameter 'p' implicitly has an 'any' type.
src/spaces/shared/pages/opportunities/OpportunitiesPage.tsx(223,36): error TS7006: Parameter 's' implicitly has an 'any' type.
src/spaces/shared/pages/opportunities/OpportunitiesPage.tsx(246,38): error TS7006: Parameter 'r' implicitly has an 'any' type.
src/spaces/shared/pages/opportunities/OpportunitiesPage.tsx(311,51): error TS7006: Parameter 's' implicitly has an 'any' type.
src/spaces/shared/pages/opportunities/OpportunitiesPage.tsx(311,54): error TS7006: Parameter 'i' implicitly has an 'any' type.
src/spaces/shared/pages/quick-analysis/useQuickAnalysisData.ts(7,26): error TS2307: Cannot find module '@/lib/supabaseClient' or its corresponding type declarations.
src/spaces/shared/pages/quick-analysis/useQuickAnalysisData.ts(11,8): error TS2307: Cannot find module '@/lib/dvfEstimateApi' or its corresponding type declarations.
src/spaces/shared/pages/quick-analysis/useQuickAnalysisData.ts(12,55): error TS2307: Cannot find module '../../valuation/valuation.types' or its corresponding type declarations.
src/spaces/shared/pages/quick-analysis/useQuickAnalysisData.ts(216,18): error TS7006: Parameter 'c' implicitly has an 'any' type.
src/spaces/shared/pages/quick-analysis/useQuickAnalysisData.ts(218,15): error TS7006: Parameter 'c' implicitly has an 'any' type.
src/spaces/shared/pages/quick-analysis/useValuationEngine.ts(6,26): error TS2307: Cannot find module '@/lib/supabaseClient' or its corresponding type declarations.
src/spaces/shared/pages/quick-analysis/useValuationEngine.ts(233,3): error TS6133: 'communeInsee' is declared but its value is never read.
src/spaces/shared/pages/quick-analysis/useValuationEngine.ts(234,3): error TS6133: 'lat' is declared but its value is never read.
src/spaces/shared/pages/quick-analysis/useValuationEngine.ts(235,3): error TS6133: 'lng' is declared but its value is never read.
src/spaces/shared/pages/veille/OpportunityWatchesPage.tsx(31,8): error TS2307: Cannot find module '@/services/opportunity/opportunityWatch.service' or its corresponding type declarations.
src/spaces/shared/pages/veille/OpportunityWatchesPage.tsx(32,64): error TS2307: Cannot find module '@/services/opportunity/opportunityEngine.types' or its corresponding type declarations.
src/spaces/sourcing/forms/SourcingForm.tsx(356,3): error TS6133: 'initialData' is declared but its value is never read.
src/spaces/sourcing/pages/QualificationPage.tsx(92,9): error TS6133: 'snapshot' is declared but its value is never read.
src/spaces/sourcing/pages/SourcingHomePage.tsx(620,7): error TS6133: 'GRAD_BANNER' is declared but its value is never read.
src/spaces/sourcing/pages/SourcingHomePage.tsx(1943,27): error TS2339: Property 'nbPieces' does not exist on type 'SourcingItemDraft'.
src/spaces/sourcing/pages/SourcingHomePage.tsx(1943,56): error TS2339: Property 'etatGeneral' does not exist on type 'SourcingItemDraft'.
src/spaces/sourcing/pages/SourcingHomePage.tsx(1943,80): error TS2339: Property 'dpe' does not exist on type 'SourcingItemDraft'.
src/spaces/sourcing/pages/SourcingHomePage.tsx(1944,28): error TS2339: Property 'ascenseur' does not exist on type 'SourcingItemDraft'.
src/spaces/sourcing/pages/SourcingHomePage.tsx(1944,53): error TS2339: Property 'balcon' does not exist on type 'SourcingItemDraft'.
src/spaces/sourcing/pages/SourcingHomePage.tsx(1944,77): error TS2339: Property 'terrasse' does not exist on type 'SourcingItemDraft'.
src/spaces/sourcing/pages/SourcingHomePage.tsx(1945,23): error TS2339: Property 'cave' does not exist on type 'SourcingItemDraft'.
src/spaces/sourcing/pages/SourcingHomePage.tsx(1945,44): error TS2339: Property 'parking' does not exist on type 'SourcingItemDraft'.
src/spaces/sourcing/pages/SourcingHomePage.tsx(1945,67): error TS2339: Property 'jardin' does not exist on type 'SourcingItemDraft'.
src/spaces/sourcing/pages/SourcingHomePage.tsx(1945,89): error TS2339: Property 'garage' does not exist on type 'SourcingItemDraft'.
src/spaces/sourcing/pages/SourcingHomePage.tsx(1981,89): error TS2339: Property 'nom' does not exist on type 'SourcingQuartierInput'.
src/spaces/sourcing/pages/SourcingHomePage.tsx(2003,54): error TS2554: Expected 1 arguments, but got 2.
src/spaces/sourcing/pages/SourcingHomePage.tsx(2261,94): error TS2322: Type '(form: FormState) => void' is not assignable to type '(form: import("C:/Users/maigr/OneDrive/Bureau/mimmoza-front-v2/src/spaces/sourcing/forms/SourcingForm").FormState) => void'.
  Types of parameters 'form' and 'form' are incompatible.
    Type 'import("C:/Users/maigr/OneDrive/Bureau/mimmoza-front-v2/src/spaces/sourcing/forms/SourcingForm").FormState' is not assignable to type 'FormState'.
      Index signature for type 'string' is missing in type 'FormState'.
src/spaces/sourcing/pages/SourcingHomePage.tsx(2261,126): error TS2322: Type 'FormState | undefined' is not assignable to type 'Partial<FormState> | undefined'.
  Type 'FormState' is not assignable to type 'Partial<FormState>'.
    Types of property 'propertyType' are incompatible.
      Type 'string' is not assignable to type '"" | PropertyType | undefined'.
src/supabaseFunctions.ts(14,5): error TS2322: Type 'TInput' is not assignable to type 'string | Record<string, any> | ArrayBuffer | Blob | FormData | File | ReadableStream<Uint8Array<ArrayBufferLike>> | undefined'.
  Type 'TInput' is not assignable to type 'ReadableStream<Uint8Array<ArrayBufferLike>>'.
src/terrain3d/massingArchitectureEngine.ts(12,8): error TS2307: Cannot find module './massingScene.types' or its corresponding type declarations.
src/terrain3d/massingArchitectureGeometry.ts(10,8): error TS2307: Cannot find module './massingScene.types' or its corresponding type declarations.
